Archive member included to satisfy reference by file (symbol)

c:/program files/microchip/xc32/v4.10/bin/bin/../../lib/gcc/pic32c/8.3.1/arm/v5te/nofp\libgcc.a(_udivsi3.o)
                              build/sam_9x60_ek_poll/debug/_ext/912969483/plib_dbgu.o (__aeabi_uidiv)
c:/program files/microchip/xc32/v4.10/bin/bin/../../lib/gcc/pic32c/8.3.1/arm/v5te/nofp\libgcc.a(_divsi3.o)
                              build/sam_9x60_ek_poll/debug/_ext/1414961624/sys_time.o (__aeabi_idiv)
c:/program files/microchip/xc32/v4.10/bin/bin/../../lib/gcc/pic32c/8.3.1/arm/v5te/nofp\libgcc.a(_dvmd_tls.o)
                              c:/program files/microchip/xc32/v4.10/bin/bin/../../lib/gcc/pic32c/8.3.1/arm/v5te/nofp\libgcc.a(_udivsi3.o) (__aeabi_idiv0)
c:/program files/microchip/xc32/v4.10/bin/bin/../../lib/gcc/pic32c/8.3.1/arm/v5te/nofp\libgcc.a(_aeabi_uldivmod.o)
                              build/sam_9x60_ek_poll/debug/_ext/1414961624/sys_time.o (__aeabi_uldivmod)
c:/program files/microchip/xc32/v4.10/bin/bin/../../lib/gcc/pic32c/8.3.1/arm/v5te/nofp\libgcc.a(_udivmoddi4.o)
                              c:/program files/microchip/xc32/v4.10/bin/bin/../../lib/gcc/pic32c/8.3.1/arm/v5te/nofp\libgcc.a(_aeabi_uldivmod.o) (__udivmoddi4)
c:/program files/microchip/xc32/v4.10/bin/bin/../../lib/gcc/pic32c/8.3.1/../../../../pic32c/lib/arm/v5te/nofp\libg-musl.a(__libc_start_main.o)
                              build/sam_9x60_ek_poll/debug/_ext/1119546267/cstartup.o (__libc_init_array)
c:/program files/microchip/xc32/v4.10/bin/bin/../../lib/gcc/pic32c/8.3.1/../../../../pic32c/lib/arm/v5te/nofp\libg-musl.a(libc.o)
                              c:/program files/microchip/xc32/v4.10/bin/bin/../../lib/gcc/pic32c/8.3.1/../../../../pic32c/lib/arm/v5te/nofp\libg-musl.a(__libc_start_main.o) (__progname_full)
c:/program files/microchip/xc32/v4.10/bin/bin/../../lib/gcc/pic32c/8.3.1/../../../../pic32c/lib/arm/v5te/nofp\libg-musl.a(stdin.o)
                              build/sam_9x60_ek_poll/debug/_ext/1119546267/initialization.o (_stdin)
c:/program files/microchip/xc32/v4.10/bin/bin/../../lib/gcc/pic32c/8.3.1/../../../../pic32c/lib/arm/v5te/nofp\libg-musl.a(stdout.o)
                              build/sam_9x60_ek_poll/debug/_ext/1119546267/initialization.o (_stdout)
c:/program files/microchip/xc32/v4.10/bin/bin/../../lib/gcc/pic32c/8.3.1/../../../../pic32c/lib/arm/v5te/nofp\libg-musl.a(printf.o)
                              build/sam_9x60_ek_poll/debug/_ext/1360937237/app.o (printf)
c:/program files/microchip/xc32/v4.10/bin/bin/../../lib/gcc/pic32c/8.3.1/../../../../pic32c/lib/arm/v5te/nofp\libg-musl.a(puts.o)
                              build/sam_9x60_ek_poll/debug/_ext/1360937237/app.o (puts)
c:/program files/microchip/xc32/v4.10/bin/bin/../../lib/gcc/pic32c/8.3.1/../../../../pic32c/lib/arm/v5te/nofp\libg-musl.a(setbuf.o)
                              build/sam_9x60_ek_poll/debug/_ext/1119546267/initialization.o (setbuf)
c:/program files/microchip/xc32/v4.10/bin/bin/../../lib/gcc/pic32c/8.3.1/../../../../pic32c/lib/arm/v5te/nofp\libg-musl.a(memset.o)
                              build/sam_9x60_ek_poll/debug/_ext/1414961624/sys_time.o (memset)
c:/program files/microchip/xc32/v4.10/bin/bin/../../lib/gcc/pic32c/8.3.1/../../../../pic32c/lib/arm/v5te/nofp\libg-musl.a(__environ.o)
                              c:/program files/microchip/xc32/v4.10/bin/bin/../../lib/gcc/pic32c/8.3.1/../../../../pic32c/lib/arm/v5te/nofp\libg-musl.a(__libc_start_main.o) (__environ)
c:/program files/microchip/xc32/v4.10/bin/bin/../../lib/gcc/pic32c/8.3.1/../../../../pic32c/lib/arm/v5te/nofp\libg-musl.a(fputs.o)
                              c:/program files/microchip/xc32/v4.10/bin/bin/../../lib/gcc/pic32c/8.3.1/../../../../pic32c/lib/arm/v5te/nofp\libg-musl.a(puts.o) (fputs)
c:/program files/microchip/xc32/v4.10/bin/bin/../../lib/gcc/pic32c/8.3.1/../../../../pic32c/lib/arm/v5te/nofp\libg-musl.a(__io_init_needed.o)
                              c:/program files/microchip/xc32/v4.10/bin/bin/../../lib/gcc/pic32c/8.3.1/../../../../pic32c/lib/arm/v5te/nofp\libg-musl.a(stdout.o) (__io_init_needed)
c:/program files/microchip/xc32/v4.10/bin/bin/../../lib/gcc/pic32c/8.3.1/../../../../pic32c/lib/arm/v5te/nofp\libg-musl.a(__io_rw_needed.o)
                              c:/program files/microchip/xc32/v4.10/bin/bin/../../lib/gcc/pic32c/8.3.1/../../../../pic32c/lib/arm/v5te/nofp\libg-musl.a(stdin.o) (__io_rw_needed)
c:/program files/microchip/xc32/v4.10/bin/bin/../../lib/gcc/pic32c/8.3.1/../../../../pic32c/lib/arm/v5te/nofp\libg-musl.a(__stdio_read.o)
                              c:/program files/microchip/xc32/v4.10/bin/bin/../../lib/gcc/pic32c/8.3.1/../../../../pic32c/lib/arm/v5te/nofp\libg-musl.a(stdin.o) (__stdio_read)
c:/program files/microchip/xc32/v4.10/bin/bin/../../lib/gcc/pic32c/8.3.1/../../../../pic32c/lib/arm/v5te/nofp\libg-musl.a(__towrite_rw.o)
[...]
Memory Configuration

Name             Origin             Length             Attributes
sram             0x00300000         0x00010000         xw
ram              0x21000000         0x0f000000         xwl !r
ram_nocache      0x20000000         0x01000000         !xrw
rom              0x00000000         0x00000000         xrl
*default*        0x00000000         0xffffffff

Linker script and memory map

LOAD c:/program files/microchip/xc32/v4.10/bin/bin/../../lib/gcc/pic32c/8.3.1/arm/v5te/nofp/crti.o
LOAD c:/program files/microchip/xc32/v4.10/bin/bin/../../lib/gcc/pic32c/8.3.1/arm/v5te/nofp/crtbegin.o
LOAD build/sam_9x60_ek_poll/debug/_ext/1304349291/bsp.o
LOAD build/sam_9x60_ek_poll/debug/_ext/812858308/plib_classd.o
LOAD build/sam_9x60_ek_poll/debug/_ext/1360937237/main.o
LOAD build/sam_9x60_ek_poll/debug/_ext/1119546267/initialization.o
LOAD build/sam_9x60_ek_poll/debug/_ext/1119546267/interrupts.o
LOAD build/sam_9x60_ek_poll/debug/_ext/666503263/xc32_monitor.o
LOAD build/sam_9x60_ek_poll/debug/_ext/247653036/plib_mmu.o
LOAD build/sam_9x60_ek_poll/debug/_ext/247643385/plib_clk.o
LOAD build/sam_9x60_ek_poll/debug/_ext/247655789/plib_pio.o
LOAD build/sam_9x60_ek_poll/debug/_ext/247641362/plib_aic.o
LOAD build/sam_9x60_ek_poll/debug/_ext/1119546267/cstartup.o
LOAD build/sam_9x60_ek_poll/debug/_ext/1119546267/fault_handlers.o
LOAD build/sam_9x60_ek_poll/debug/_ext/1254915000/plib_tc0.o
LOAD build/sam_9x60_ek_poll/debug/_ext/912969483/plib_dbgu.o
LOAD build/sam_9x60_ek_poll/debug/_ext/2069146318/sys_int.o
LOAD build/sam_9x60_ek_poll/debug/_ext/1916636916/sys_cache.o
LOAD build/sam_9x60_ek_poll/debug/_ext/1360937237/app.o
LOAD build/sam_9x60_ek_poll/debug/_ext/1119546267/tasks.o
LOAD build/sam_9x60_ek_poll/debug/_ext/1414961624/sys_time.o
                0x00000001                __MPLAB_BUILD = 0x1
                0x00001000                C_STACK_SIZE = 0x1000
                0x00000060                IRQ_STACK_SIZE = 0x60
                0x00000060                FIQ_STACK_SIZE = 0x60
                0x00001000                SVC_STACK_SIZE = 0x1000
                0x00000040                ABT_STACK_SIZE = 0x40
                0x00000040                UND_STACK_SIZE = 0x40

.text           0x23f00000     0x5df4
                0x23f00000                . = ALIGN (0x4)
                [!provide]                PROVIDE (_sfixed = .)
 *(.textEntry)
 .textEntry     0x23f00000      0x10c build/sam_9x60_ek_poll/debug/_ext/1119546267/cstartup.o
                0x23f00000                entry
 *(.text .text.* .gnu.linkonce.t.*)
 .text          0x23f0010c       0x70 c:/program files/microchip/xc32/v4.10/bin/bin/../../lib/gcc/pic32c/8.3.1/arm/v5te/nofp/crtbegin.o
 .text.BSP_Initialize
                0x23f0017c       0x20 build/sam_9x60_ek_poll/debug/_ext/1304349291/bsp.o
                0x23f0017c                BSP_Initialize
 .text.CLASSD_Transfer
                0x23f0019c       0x28 build/sam_9x60_ek_poll/debug/_ext/812858308/plib_classd.o
                0x23f0019c                CLASSD_Transfer
 .text.CLASSD_AttenuationSet
                0x23f001c4       0x40 build/sam_9x60_ek_poll/debug/_ext/812858308/plib_classd.o
                0x23f001c4                CLASSD_AttenuationSet
 .text.CLASSD_Initialize
                0x23f00204       0x78 build/sam_9x60_ek_poll/debug/_ext/812858308/plib_classd.o
                0x23f00204                CLASSD_Initialize
 .text.main     0x23f0027c       0x14 build/sam_9x60_ek_poll/debug/_ext/1360937237/main.o
                0x23f0027c                main
 .text.SYS_Initialize
                0x23f00290       0xec build/sam_9x60_ek_poll/debug/_ext/1119546267/initialization.o
                0x23f00290                SYS_Initialize
 .text.SYSC_SharedHandler
                0x23f0037c        0x4 build/sam_9x60_ek_poll/debug/_ext/1119546267/interrupts.o
                0x23f0037c                SYSC_SharedHandler
 .text.DefaultInterruptHandlerForSpurious
                0x23f00380       0x18 build/sam_9x60_ek_poll/debug/_ext/1119546267/interrupts.o
                0x23f00380                DefaultInterruptHandlerForSpurious
 .text.read     0x23f00398       0x48 build/sam_9x60_ek_poll/debug/_ext/666503263/xc32_monitor.o
                0x23f00398                read
 .text.write    0x23f003e0       0x34 build/sam_9x60_ek_poll/debug/_ext/666503263/xc32_monitor.o
                0x23f003e0                write
 .text.icache_InvalidateAll
                0x23f00414        0xc build/sam_9x60_ek_poll/debug/_ext/247653036/plib_mmu.o
                0x23f00414                icache_InvalidateAll
 .text.icache_Enable
                0x23f00420       0x20 build/sam_9x60_ek_poll/debug/_ext/247653036/plib_mmu.o
                0x23f00420                icache_Enable
 .text.dcache_InvalidateAll
                0x23f00440       0x38 build/sam_9x60_ek_poll/debug/_ext/247653036/plib_mmu.o
                0x23f00440                dcache_InvalidateAll
 .text.dcache_Enable
                0x23f00478       0x20 build/sam_9x60_ek_poll/debug/_ext/247653036/plib_mmu.o
                0x23f00478                dcache_Enable
 .text.MMU_Initialize
                0x23f00498      0x244 build/sam_9x60_ek_poll/debug/_ext/247653036/plib_mmu.o
                0x23f00498                MMU_Initialize
 .text.CLK_Initialize
                0x23f006dc       0xb4 build/sam_9x60_ek_poll/debug/_ext/247643385/plib_clk.o
                0x23f006dc                CLK_Initialize
 .text.PIO_Initialize
                0x23f00790      0x104 build/sam_9x60_ek_poll/debug/_ext/247655789/plib_pio.o
                0x23f00790                PIO_Initialize
 .text.PIO_PortInterruptEnable
                0x23f00894        0x8 build/sam_9x60_ek_poll/debug/_ext/247655789/plib_pio.o
                0x23f00894                PIO_PortInterruptEnable
 .text.PIO_PinInterruptCallbackRegister
                0x23f0089c       0xa4 build/sam_9x60_ek_poll/debug/_ext/247655789/plib_pio.o
                0x23f0089c                PIO_PinInterruptCallbackRegister
 .text.PIO_Interrupt_Handler
                0x23f00940       0x7c build/sam_9x60_ek_poll/debug/_ext/247655789/plib_pio.o
                0x23f00940                PIO_Interrupt_Handler
 .text.PIOD_InterruptHandler
                0x23f009bc       0x14 build/sam_9x60_ek_poll/debug/_ext/247655789/plib_pio.o
                0x23f009bc                PIOD_InterruptHandler
 .text.AIC_INT_Initialize
                0x23f009d0      0x118 build/sam_9x60_ek_poll/debug/_ext/247641362/plib_aic.o
                0x23f009d0                AIC_INT_Initialize
 .text.AIC_INT_IrqDisable
                0x23f00ae8       0x30 build/sam_9x60_ek_poll/debug/_ext/247641362/plib_aic.o
                0x23f00ae8                AIC_INT_IrqDisable
 .text.AIC_INT_IrqRestore
                0x23f00b18       0x28 build/sam_9x60_ek_poll/debug/_ext/247641362/plib_aic.o
                0x23f00b18                AIC_INT_IrqRestore
 .text          0x23f00b40       0xa0 build/sam_9x60_ek_poll/debug/_ext/1119546267/cstartup.o
 .text.undefined_instruction_irq_handler
                0x23f00be0        0x4 build/sam_9x60_ek_poll/debug/_ext/1119546267/fault_handlers.o
                0x23f00be0                undefined_instruction_irq_handler
 .text.software_interrupt_irq_handler
                0x23f00be4        0x4 build/sam_9x60_ek_poll/debug/_ext/1119546267/fault_handlers.o
                0x23f00be4                software_interrupt_irq_handler
 .text.data_abort_irq_handler
                0x23f00be8        0x4 build/sam_9x60_ek_poll/debug/_ext/1119546267/fault_handlers.o
                0x23f00be8                data_abort_irq_handler
 .text.prefetch_abort_irq_handler
                0x23f00bec        0x4 build/sam_9x60_ek_poll/debug/_ext/1119546267/fault_handlers.o
                0x23f00bec                prefetch_abort_irq_handler
 .text.TC0_CH0_TimerInitialize
                0x23f00bf0       0x38 build/sam_9x60_ek_poll/debug/_ext/1254915000/plib_tc0.o
                0x23f00bf0                TC0_CH0_TimerInitialize
 .text.TC0_CH0_TimerStart
                0x23f00c28       0x14 build/sam_9x60_ek_poll/debug/_ext/1254915000/plib_tc0.o
                0x23f00c28                TC0_CH0_TimerStart
 .text.TC0_CH0_TimerStop
                0x23f00c3c       0x14 build/sam_9x60_ek_poll/debug/_ext/1254915000/plib_tc0.o
                0x23f00c3c                TC0_CH0_TimerStop
 .text.TC0_CH0_TimerFrequencyGet
                0x23f00c50        0xc build/sam_9x60_ek_poll/debug/_ext/1254915000/plib_tc0.o
                0x23f00c50                TC0_CH0_TimerFrequencyGet
 .text.TC0_CH0_TimerPeriodSet
                0x23f00c5c       0x10 build/sam_9x60_ek_poll/debug/_ext/1254915000/plib_tc0.o
                0x23f00c5c                TC0_CH0_TimerPeriodSet
 .text.TC0_CH0_TimerCompareSet
                0x23f00c6c       0x10 build/sam_9x60_ek_poll/debug/_ext/1254915000/plib_tc0.o
                0x23f00c6c                TC0_CH0_TimerCompareSet
 .text.TC0_CH0_TimerCounterGet
                0x23f00c7c       0x10 build/sam_9x60_ek_poll/debug/_ext/1254915000/plib_tc0.o
                0x23f00c7c                TC0_CH0_TimerCounterGet
 .text.TC0_CH0_TimerCallbackRegister
                0x23f00c8c       0x14 build/sam_9x60_ek_poll/debug/_ext/1254915000/plib_tc0.o
                0x23f00c8c                TC0_CH0_TimerCallbackRegister
 .text.TC0_CH0_InterruptHandler
                0x23f00ca0       0x3c build/sam_9x60_ek_poll/debug/_ext/1254915000/plib_tc0.o
                0x23f00ca0                TC0_CH0_InterruptHandler
 .text.TC0_InterruptHandler
                0x23f00cdc        0xc build/sam_9x60_ek_poll/debug/_ext/1254915000/plib_tc0.o
                0x23f00cdc                TC0_InterruptHandler
 .text.DBGU_Initialize
                0x23f00ce8       0x28 build/sam_9x60_ek_poll/debug/_ext/912969483/plib_dbgu.o
                0x23f00ce8                DBGU_Initialize
 .text.DBGU_ErrorGet
                0x23f00d10       0x3c build/sam_9x60_ek_poll/debug/_ext/912969483/plib_dbgu.o
                0x23f00d10                DBGU_ErrorGet
 .text.DBGU_Read
                0x23f00d4c       0x8c build/sam_9x60_ek_poll/debug/_ext/912969483/plib_dbgu.o
                0x23f00d4c                DBGU_Read
 .text.DBGU_Write
                0x23f00dd8       0x60 build/sam_9x60_ek_poll/debug/_ext/912969483/plib_dbgu.o
                0x23f00dd8                DBGU_Write
 .text.SYS_INT_Disable
                0x23f00e38        0xc build/sam_9x60_ek_poll/debug/_ext/2069146318/sys_int.o
                0x23f00e38                SYS_INT_Disable
 .text.SYS_INT_Restore
                0x23f00e44        0xc build/sam_9x60_ek_poll/debug/_ext/2069146318/sys_int.o
                0x23f00e44                SYS_INT_Restore
 .text.SYS_INT_SourceIsEnabled
                0x23f00e50       0x28 build/sam_9x60_ek_poll/debug/_ext/2069146318/sys_int.o
                0x23f00e50                SYS_INT_SourceIsEnabled
 .text.SYS_INT_SourceEnable
                0x23f00e78       0x28 build/sam_9x60_ek_poll/debug/_ext/2069146318/sys_int.o
                0x23f00e78                SYS_INT_SourceEnable
 .text.SYS_INT_SourceDisable
                0x23f00ea0       0x3c build/sam_9x60_ek_poll/debug/_ext/2069146318/sys_int.o
                0x23f00ea0                SYS_INT_SourceDisable
 .text.playMusic
                0x23f00edc       0xd4 build/sam_9x60_ek_poll/debug/_ext/1360937237/app.o
                0x23f00edc                playMusic
 .text._volume_change
                0x23f00fb0       0xa8 build/sam_9x60_ek_poll/debug/_ext/1360937237/app.o
                0x23f00fb0                _volume_change
 .text._music_playback
                0x23f01058       0x1c build/sam_9x60_ek_poll/debug/_ext/1360937237/app.o
                0x23f01058                _music_playback
 .text.APP_Initialize
                0x23f01074       0x14 build/sam_9x60_ek_poll/debug/_ext/1360937237/app.o
                0x23f01074                APP_Initialize
 .text.APP_Tasks
                0x23f01088       0xf0 build/sam_9x60_ek_poll/debug/_ext/1360937237/app.o
                0x23f01088                APP_Tasks
 .text.SYS_Tasks
                0x23f01178        0xc build/sam_9x60_ek_poll/debug/_ext/1119546267/tasks.o
                0x23f01178                SYS_Tasks
 .text.SYS_TIME_GetTimerObject
                0x23f01184       0x70 build/sam_9x60_ek_poll/debug/_ext/1414961624/sys_time.o
 .text.SYS_TIME_HwTimerCompareUpdate
                0x23f011f4       0xfc build/sam_9x60_ek_poll/debug/_ext/1414961624/sys_time.o
 .text.SYS_TIME_RemoveFromList
                0x23f012f0       0x94 build/sam_9x60_ek_poll/debug/_ext/1414961624/sys_time.o
 .text.SYS_TIME_AddToList
                0x23f01384       0xe0 build/sam_9x60_ek_poll/debug/_ext/1414961624/sys_time.o
 .text.SYS_TIME_UpdateTimerList
                0x23f01464       0x74 build/sam_9x60_ek_poll/debug/_ext/1414961624/sys_time.o
 .text.SYS_TIME_ResourceLock
                0x23f014d8       0x54 build/sam_9x60_ek_poll/debug/_ext/1414961624/sys_time.o
 .text.SYS_TIME_ResourceUnlock
                0x23f0152c       0x28 build/sam_9x60_ek_poll/debug/_ext/1414961624/sys_time.o
 .text.SYS_TIME_Initialize
                0x23f01554      0x11c build/sam_9x60_ek_poll/debug/_ext/1414961624/sys_time.o
                0x23f01554                SYS_TIME_Initialize
 .text.SYS_TIME_Counter64Get
                0x23f01670       0x48 build/sam_9x60_ek_poll/debug/_ext/1414961624/sys_time.o
                0x23f01670                SYS_TIME_Counter64Get
 .text.SYS_TIME_CounterGet
                0x23f016b8        0xc build/sam_9x60_ek_poll/debug/_ext/1414961624/sys_time.o
                0x23f016b8                SYS_TIME_CounterGet
 .text.SYS_TIME_CountToMS
                0x23f016c4       0x5c build/sam_9x60_ek_poll/debug/_ext/1414961624/sys_time.o
                0x23f016c4                SYS_TIME_CountToMS
 .text.SYS_TIME_TimerDestroy
                0x23f01720       0x6c build/sam_9x60_ek_poll/debug/_ext/1414961624/sys_time.o
                0x23f01720                SYS_TIME_TimerDestroy
 .text.SYS_TIME_PLIBCallback
                0x23f0178c      0x174 build/sam_9x60_ek_poll/debug/_ext/1414961624/sys_time.o
 .text          0x23f01900       0xc8 c:/program files/microchip/xc32/v4.10/bin/bin/../../lib/gcc/pic32c/8.3.1/arm/v5te/nofp\libgcc.a(_udivsi3.o)
                0x23f01900                __aeabi_uidiv
                0x23f01900                __udivsi3
                0x23f019a8                __aeabi_uidivmod
 .text          0x23f019c8       0xfc c:/program files/microchip/xc32/v4.10/bin/bin/../../lib/gcc/pic32c/8.3.1/arm/v5te/nofp\libgcc.a(_divsi3.o)
                0x23f019c8                __divsi3
                0x23f019c8                __aeabi_idiv
                0x23f01aa4                __aeabi_idivmod
 .text          0x23f01ac4        0x4 c:/program files/microchip/xc32/v4.10/bin/bin/../../lib/gcc/pic32c/8.3.1/arm/v5te/nofp\libgcc.a(_dvmd_tls.o)
                0x23f01ac4                __aeabi_idiv0
                0x23f01ac4                __aeabi_ldiv0
 .text          0x23f01ac8       0x3c c:/program files/microchip/xc32/v4.10/bin/bin/../../lib/gcc/pic32c/8.3.1/arm/v5te/nofp\libgcc.a(_aeabi_uldivmod.o)
                0x23f01ac8                __aeabi_uldivmod
 .text          0x23f01b04      0x12c c:/program files/microchip/xc32/v4.10/bin/bin/../../lib/gcc/pic32c/8.3.1/arm/v5te/nofp\libgcc.a(_udivmoddi4.o)
                0x23f01b04                __udivmoddi4
 .text.__dummy  0x23f01c30        0x4 c:/program files/microchip/xc32/v4.10/bin/bin/../../lib/gcc/pic32c/8.3.1/../../../../pic32c/lib/arm/v5te/nofp\libg-musl.a(__libc_start_main.o)
                0x23f01c30                __init_host
 .text.__libc_start_init
                0x23f01c34       0x88 c:/program files/microchip/xc32/v4.10/bin/bin/../../lib/gcc/pic32c/8.3.1/../../../../pic32c/lib/arm/v5te/nofp\libg-musl.a(__libc_start_main.o)
                0x23f01c34                __libc_init_array
 .text.__dummy  0x23f01cbc        0xc c:/program files/microchip/xc32/v4.10/bin/bin/../../lib/gcc/pic32c/8.3.1/../../../../pic32c/lib/arm/v5te/nofp\libg-musl.a(stdin.o)
                0x23f01cbc                __stdio_seek_rw
 .text.__init_stdout
                0x23f01cc8       0x1c c:/program files/microchip/xc32/v4.10/bin/bin/../../lib/gcc/pic32c/8.3.1/../../../../pic32c/lib/arm/v5te/nofp\libg-musl.a(stdout.o)
                0x23f01cc8                __init_stdout
 .text.printf   0x23f01ce4       0x38 c:/program files/microchip/xc32/v4.10/bin/bin/../../lib/gcc/pic32c/8.3.1/../../../../pic32c/lib/arm/v5te/nofp\libg-musl.a(printf.o)
                0x23f01ce4                __printf_u
                0x23f01ce4                printf
 .text.puts     0x23f01d1c       0x40 c:/program files/microchip/xc32/v4.10/bin/bin/../../lib/gcc/pic32c/8.3.1/../../../../pic32c/lib/arm/v5te/nofp\libg-musl.a(puts.o)
                0x23f01d1c                puts
 .text.setbuf   0x23f01d5c       0x14 c:/program files/microchip/xc32/v4.10/bin/bin/../../lib/gcc/pic32c/8.3.1/../../../../pic32c/lib/arm/v5te/nofp\libg-musl.a(setbuf.o)
                0x23f01d5c                setbuf
 .text.memset   0x23f01d70       0x18 c:/program files/microchip/xc32/v4.10/bin/bin/../../lib/gcc/pic32c/8.3.1/../../../../pic32c/lib/arm/v5te/nofp\libg-musl.a(memset.o)
                0x23f01d70                memset
 .text.fputs    0x23f01d88       0x34 c:/program files/microchip/xc32/v4.10/bin/bin/../../lib/gcc/pic32c/8.3.1/../../../../pic32c/lib/arm/v5te/nofp\libg-musl.a(fputs.o)
                0x23f01d88                fputs
                0x23f01d88                fputs_unlocked
 .text.__stdio_read
                0x23f01dbc       0xac c:/program files/microchip/xc32/v4.10/bin/bin/../../lib/gcc/pic32c/8.3.1/../../../../pic32c/lib/arm/v5te/nofp\libg-musl.a(__stdio_read.o)
                0x23f01dbc                __stdio_read
 .text.__towrite_rw
                0x23f01e68       0x34 c:/program files/microchip/xc32/v4.10/bin/bin/../../lib/gcc/pic32c/8.3.1/../../../../pic32c/lib/arm/v5te/nofp\libg-musl.a(__towrite_rw.o)
                0x23f01e68                __towrite_rw
                0x23f01e68                __towrite_rw_needed
 .text.fwrite   0x23f01e9c       0x48 c:/program files/microchip/xc32/v4.10/bin/bin/../../lib/gcc/pic32c/8.3.1/../../../../pic32c/lib/arm/v5te/nofp\libg-musl.a(fwrite.o)
                0x23f01e9c                fwrite
                0x23f01e9c                fwrite_unlocked
 .text.__putc_unbuffered
                0x23f01ee4       0x50 c:/program files/microchip/xc32/v4.10/bin/bin/../../lib/gcc/pic32c/8.3.1/../../../../pic32c/lib/arm/v5te/nofp\libg-musl.a(putc.o)
                0x23f01ee4                __putc_unbuffered
 .text.putc     0x23f01f34        0xc c:/program files/microchip/xc32/v4.10/bin/bin/../../lib/gcc/pic32c/8.3.1/../../../../pic32c/lib/arm/v5te/nofp\libg-musl.a(putc.o)
                0x23f01f34                putc
                0x23f01f34                fputc
                0x23f01f34                _IO_putc
                0x23f01f34                putc_unlocked
 .text.setvbuf  0x23f01f40       0x80 c:/program files/microchip/xc32/v4.10/bin/bin/../../lib/gcc/pic32c/8.3.1/../../../../pic32c/lib/arm/v5te/nofp\libg-musl.a(setvbuf.o)
                0x23f01f40                setvbuf
 .text.vfprintf
                0x23f01fc0       0x28 c:/program files/microchip/xc32/v4.10/bin/bin/../../lib/gcc/pic32c/8.3.1/../../../../pic32c/lib/arm/v5te/nofp\libg-musl.a(vfprintf.o)
                0x23f01fc0                vfprintf
 .text.strlen   0x23f01fe8       0x20 c:/program files/microchip/xc32/v4.10/bin/bin/../../lib/gcc/pic32c/8.3.1/../../../../pic32c/lib/arm/v5te/nofp\libg-musl.a(strlen.o)
                0x23f01fe8                strlen
 .text.__readv  0x23f02008       0x44 c:/program files/microchip/xc32/v4.10/bin/bin/../../lib/gcc/pic32c/8.3.1/../../../../pic32c/lib/arm/v5te/nofp\libg-musl.a(readv.o)
                0x23f02008                readv
 .text.bin_index
                0x23f0204c       0x48 c:/program files/microchip/xc32/v4.10/bin/bin/../../lib/gcc/pic32c/8.3.1/../../../../pic32c/lib/arm/v5te/nofp\libg-musl.a(malloc.o)
 .text.adjust_size
                0x23f02094       0x60 c:/program files/microchip/xc32/v4.10/bin/bin/../../lib/gcc/pic32c/8.3.1/../../../../pic32c/lib/arm/v5te/nofp\libg-musl.a(malloc.o)
 .text.lock_bin
                0x23f020f4       0x34 c:/program files/microchip/xc32/v4.10/bin/bin/../../lib/gcc/pic32c/8.3.1/../../../../pic32c/lib/arm/v5te/nofp\libg-musl.a(malloc.o)
 .text.unbin    0x23f02128       0x84 c:/program files/microchip/xc32/v4.10/bin/bin/../../lib/gcc/pic32c/8.3.1/../../../../pic32c/lib/arm/v5te/nofp\libg-musl.a(malloc.o)
 .text.alloc_fwd
                0x23f021ac       0x4c c:/program files/microchip/xc32/v4.10/bin/bin/../../lib/gcc/pic32c/8.3.1/../../../../pic32c/lib/arm/v5te/nofp\libg-musl.a(malloc.o)
 .text.alloc_rev
                0x23f021f8       0x50 c:/program files/microchip/xc32/v4.10/bin/bin/../../lib/gcc/pic32c/8.3.1/../../../../pic32c/lib/arm/v5te/nofp\libg-musl.a(malloc.o)
 .text.free     0x23f02248      0x150 c:/program files/microchip/xc32/v4.10/bin/bin/../../lib/gcc/pic32c/8.3.1/../../../../pic32c/lib/arm/v5te/nofp\libg-musl.a(malloc.o)
                0x23f02248                free
 .text.trim     0x23f02398       0x40 c:/program files/microchip/xc32/v4.10/bin/bin/../../lib/gcc/pic32c/8.3.1/../../../../pic32c/lib/arm/v5te/nofp\libg-musl.a(malloc.o)
 .text.malloc   0x23f023d8      0x278 c:/program files/microchip/xc32/v4.10/bin/bin/../../lib/gcc/pic32c/8.3.1/../../../../pic32c/lib/arm/v5te/nofp\libg-musl.a(malloc.o)
                0x23f023d8                malloc
 .text.__expand_heap
                0x23f02650       0x2c c:/program files/microchip/xc32/v4.10/bin/bin/../../lib/gcc/pic32c/8.3.1/../../../../pic32c/lib/arm/v5te/nofp\libg-musl.a(expand_heap.o)
                0x23f02650                __expand_heap
 .text.__dummy  0x23f0267c        0x4 c:/program files/microchip/xc32/v4.10/bin/bin/../../lib/gcc/pic32c/8.3.1/../../../../pic32c/lib/arm/v5te/nofp\libg-musl.a(__init_stdio.o)
                0x23f0267c                __init_stdin
                0x23f0267c                __init_stderr
 .text.__init_stdio
                0x23f02680       0x14 c:/program files/microchip/xc32/v4.10/bin/bin/../../lib/gcc/pic32c/8.3.1/../../../../pic32c/lib/arm/v5te/nofp\libg-musl.a(__init_stdio.o)
                0x23f02680                __init_stdio_needed
                0x23f02680                __init_stdio
 .text.__fwrite_min
                0x23f02694        0x8 c:/program files/microchip/xc32/v4.10/bin/bin/../../lib/gcc/pic32c/8.3.1/../../../../pic32c/lib/arm/v5te/nofp\libg-musl.a(__out.o)
                0x23f02694                __stdio_write_unbuffered
                0x23f02694                __stdio_write
 .text.__out    0x23f0269c       0x68 c:/program files/microchip/xc32/v4.10/bin/bin/../../lib/gcc/pic32c/8.3.1/../../../../pic32c/lib/arm/v5te/nofp\libg-musl.a(__out.o)
                0x23f0269c                __out
                0x23f0269c                __out_needed
 .text.__pad    0x23f02704       0xc0 c:/program files/microchip/xc32/v4.10/bin/bin/../../lib/gcc/pic32c/8.3.1/../../../../pic32c/lib/arm/v5te/nofp\libg-musl.a(__printf_core.o)
                0x23f02704                __pad
 .text.__fmt_state
                0x23f027c4       0x74 c:/program files/microchip/xc32/v4.10/bin/bin/../../lib/gcc/pic32c/8.3.1/../../../../pic32c/lib/arm/v5te/nofp\libg-musl.a(__printf_core.o)
                0x23f027c4                __fmt_state
 .text.__printf_core
                0x23f02838      0x520 c:/program files/microchip/xc32/v4.10/bin/bin/../../lib/gcc/pic32c/8.3.1/../../../../pic32c/lib/arm/v5te/nofp\libg-musl.a(__printf_core.o)
                0x23f02838                __printf_core
 .text.__putc   0x23f02d58       0x54 c:/program files/microchip/xc32/v4.10/bin/bin/../../lib/gcc/pic32c/8.3.1/../../../../pic32c/lib/arm/v5te/nofp\libg-musl.a(__putc.o)
                0x23f02d58                __putc_needed
                0x23f02d58                __putc
 .text.__dummy  0x23f02dac        0x4 c:/program files/microchip/xc32/v4.10/bin/bin/../../lib/gcc/pic32c/8.3.1/../../../../pic32c/lib/arm/v5te/nofp\libg-musl.a(__stderr.o)
                0x23f02dac                __stdio_seek
 .text.__stdio_close_rw
                0x23f02db0       0xb8 c:/program files/microchip/xc32/v4.10/bin/bin/../../lib/gcc/pic32c/8.3.1/../../../../pic32c/lib/arm/v5te/nofp\libg-musl.a(__stdio_close.o)
                0x23f02db0                __stdio_close_rw
 .text.__write_buffered
                0x23f02e68       0xdc c:/program files/microchip/xc32/v4.10/bin/bin/../../lib/gcc/pic32c/8.3.1/../../../../pic32c/lib/arm/v5te/nofp\libg-musl.a(__stdio_write.o)
                0x23f02e68                __do_write
 .text.__stdio_write_buffered
                0x23f02f44       0xe0 c:/program files/microchip/xc32/v4.10/bin/bin/../../lib/gcc/pic32c/8.3.1/../../../../pic32c/lib/arm/v5te/nofp\libg-musl.a(__stdio_write.o)
                0x23f02f44                __stdio_write_buffered
 .text.__get_stdout
                0x23f03024        0xc c:/program files/microchip/xc32/v4.10/bin/bin/../../lib/gcc/pic32c/8.3.1/../../../../pic32c/lib/arm/v5te/nofp\libg-musl.a(__stdout.o)
                0x23f03024                __get_stdout
                0x23f03024                __init_stdout_needed
 .text.__towrite
                0x23f03030       0x30 c:/program files/microchip/xc32/v4.10/bin/bin/../../lib/gcc/pic32c/8.3.1/../../../../pic32c/lib/arm/v5te/nofp\libg-musl.a(__towrite.o)
                0x23f03030                __towrite
 .text.atoi     0x23f03060       0x7c c:/program files/microchip/xc32/v4.10/bin/bin/../../lib/gcc/pic32c/8.3.1/../../../../pic32c/lib/arm/v5te/nofp\libg-musl.a(atoi.o)
                0x23f03060                atoi
 .text.memcpy   0x23f030dc       0x1c c:/program files/microchip/xc32/v4.10/bin/bin/../../lib/gcc/pic32c/8.3.1/../../../../pic32c/lib/arm/v5te/nofp\libg-musl.a(memcpy.o)
                0x23f030dc                memcpy
 .text.__writev
                0x23f030f8       0x44 c:/program files/microchip/xc32/v4.10/bin/bin/../../lib/gcc/pic32c/8.3.1/../../../../pic32c/lib/arm/v5te/nofp\libg-musl.a(writev.o)
                0x23f030f8                writev
 .text.tolower  0x23f0313c       0x10 c:/program files/microchip/xc32/v4.10/bin/bin/../../lib/gcc/pic32c/8.3.1/../../../../pic32c/lib/arm/v5te/nofp\libg-musl.a(tolower.o)
                0x23f0313c                tolower
 .text.__overflow
                0x23f0314c       0x84 c:/program files/microchip/xc32/v4.10/bin/bin/../../lib/gcc/pic32c/8.3.1/../../../../pic32c/lib/arm/v5te/nofp\libg-musl.a(__overflow.o)
                0x23f0314c                __overflow
 .text.__fmt_a  0x23f031d0      0x710 c:/program files/microchip/xc32/v4.10/bin/bin/../../lib/gcc/pic32c/8.3.1/../../../../pic32c/lib/arm/v5te/nofp\libg-musl.a(__fmt_a.o)
                0x23f031d0                __fmt_a_needed
                0x23f031d0                __fmt_a
 .text.__fmt_d  0x23f038e0      0x118 c:/program files/microchip/xc32/v4.10/bin/bin/../../lib/gcc/pic32c/8.3.1/../../../../pic32c/lib/arm/v5te/nofp\libg-musl.a(__fmt_d.o)
                0x23f038e0                __fmt_d
                0x23f038e0                __fmt_d_needed
 .text.__fmt_fp
                0x23f039f8      0x6e8 c:/program files/microchip/xc32/v4.10/bin/bin/../../lib/gcc/pic32c/8.3.1/../../../../pic32c/lib/arm/v5te/nofp\libg-musl.a(__fmt_fp.o)
                0x23f039f8                __fmt_f_needed
                0x23f039f8                __fmt_fp
 .text.__fmt_o  0x23f040e0       0xbc c:/program files/microchip/xc32/v4.10/bin/bin/../../lib/gcc/pic32c/8.3.1/../../../../pic32c/lib/arm/v5te/nofp\libg-musl.a(__fmt_o.o)
                0x23f040e0                __fmt_o
                0x23f040e0                __fmt_o_needed
 .text.__fmt_s  0x23f0419c       0x88 c:/program files/microchip/xc32/v4.10/bin/bin/../../lib/gcc/pic32c/8.3.1/../../../../pic32c/lib/arm/v5te/nofp\libg-musl.a(__fmt_s.o)
                0x23f0419c                __fmt_s
                0x23f0419c                __fmt_0_needed
                0x23f0419c                __fmt_s_needed
 .text.__cvt_u  0x23f04224       0xb8 c:/program files/microchip/xc32/v4.10/bin/bin/../../lib/gcc/pic32c/8.3.1/../../../../pic32c/lib/arm/v5te/nofp\libg-musl.a(__fmt_u.o)
                0x23f04224                __cvt_u
 .text.__fmt_u  0x23f042dc       0x94 c:/program files/microchip/xc32/v4.10/bin/bin/../../lib/gcc/pic32c/8.3.1/../../../../pic32c/lib/arm/v5te/nofp\libg-musl.a(__fmt_u.o)
                0x23f042dc                __fmt_u_needed
                0x23f042dc                __fmt_u
 .text.__fmt_x  0x23f04370      0x1a0 c:/program files/microchip/xc32/v4.10/bin/bin/../../lib/gcc/pic32c/8.3.1/../../../../pic32c/lib/arm/v5te/nofp\libg-musl.a(__fmt_x.o)
                0x23f04370                __fmt_x_needed
                0x23f04370                __fmt_x
 .text.__fwrite
                0x23f04510       0x28 c:/program files/microchip/xc32/v4.10/bin/bin/../../lib/gcc/pic32c/8.3.1/../../../../pic32c/lib/arm/v5te/nofp\libg-musl.a(__fwrite.o)
                0x23f04510                __fwrite
                0x23f04510                __fwrite_needed
 .text.__pop_float
                0x23f04538       0x44 c:/program files/microchip/xc32/v4.10/bin/bin/../../lib/gcc/pic32c/8.3.1/../../../../pic32c/lib/arm/v5te/nofp\libg-musl.a(__pop_float.o)
                0x23f04538                __pop_float_needed
                0x23f04538                __pop_float
 .text.__pop_int
                0x23f0457c      0x160 c:/program files/microchip/xc32/v4.10/bin/bin/../../lib/gcc/pic32c/8.3.1/../../../../pic32c/lib/arm/v5te/nofp\libg-musl.a(__pop_int.o)
                0x23f0457c                __pop_int_needed
                0x23f0457c                __pop_int
 .text.__pop_ptr
                0x23f046dc       0xec c:/program files/microchip/xc32/v4.10/bin/bin/../../lib/gcc/pic32c/8.3.1/../../../../pic32c/lib/arm/v5te/nofp\libg-musl.a(__pop_ptr.o)
                0x23f046dc                __pop_ptr
                0x23f046dc                __pop_ptr_needed
 .text.strcpy   0x23f047c8       0x14 c:/program files/microchip/xc32/v4.10/bin/bin/../../lib/gcc/pic32c/8.3.1/../../../../pic32c/lib/arm/v5te/nofp\libg-musl.a(strcpy.o)
                0x23f047c8                strcpy
 .text.toupper  0x23f047dc       0x10 c:/program files/microchip/xc32/v4.10/bin/bin/../../lib/gcc/pic32c/8.3.1/../../../../pic32c/lib/arm/v5te/nofp\libg-musl.a(toupper.o)
                0x23f047dc                toupper
 .text.stpcpy   0x23f047ec       0x1c c:/program files/microchip/xc32/v4.10/bin/bin/../../lib/gcc/pic32c/8.3.1/../../../../pic32c/lib/arm/v5te/nofp\libg-musl.a(stpcpy.o)
                0x23f047ec                __stpcpy
                0x23f047ec                stpcpy
 .text.floor    0x23f04808      0x144 c:/program files/microchip/xc32/v4.10/bin/bin/../../lib/gcc/pic32c/8.3.1/../../../../pic32c/lib/arm/v5te/nofp\libm-musl.a(floor.o)
                0x23f04808                floor
 .text.normalize
                0x23f0494c       0x80 c:/program files/microchip/xc32/v4.10/bin/bin/../../lib/gcc/pic32c/8.3.1/../../../../pic32c/lib/arm/v5te/nofp\libm-musl.a(fma.o)
 .text.fma      0x23f049cc      0x678 c:/program files/microchip/xc32/v4.10/bin/bin/../../lib/gcc/pic32c/8.3.1/../../../../pic32c/lib/arm/v5te/nofp\libm-musl.a(fma.o)
                0x23f049cc                fma
 .text.scalbn   0x23f05044       0xf4 c:/program files/microchip/xc32/v4.10/bin/bin/../../lib/gcc/pic32c/8.3.1/../../../../pic32c/lib/arm/v5te/nofp\libm-musl.a(scalbn.o)
                0x23f05044                scalbn
 .text.close    0x23f05138        0x8 c:/program files/microchip/xc32/v4.10/bin/bin/../../lib/gcc/pic32c/8.3.1/../../../../pic32c/lib/arm/v5te/nofp\libpic32c.a(close.o)
                0x23f05138                close
 .text.lseek    0x23f05140        0x8 c:/program files/microchip/xc32/v4.10/bin/bin/../../lib/gcc/pic32c/8.3.1/../../../../pic32c/lib/arm/v5te/nofp\libpic32c.a(lseek.o)
                0x23f05140                lseek
 .text._sbrk    0x23f05148       0x3c c:/program files/microchip/xc32/v4.10/bin/bin/../../lib/gcc/pic32c/8.3.1/../../../../pic32c/lib/arm/v5te/nofp\libpic32c.a(sbrk.o)
                0x23f05148                _sbrk
 .text          0x23f05184      0x3c0 c:/program files/microchip/xc32/v4.10/bin/bin/../../lib/gcc/pic32c/8.3.1/arm/v5te/nofp\libgcc.a(_arm_addsubdf3.o)
                0x23f05184                __aeabi_drsub
                0x23f0518c                __aeabi_dsub
                0x23f0518c                __subdf3
                0x23f05190                __aeabi_dadd
                0x23f05190                __adddf3
                0x23f0543c                __floatunsidf
                0x23f0543c                __aeabi_ui2d
                0x23f05460                __floatsidf
                0x23f05460                __aeabi_i2d
                0x23f05488                __aeabi_f2d
                0x23f05488                __extendsfdf2
                0x23f054d0                __floatundidf
                0x23f054d0                __aeabi_ul2d
                0x23f054e4                __floatdidf
                0x23f054e4                __aeabi_l2d
 .text          0x23f05544      0x470 c:/program files/microchip/xc32/v4.10/bin/bin/../../lib/gcc/pic32c/8.3.1/arm/v5te/nofp\libgcc.a(_arm_muldivdf3.o)
                0x23f05544                __aeabi_dmul
                0x23f05544                __muldf3
                0x23f057b0                __divdf3
                0x23f057b0                __aeabi_ddiv
 .text          0x23f059b4      0x12c c:/program files/microchip/xc32/v4.10/bin/bin/../../lib/gcc/pic32c/8.3.1/arm/v5te/nofp\libgcc.a(_arm_cmpdf2.o)
                0x23f059b4                __gtdf2
                0x23f059b4                __gedf2
                0x23f059bc                __ltdf2
                0x23f059bc                __ledf2
                0x23f059c4                __nedf2
                0x23f059c4                __eqdf2
                0x23f059c4                __cmpdf2
                0x23f05a4c                __aeabi_cdrcmple
                0x23f05a68                __aeabi_cdcmpeq
                0x23f05a68                __aeabi_cdcmple
                0x23f05a7c                __aeabi_dcmpeq
                0x23f05a90                __aeabi_dcmplt
                0x23f05aa4                __aeabi_dcmple
                0x23f05ab8                __aeabi_dcmpge
                0x23f05acc                __aeabi_dcmpgt
 .text          0x23f05ae0       0x5c c:/program files/microchip/xc32/v4.10/bin/bin/../../lib/gcc/pic32c/8.3.1/arm/v5te/nofp\libgcc.a(_arm_fixdfsi.o)
                0x23f05ae0                __aeabi_d2iz
                0x23f05ae0                __fixdfsi
 .text          0x23f05b3c       0xa0 c:/program files/microchip/xc32/v4.10/bin/bin/../../lib/gcc/pic32c/8.3.1/arm/v5te/nofp\libgcc.a(_arm_truncdfsf2.o)
                0x23f05b3c                __truncdfsf2
                0x23f05b3c                __aeabi_d2f
 *(.rodata .rodata* .gnu.linkonce.r.*)
 .rodata.sysTimeInitData
                0x23f05bdc        0x8 build/sam_9x60_ek_poll/debug/_ext/1119546267/initialization.o
                0x23f05bdc                sysTimeInitData
 .rodata.sysTimePlibAPI
                0x23f05be4       0x1c build/sam_9x60_ek_poll/debug/_ext/1119546267/initialization.o
                0x23f05be4                sysTimePlibAPI
 .rodata        0x23f05c00       0x28 build/sam_9x60_ek_poll/debug/_ext/247643385/plib_clk.o
 .rodata.portNumCb
                0x23f05c28        0x8 build/sam_9x60_ek_poll/debug/_ext/247655789/plib_pio.o
 .rodata        0x23f05c30       0xec build/sam_9x60_ek_poll/debug/_ext/1360937237/app.o
 .rodata        0x23f05d1c       0x5c c:/program files/microchip/xc32/v4.10/bin/bin/../../lib/gcc/pic32c/8.3.1/../../../../pic32c/lib/arm/v5te/nofp\libg-musl.a(malloc.o)
 .rodata        0x23f05d78       0x1c c:/program files/microchip/xc32/v4.10/bin/bin/../../lib/gcc/pic32c/8.3.1/../../../../pic32c/lib/arm/v5te/nofp\libg-musl.a(__printf_core.o)
 .rodata        0x23f05d94       0x10 c:/program files/microchip/xc32/v4.10/bin/bin/../../lib/gcc/pic32c/8.3.1/../../../../pic32c/lib/arm/v5te/nofp\libg-musl.a(__fmt_a.o)
 .rodata        0x23f05da4       0x10 c:/program files/microchip/xc32/v4.10/bin/bin/../../lib/gcc/pic32c/8.3.1/../../../../pic32c/lib/arm/v5te/nofp\libg-musl.a(__fmt_fp.o)
 .rodata        0x23f05db4        0x7 c:/program files/microchip/xc32/v4.10/bin/bin/../../lib/gcc/pic32c/8.3.1/../../../../pic32c/lib/arm/v5te/nofp\libg-musl.a(__fmt_s.o)
 *(.ARM.extab* .gnu.linkonce.armextab.*)
                0x23f05dbc                . = ALIGN (0x4)
 *fill*         0x23f05dbb        0x1 
 *(.init)
 .init          0x23f05dbc        0xc c:/program files/microchip/xc32/v4.10/bin/bin/../../lib/gcc/pic32c/8.3.1/arm/v5te/nofp/crti.o
                0x23f05dbc                _init
 .init          0x23f05dc8        0xc c:/program files/microchip/xc32/v4.10/bin/bin/../../lib/gcc/pic32c/8.3.1/arm/v5te/nofp/crtn.o
                0x23f05dd4                . = ALIGN (0x4)
                [!provide]                PROVIDE (__preinit_array_start = .)
 *(.preinit_array)
                [!provide]                PROVIDE (__preinit_array_end = .)
                0x23f05dd4                . = ALIGN (0x4)
                0x23f05dd4                PROVIDE (__init_array_start = .)
 *(SORT_BY_NAME(.init_array.*))
 *(.init_array)
 .init_array    0x23f05dd4        0x4 c:/program files/microchip/xc32/v4.10/bin/bin/../../lib/gcc/pic32c/8.3.1/arm/v5te/nofp/crtbegin.o
                0x23f05dd8                PROVIDE (__init_array_end = .)
                0x23f05dd8                . = ALIGN (0x4)
 *crtbegin.o(.ctors)
 *(EXCLUDE_FILE(*crtend.o) .ctors)
 *(SORT_BY_NAME(.ctors.*))
 *crtend.o(.ctors)
                0x23f05dd8                . = ALIGN (0x4)
 *(.fini)
 .fini          0x23f05dd8        0xc c:/program files/microchip/xc32/v4.10/bin/bin/../../lib/gcc/pic32c/8.3.1/arm/v5te/nofp/crti.o
                0x23f05dd8                _fini
 .fini          0x23f05de4        0xc c:/program files/microchip/xc32/v4.10/bin/bin/../../lib/gcc/pic32c/8.3.1/arm/v5te/nofp/crtn.o
                0x23f05df0                . = ALIGN (0x4)
                [!provide]                PROVIDE (__fini_array_start = .)
 *(.fini_array)
 .fini_array    0x23f05df0        0x4 c:/program files/microchip/xc32/v4.10/bin/bin/../../lib/gcc/pic32c/8.3.1/arm/v5te/nofp/crtbegin.o
 *(SORT_BY_NAME(.fini_array.*))
                [!provide]                PROVIDE (__fini_array_end = .)
 *crtbegin.o(.dtors)
 *(EXCLUDE_FILE(*crtend.o) .dtors)
 *(SORT_BY_NAME(.dtors.*))
 *crtend.o(.dtors)
 *(.dinit*)
                0x23f05df4                . = ALIGN (0x4)

.data           0x23f05e00    0x44488
 *(.data .data.*)
 .data.irqData  0x23f05e00       0x3c build/sam_9x60_ek_poll/debug/_ext/1119546267/interrupts.o
                0x23f05e00                irqData
 .data.irqDataEntryCount
                0x23f05e3c        0x4 build/sam_9x60_ek_poll/debug/_ext/1119546267/interrupts.o
                0x23f05e3c                irqDataEntryCount
 .data.increasingVolume.6828
                0x23f05e40        0x1 build/sam_9x60_ek_poll/debug/_ext/1360937237/app.o
 *fill*         0x23f05e41       0x1f 
 .data.music_data
                0x23f05e60    0x44328 build/sam_9x60_ek_poll/debug/_ext/1360937237/app.o
                0x23f05e60                music_data
 .data          0x23f4a188       0x78 c:/program files/microchip/xc32/v4.10/bin/bin/../../lib/gcc/pic32c/8.3.1/../../../../pic32c/lib/arm/v5te/nofp\libg-musl.a(stdin.o)
                0x23f4a188                __stdin_used
                0x23f4a18c                _stdin
 .data          0x23f4a200       0x20 c:/program files/microchip/xc32/v4.10/bin/bin/../../lib/gcc/pic32c/8.3.1/../../../../pic32c/lib/arm/v5te/nofp\libg-musl.a(stdout.o)
                0x23f4a21c                _stdout
 .data          0x23f4a220       0x68 c:/program files/microchip/xc32/v4.10/bin/bin/../../lib/gcc/pic32c/8.3.1/../../../../pic32c/lib/arm/v5te/nofp\libg-musl.a(__stdout.o)
                0x23f4a288                . = ALIGN (0x4)
                [!provide]                PROVIDE (_efixed = .)
                [!provide]                PROVIDE (__exidx_start = .)

.ARM.exidx      0x23f4a288        0x8
 *(.ARM.exidx* .gnu.linkonce.armexidx.*)
 .ARM.exidx     0x23f4a288        0x8 c:/program files/microchip/xc32/v4.10/bin/bin/../../lib/gcc/pic32c/8.3.1/arm/v5te/nofp\libgcc.a(_udivmoddi4.o)
                [!provide]                PROVIDE (__exidx_end = .)
                0x23f4a290                . = ALIGN (0x4)
                0x23f4a290                PROVIDE (_etext = .)

.relocate       0x00300000       0x3c load address 0x23f4a290
                0x00300000                . = ALIGN (0x4)
                0x00300000                PROVIDE (_srelocate = .)
 *(.vectors .vectors.*)
 .vectors       0x00300000       0x3c build/sam_9x60_ek_poll/debug/_ext/1119546267/cstartup.o
 *(.ramfunc)
                0x0030003c                . = ALIGN (0x4)
                0x0030003c                PROVIDE (_erelocate = .)

.region_cache_aligned_const
                0x23f4a290       0x10
                0x23f4a2a0                . = ALIGN (0x20)
 *fill*         0x23f4a290       0x10 
 *(.region_cache_aligned_const .region_cache_aligned_const.*)
                0x23f4a2a0                . = ALIGN (0x20)

.region_sram    0x0030003c        0x0
                0x0030003c                . = ALIGN (0x4)
 *(.region_sram .region_sram.*)

.region_ram     0x23f4a2a0        0x0
                0x23f4a2a0                . = ALIGN (0x4)
 *(.region_ram .region_ram.*)

.region_nocache
                0x20000000        0x0
                0x20000000                . = ALIGN (0x4)
 *(.region_nocache .region_nocache.*)

.bss            0x23f4c000     0x8784
                0x23f4c000                . = ALIGN (0x4)
                0x23f4c000                PROVIDE (_szero = .)
 *(.bss .bss.*)
 .bss           0x23f4c000       0x1c c:/program files/microchip/xc32/v4.10/bin/bin/../../lib/gcc/pic32c/8.3.1/arm/v5te/nofp/crtbegin.o
 .bss.sysObj    0x23f4c01c        0x4 build/sam_9x60_ek_poll/debug/_ext/1119546267/initialization.o
                0x23f4c01c                sysObj
 .bss.spuriousEventCount
                0x23f4c020        0x4 build/sam_9x60_ek_poll/debug/_ext/1119546267/interrupts.o
                0x23f4c020                spuriousEventCount
 *fill*         0x23f4c024     0x3fdc 
 .bss.trns_tbl  0x23f50000     0x4000 build/sam_9x60_ek_poll/debug/_ext/247653036/plib_mmu.o
 .bss.portPinCbObj
                0x23f54000        0xc build/sam_9x60_ek_poll/debug/_ext/247655789/plib_pio.o
 .bss.TC0_CH0_CallbackObj
                0x23f5400c        0x8 build/sam_9x60_ek_poll/debug/_ext/1254915000/plib_tc0.o
                0x23f5400c                TC0_CH0_CallbackObj
 .bss.appData   0x23f54014        0x1 build/sam_9x60_ek_poll/debug/_ext/1360937237/app.o
                0x23f54014                appData
 .bss.attn      0x23f54015        0x1 build/sam_9x60_ek_poll/debug/_ext/1360937237/app.o
                0x23f54015                attn
 .bss.changeVolume
                0x23f54016        0x1 build/sam_9x60_ek_poll/debug/_ext/1360937237/app.o
                0x23f54016                changeVolume
 .bss.inProgress
                0x23f54017        0x1 build/sam_9x60_ek_poll/debug/_ext/1360937237/app.o
                0x23f54017                inProgress
 .bss.playTune  0x23f54018        0x1 build/sam_9x60_ek_poll/debug/_ext/1360937237/app.o
                0x23f54018                playTune
 *fill*         0x23f54019        0x3 
 .bss.t1        0x23f5401c        0x4 build/sam_9x60_ek_poll/debug/_ext/1360937237/app.o
                0x23f5401c                t1
 .bss.t2        0x23f54020        0x4 build/sam_9x60_ek_poll/debug/_ext/1360937237/app.o
                0x23f54020                t2
 *fill*         0x23f54024        0x4 
 .bss.gSystemCounterObj
                0x23f54028       0x40 build/sam_9x60_ek_poll/debug/_ext/1414961624/sys_time.o
 .bss.timers    0x23f54068       0xa0 build/sam_9x60_ek_poll/debug/_ext/1414961624/sys_time.o
 .bss           0x23f54108       0x50 c:/program files/microchip/xc32/v4.10/bin/bin/../../lib/gcc/pic32c/8.3.1/../../../../pic32c/lib/arm/v5te/nofp\libg-musl.a(libc.o)
                0x23f54108                __progname_full
                0x23f54108                program_invocation_name
                0x23f5410c                program_invocation_short_name
                0x23f5410c                __progname
                0x23f54110                __sysinfo
                0x23f54114                __hwcap
                0x23f54118                __libc
 .bss           0x23f54158      0x408 c:/program files/microchip/xc32/v4.10/bin/bin/../../lib/gcc/pic32c/8.3.1/../../../../pic32c/lib/arm/v5te/nofp\libg-musl.a(stdin.o)
 .bss           0x23f54560        0x8 c:/program files/microchip/xc32/v4.10/bin/bin/../../lib/gcc/pic32c/8.3.1/../../../../pic32c/lib/arm/v5te/nofp\libg-musl.a(stdout.o)
                0x23f54564                __stdout_used
 .bss           0x23f54568        0x4 c:/program files/microchip/xc32/v4.10/bin/bin/../../lib/gcc/pic32c/8.3.1/../../../../pic32c/lib/arm/v5te/nofp\libg-musl.a(__environ.o)
                0x23f54568                __environ
                0x23f54568                environ
                0x23f54568                ___environ
                0x23f54568                _environ
 *fill*         0x23f5456c        0x4 
 .bss           0x23f54570      0x20c c:/program files/microchip/xc32/v4.10/bin/bin/../../lib/gcc/pic32c/8.3.1/../../../../pic32c/lib/arm/v5te/nofp\libg-musl.a(malloc.o)
 .bss           0x23f5477c        0x4 c:/program files/microchip/xc32/v4.10/bin/bin/../../lib/gcc/pic32c/8.3.1/../../../../pic32c/lib/arm/v5te/nofp\libg-musl.a(__errno_location.o)
                0x23f5477c                __errno_val
 .bss           0x23f54780        0x4 c:/program files/microchip/xc32/v4.10/bin/bin/../../lib/gcc/pic32c/8.3.1/../../../../pic32c/lib/arm/v5te/nofp\libpic32c.a(sbrk.o)
 *(COMMON)
                0x23f54784                . = ALIGN (0x4)
                0x23f54784                PROVIDE (_ezero = .)

.region_cache_aligned
                0x23f54784       0x1c
                0x23f547a0                . = ALIGN (0x20)
 *fill*         0x23f54784       0x1c 
 *(.region_cache_aligned .region_cache_aligned.*)
                0x23f547a0                . = ALIGN (0x20)

.stacks         0x23f547a0     0x2140
                0x23f54800                . = (. + IRQ_STACK_SIZE)
 *fill*         0x23f547a0       0x60 
                0x23f54800                . = ALIGN (0x8)
                0x23f54800                _irqstack = .
                0x23f54860                . = (. + FIQ_STACK_SIZE)
 *fill*         0x23f54800       0x60 
                0x23f54860                . = ALIGN (0x8)
                0x23f54860                _fiqstack = .
                0x23f548a0                . = (. + ABT_STACK_SIZE)
 *fill*         0x23f54860       0x40 
                0x23f548a0                . = ALIGN (0x8)
                0x23f548a0                _abtstack = .
                0x23f548e0                . = (. + UND_STACK_SIZE)
 *fill*         0x23f548a0       0x40 
                0x23f548e0                . = ALIGN (0x8)
                0x23f548e0                _undstack = .
                0x23f558e0                . = (. + SVC_STACK_SIZE)
 *fill*         0x23f548e0     0x1000 
                0x23f558e0                . = ALIGN (0x8)
                0x23f558e0                _svcstack = .
                0x23f568e0                . = (. + C_STACK_SIZE)
 *fill*         0x23f558e0     0x1000 
                0x23f568e0                . = ALIGN (0x8)
                0x23f568e0                _cstack = .
                0x23f568e0                _end = .
                0x23f568e0                _ramcode_lma = _end

.ramcode        0x0030003c        0x0 load address 0x23f568e0
                0x0030003c                _sramcode = .
 *(.ramcode_section .ramcode_section.*)
                0x0030003c                _eramcode = .
                0x23f568e0                _ramdata_lma = ((_end + _eramcode) - _sramcode)

.ramdata        0x0030003c        0x0 load address 0x23f568e0
                0x0030003c                _sramdata = .
 *(.ramdata_section .ramdata_section.*)
                0x0030003c                _eramdata = .
                0x00000001                __ICD2RAM = 0x1
                0x00000001                __MPLAB_DEBUG = 0x1
                0x00000001                __DEBUG = 0x1
                0x00000200                _min_heap_size = 0x200
START GROUP
LOAD c:/program files/microchip/xc32/v4.10/bin/bin/../../lib/gcc/pic32c/8.3.1/../../../../pic32c/lib/arm/v5te/nofp\libpic32c.a
LOAD c:/program files/microchip/xc32/v4.10/bin/bin/../../lib/gcc/pic32c/8.3.1/arm/v5te/nofp\libgcc.a
LOAD c:/program files/microchip/xc32/v4.10/bin/bin/../../lib/gcc/pic32c/8.3.1/../../../../pic32c/lib/arm/v5te/nofp\libm-musl.a
LOAD c:/program files/microchip/xc32/v4.10/bin/bin/../../lib/gcc/pic32c/8.3.1/../../../../pic32c/lib/arm/v5te/nofp\libg-musl.a
LOAD c:/program files/microchip/xc32/v4.10/bin/bin/../../lib/gcc/pic32c/8.3.1/../../../../pic32c/lib/arm/v5te/nofp\libc-musl.a
LOAD c:/program files/microchip/xc32/v4.10/bin/bin/../../lib/gcc/pic32c/8.3.1/../../../../pic32c/lib/arm/v5te/nofp\libm-musl.a
END GROUP
LOAD c:/program files/microchip/xc32/v4.10/bin/bin/../../lib/gcc/pic32c/8.3.1/arm/v5te/nofp/crtend.o
LOAD c:/program files/microchip/xc32/v4.10/bin/bin/../../lib/gcc/pic32c/8.3.1/arm/v5te/nofp/crtn.o
OUTPUT(dist/sam_9x60_ek_poll/debug/audio_sam_9x60_ek_classd.X.debug.elf elf32-littlearm)
LOAD stack

.ARM.attributes
                0x00000000       0x2a
 .ARM.attributes
                0x00000000       0x1d c:/program files/microchip/xc32/v4.10/bin/bin/../../lib/gcc/pic32c/8.3.1/arm/v5te/nofp/crti.o
 .ARM.attributes
                0x0000001d       0x2b c:/program files/microchip/xc32/v4.10/bin/bin/../../lib/gcc/pic32c/8.3.1/arm/v5te/nofp/crtbegin.o
 .ARM.attributes
                0x00000048       0x2c build/sam_9x60_ek_poll/debug/_ext/1304349291/bsp.o
 .ARM.attributes
                0x00000074       0x2c build/sam_9x60_ek_poll/debug/_ext/812858308/plib_classd.o
 .ARM.attributes
                0x000000a0       0x2c build/sam_9x60_ek_poll/debug/_ext/1360937237/main.o
 .ARM.attributes
                0x000000cc       0x2c build/sam_9x60_ek_poll/debug/_ext/1119546267/initialization.o
 .ARM.attributes
                0x000000f8       0x2c build/sam_9x60_ek_poll/debug/_ext/1119546267/interrupts.o
 .ARM.attributes
                0x00000124       0x2c build/sam_9x60_ek_poll/debug/_ext/666503263/xc32_monitor.o
 .ARM.attributes
                0x00000150       0x2c build/sam_9x60_ek_poll/debug/_ext/247653036/plib_mmu.o
 .ARM.attributes
                0x0000017c       0x2c build/sam_9x60_ek_poll/debug/_ext/247643385/plib_clk.o
 .ARM.attributes
                0x000001a8       0x2c build/sam_9x60_ek_poll/debug/_ext/247655789/plib_pio.o
 .ARM.attributes
                0x000001d4       0x2c build/sam_9x60_ek_poll/debug/_ext/247641362/plib_aic.o
 .ARM.attributes
                0x00000200       0x1c build/sam_9x60_ek_poll/debug/_ext/1119546267/cstartup.o
 .ARM.attributes
                0x0000021c       0x2c build/sam_9x60_ek_poll/debug/_ext/1119546267/fault_handlers.o
 .ARM.attributes
                0x00000248       0x2c build/sam_9x60_ek_poll/debug/_ext/1254915000/plib_tc0.o
 .ARM.attributes
                0x00000274       0x2c build/sam_9x60_ek_poll/debug/_ext/912969483/plib_dbgu.o
 .ARM.attributes
                0x000002a0       0x2c build/sam_9x60_ek_poll/debug/_ext/2069146318/sys_int.o
 .ARM.attributes
                0x000002cc       0x2c build/sam_9x60_ek_poll/debug/_ext/1360937237/app.o
 .ARM.attributes
                0x000002f8       0x2c build/sam_9x60_ek_poll/debug/_ext/1119546267/tasks.o
 .ARM.attributes
                0x00000324       0x2c build/sam_9x60_ek_poll/debug/_ext/1414961624/sys_time.o
 .ARM.attributes
                0x00000350       0x1d c:/program files/microchip/xc32/v4.10/bin/bin/../../lib/gcc/pic32c/8.3.1/arm/v5te/nofp\libgcc.a(_udivsi3.o)
 .ARM.attributes
                0x0000036d       0x1d c:/program files/microchip/xc32/v4.10/bin/bin/../../lib/gcc/pic32c/8.3.1/arm/v5te/nofp\libgcc.a(_divsi3.o)
 .ARM.attributes
                0x0000038a       0x1d c:/program files/microchip/xc32/v4.10/bin/bin/../../lib/gcc/pic32c/8.3.1/arm/v5te/nofp\libgcc.a(_dvmd_tls.o)
 .ARM.attributes
                0x000003a7       0x1d c:/program files/microchip/xc32/v4.10/bin/bin/../../lib/gcc/pic32c/8.3.1/arm/v5te/nofp\libgcc.a(_aeabi_uldivmod.o)
 .ARM.attributes
                0x000003c4       0x2b c:/program files/microchip/xc32/v4.10/bin/bin/../../lib/gcc/pic32c/8.3.1/arm/v5te/nofp\libgcc.a(_udivmoddi4.o)
 .ARM.attributes
                0x000003ef       0x2d c:/program files/microchip/xc32/v4.10/bin/bin/../../lib/gcc/pic32c/8.3.1/../../../../pic32c/lib/arm/v5te/nofp\libg-musl.a(__libc_start_main.o)
 .ARM.attributes
                0x0000041c       0x2d c:/program files/microchip/xc32/v4.10/bin/bin/../../lib/gcc/pic32c/8.3.1/../../../../pic32c/lib/arm/v5te/nofp\libg-musl.a(libc.o)
 .ARM.attributes
                0x00000449       0x2d c:/program files/microchip/xc32/v4.10/bin/bin/../../lib/gcc/pic32c/8.3.1/../../../../pic32c/lib/arm/v5te/nofp\libg-musl.a(stdin.o)
 .ARM.attributes
                0x00000476       0x2d c:/program files/microchip/xc32/v4.10/bin/bin/../../lib/gcc/pic32c/8.3.1/../../../../pic32c/lib/arm/v5te/nofp\libg-musl.a(stdout.o)
 .ARM.attributes
                0x000004a3       0x2d c:/program files/microchip/xc32/v4.10/bin/bin/../../lib/gcc/pic32c/8.3.1/../../../../pic32c/lib/arm/v5te/nofp\libg-musl.a(printf.o)
 .ARM.attributes
                0x000004d0       0x2d c:/program files/microchip/xc32/v4.10/bin/bin/../../lib/gcc/pic32c/8.3.1/../../../../pic32c/lib/arm/v5te/nofp\libg-musl.a(puts.o)
 .ARM.attributes
                0x000004fd       0x2d c:/program files/microchip/xc32/v4.10/bin/bin/../../lib/gcc/pic32c/8.3.1/../../../../pic32c/lib/arm/v5te/nofp\libg-musl.a(setbuf.o)
 .ARM.attributes
                0x0000052a       0x2d c:/program files/microchip/xc32/v4.10/bin/bin/../../lib/gcc/pic32c/8.3.1/../../../../pic32c/lib/arm/v5te/nofp\libg-musl.a(memset.o)
 .ARM.attributes
                0x00000557       0x2d c:/program files/microchip/xc32/v4.10/bin/bin/../../lib/gcc/pic32c/8.3.1/../../../../pic32c/lib/arm/v5te/nofp\libg-musl.a(__environ.o)
 .ARM.attributes
                0x00000584       0x2d c:/program files/microchip/xc32/v4.10/bin/bin/../../lib/gcc/pic32c/8.3.1/../../../../pic32c/lib/arm/v5te/nofp\libg-musl.a(fputs.o)
 .ARM.attributes
                0x000005b1       0x2d c:/program files/microchip/xc32/v4.10/bin/bin/../../lib/gcc/pic32c/8.3.1/../../../../pic32c/lib/arm/v5te/nofp\libg-musl.a(__stdio_read.o)
 .ARM.attributes
                0x000005de       0x2d c:/program files/microchip/xc32/v4.10/bin/bin/../../lib/gcc/pic32c/8.3.1/../../../../pic32c/lib/arm/v5te/nofp\libg-musl.a(__towrite_rw.o)
 .ARM.attributes
                0x0000060b       0x2d c:/program files/microchip/xc32/v4.10/bin/bin/../../lib/gcc/pic32c/8.3.1/../../../../pic32c/lib/arm/v5te/nofp\libg-musl.a(fwrite.o)
 .ARM.attributes
                0x00000638       0x2d c:/program files/microchip/xc32/v4.10/bin/bin/../../lib/gcc/pic32c/8.3.1/../../../../pic32c/lib/arm/v5te/nofp\libg-musl.a(putc.o)
 .ARM.attributes
                0x00000665       0x2d c:/program files/microchip/xc32/v4.10/bin/bin/../../lib/gcc/pic32c/8.3.1/../../../../pic32c/lib/arm/v5te/nofp\libg-musl.a(setvbuf.o)
 .ARM.attributes
                0x00000692       0x2d c:/program files/microchip/xc32/v4.10/bin/bin/../../lib/gcc/pic32c/8.3.1/../../../../pic32c/lib/arm/v5te/nofp\libg-musl.a(vfprintf.o)
 .ARM.attributes
                0x000006bf       0x2d c:/program files/microchip/xc32/v4.10/bin/bin/../../lib/gcc/pic32c/8.3.1/../../../../pic32c/lib/arm/v5te/nofp\libg-musl.a(strlen.o)
 .ARM.attributes
                0x000006ec       0x2d c:/program files/microchip/xc32/v4.10/bin/bin/../../lib/gcc/pic32c/8.3.1/../../../../pic32c/lib/arm/v5te/nofp\libg-musl.a(readv.o)
 .ARM.attributes
                0x00000719       0x2d c:/program files/microchip/xc32/v4.10/bin/bin/../../lib/gcc/pic32c/8.3.1/../../../../pic32c/lib/arm/v5te/nofp\libg-musl.a(malloc.o)
 .ARM.attributes
                0x00000746       0x2d c:/program files/microchip/xc32/v4.10/bin/bin/../../lib/gcc/pic32c/8.3.1/../../../../pic32c/lib/arm/v5te/nofp\libg-musl.a(expand_heap.o)
 .ARM.attributes
                0x00000773       0x2d c:/program files/microchip/xc32/v4.10/bin/bin/../../lib/gcc/pic32c/8.3.1/../../../../pic32c/lib/arm/v5te/nofp\libg-musl.a(__init_stdio.o)
 .ARM.attributes
                0x000007a0       0x2d c:/program files/microchip/xc32/v4.10/bin/bin/../../lib/gcc/pic32c/8.3.1/../../../../pic32c/lib/arm/v5te/nofp\libg-musl.a(__out.o)
 .ARM.attributes
                0x000007cd       0x2d c:/program files/microchip/xc32/v4.10/bin/bin/../../lib/gcc/pic32c/8.3.1/../../../../pic32c/lib/arm/v5te/nofp\libg-musl.a(__printf_core.o)
 .ARM.attributes
                0x000007fa       0x2d c:/program files/microchip/xc32/v4.10/bin/bin/../../lib/gcc/pic32c/8.3.1/../../../../pic32c/lib/arm/v5te/nofp\libg-musl.a(__putc.o)
 .ARM.attributes
                0x00000827       0x2d c:/program files/microchip/xc32/v4.10/bin/bin/../../lib/gcc/pic32c/8.3.1/../../../../pic32c/lib/arm/v5te/nofp\libg-musl.a(__stderr.o)
 .ARM.attributes
                0x00000854       0x2d c:/program files/microchip/xc32/v4.10/bin/bin/../../lib/gcc/pic32c/8.3.1/../../../../pic32c/lib/arm/v5te/nofp\libg-musl.a(__stdio_close.o)
 .ARM.attributes
                0x00000881       0x2d c:/program files/microchip/xc32/v4.10/bin/bin/../../lib/gcc/pic32c/8.3.1/../../../../pic32c/lib/arm/v5te/nofp\libg-musl.a(__stdio_write.o)
 .ARM.attributes
                0x000008ae       0x2d c:/program files/microchip/xc32/v4.10/bin/bin/../../lib/gcc/pic32c/8.3.1/../../../../pic32c/lib/arm/v5te/nofp\libg-musl.a(__stdout.o)
 .ARM.attributes
                0x000008db       0x2d c:/program files/microchip/xc32/v4.10/bin/bin/../../lib/gcc/pic32c/8.3.1/../../../../pic32c/lib/arm/v5te/nofp\libg-musl.a(__towrite.o)
 .ARM.attributes
                0x00000908       0x2d c:/program files/microchip/xc32/v4.10/bin/bin/../../lib/gcc/pic32c/8.3.1/../../../../pic32c/lib/arm/v5te/nofp\libg-musl.a(atoi.o)
 .ARM.attributes
                0x00000935       0x2d c:/program files/microchip/xc32/v4.10/bin/bin/../../lib/gcc/pic32c/8.3.1/../../../../pic32c/lib/arm/v5te/nofp\libg-musl.a(memcpy.o)
 .ARM.attributes
                0x00000962       0x2d c:/program files/microchip/xc32/v4.10/bin/bin/../../lib/gcc/pic32c/8.3.1/../../../../pic32c/lib/arm/v5te/nofp\libg-musl.a(writev.o)
 .ARM.attributes
                0x0000098f       0x2d c:/program files/microchip/xc32/v4.10/bin/bin/../../lib/gcc/pic32c/8.3.1/../../../../pic32c/lib/arm/v5te/nofp\libg-musl.a(tolower.o)
 .ARM.attributes
                0x000009bc       0x2d c:/program files/microchip/xc32/v4.10/bin/bin/../../lib/gcc/pic32c/8.3.1/../../../../pic32c/lib/arm/v5te/nofp\libg-musl.a(__errno_location.o)
 .ARM.attributes
                0x000009e9       0x2d c:/program files/microchip/xc32/v4.10/bin/bin/../../lib/gcc/pic32c/8.3.1/../../../../pic32c/lib/arm/v5te/nofp\libg-musl.a(__overflow.o)
 .ARM.attributes
                0x00000a16       0x2d c:/program files/microchip/xc32/v4.10/bin/bin/../../lib/gcc/pic32c/8.3.1/../../../../pic32c/lib/arm/v5te/nofp\libg-musl.a(__fmt_a.o)
 .ARM.attributes
                0x00000a43       0x2d c:/program files/microchip/xc32/v4.10/bin/bin/../../lib/gcc/pic32c/8.3.1/../../../../pic32c/lib/arm/v5te/nofp\libg-musl.a(__fmt_d.o)
 .ARM.attributes
                0x00000a70       0x2d c:/program files/microchip/xc32/v4.10/bin/bin/../../lib/gcc/pic32c/8.3.1/../../../../pic32c/lib/arm/v5te/nofp\libg-musl.a(__fmt_fp.o)
 .ARM.attributes
                0x00000a9d       0x2d c:/program files/microchip/xc32/v4.10/bin/bin/../../lib/gcc/pic32c/8.3.1/../../../../pic32c/lib/arm/v5te/nofp\libg-musl.a(__fmt_o.o)
 .ARM.attributes
                0x00000aca       0x2d c:/program files/microchip/xc32/v4.10/bin/bin/../../lib/gcc/pic32c/8.3.1/../../../../pic32c/lib/arm/v5te/nofp\libg-musl.a(__fmt_s.o)
 .ARM.attributes
                0x00000af7       0x2d c:/program files/microchip/xc32/v4.10/bin/bin/../../lib/gcc/pic32c/8.3.1/../../../../pic32c/lib/arm/v5te/nofp\libg-musl.a(__fmt_u.o)
 .ARM.attributes
                0x00000b24       0x2d c:/program files/microchip/xc32/v4.10/bin/bin/../../lib/gcc/pic32c/8.3.1/../../../../pic32c/lib/arm/v5te/nofp\libg-musl.a(__fmt_x.o)
 .ARM.attributes
                0x00000b51       0x2d c:/program files/microchip/xc32/v4.10/bin/bin/../../lib/gcc/pic32c/8.3.1/../../../../pic32c/lib/arm/v5te/nofp\libg-musl.a(__fwrite.o)
 .ARM.attributes
                0x00000b7e       0x2d c:/program files/microchip/xc32/v4.10/bin/bin/../../lib/gcc/pic32c/8.3.1/../../../../pic32c/lib/arm/v5te/nofp\libg-musl.a(__pop_float.o)
 .ARM.attributes
                0x00000bab       0x2d c:/program files/microchip/xc32/v4.10/bin/bin/../../lib/gcc/pic32c/8.3.1/../../../../pic32c/lib/arm/v5te/nofp\libg-musl.a(__pop_int.o)
 .ARM.attributes
                0x00000bd8       0x2d c:/program files/microchip/xc32/v4.10/bin/bin/../../lib/gcc/pic32c/8.3.1/../../../../pic32c/lib/arm/v5te/nofp\libg-musl.a(__pop_ptr.o)
 .ARM.attributes
                0x00000c05       0x2d c:/program files/microchip/xc32/v4.10/bin/bin/../../lib/gcc/pic32c/8.3.1/../../../../pic32c/lib/arm/v5te/nofp\libg-musl.a(strcpy.o)
 .ARM.attributes
                0x00000c32       0x2d c:/program files/microchip/xc32/v4.10/bin/bin/../../lib/gcc/pic32c/8.3.1/../../../../pic32c/lib/arm/v5te/nofp\libg-musl.a(toupper.o)
 .ARM.attributes
                0x00000c5f       0x2d c:/program files/microchip/xc32/v4.10/bin/bin/../../lib/gcc/pic32c/8.3.1/../../../../pic32c/lib/arm/v5te/nofp\libg-musl.a(stpcpy.o)
 .ARM.attributes
                0x00000c8c       0x2d c:/program files/microchip/xc32/v4.10/bin/bin/../../lib/gcc/pic32c/8.3.1/../../../../pic32c/lib/arm/v5te/nofp\libm-musl.a(floor.o)
 .ARM.attributes
                0x00000cb9       0x2d c:/program files/microchip/xc32/v4.10/bin/bin/../../lib/gcc/pic32c/8.3.1/../../../../pic32c/lib/arm/v5te/nofp\libm-musl.a(fma.o)
 .ARM.attributes
                0x00000ce6       0x2d c:/program files/microchip/xc32/v4.10/bin/bin/../../lib/gcc/pic32c/8.3.1/../../../../pic32c/lib/arm/v5te/nofp\libm-musl.a(scalbn.o)
 .ARM.attributes
                0x00000d13       0x2b c:/program files/microchip/xc32/v4.10/bin/bin/../../lib/gcc/pic32c/8.3.1/../../../../pic32c/lib/arm/v5te/nofp\libpic32c.a(close.o)
 .ARM.attributes
                0x00000d3e       0x2b c:/program files/microchip/xc32/v4.10/bin/bin/../../lib/gcc/pic32c/8.3.1/../../../../pic32c/lib/arm/v5te/nofp\libpic32c.a(lseek.o)
 .ARM.attributes
                0x00000d69       0x2b c:/program files/microchip/xc32/v4.10/bin/bin/../../lib/gcc/pic32c/8.3.1/../../../../pic32c/lib/arm/v5te/nofp\libpic32c.a(sbrk.o)
 .ARM.attributes
                0x00000d94       0x1d c:/program files/microchip/xc32/v4.10/bin/bin/../../lib/gcc/pic32c/8.3.1/arm/v5te/nofp\libgcc.a(_arm_addsubdf3.o)
 .ARM.attributes
                0x00000db1       0x1d c:/program files/microchip/xc32/v4.10/bin/bin/../../lib/gcc/pic32c/8.3.1/arm/v5te/nofp\libgcc.a(_arm_muldivdf3.o)
 .ARM.attributes
                0x00000dce       0x1d c:/program files/microchip/xc32/v4.10/bin/bin/../../lib/gcc/pic32c/8.3.1/arm/v5te/nofp\libgcc.a(_arm_cmpdf2.o)
 .ARM.attributes
                0x00000deb       0x1d c:/program files/microchip/xc32/v4.10/bin/bin/../../lib/gcc/pic32c/8.3.1/arm/v5te/nofp\libgcc.a(_arm_fixdfsi.o)
 .ARM.attributes
                0x00000e08       0x1d c:/program files/microchip/xc32/v4.10/bin/bin/../../lib/gcc/pic32c/8.3.1/arm/v5te/nofp\libgcc.a(_arm_truncdfsf2.o)
 .ARM.attributes
                0x00000e25       0x1d c:/program files/microchip/xc32/v4.10/bin/bin/../../lib/gcc/pic32c/8.3.1/arm/v5te/nofp/crtn.o

.comment        0x00000000       0x2b
 .comment       0x00000000       0x2b c:/program files/microchip/xc32/v4.10/bin/bin/../../lib/gcc/pic32c/8.3.1/arm/v5te/nofp/crtbegin.o
                                 0x2c (size before relaxing)
 .comment       0x0000002b       0x2c build/sam_9x60_ek_poll/debug/_ext/1304349291/bsp.o
 .comment       0x0000002b       0x2c build/sam_9x60_ek_poll/debug/_ext/812858308/plib_classd.o
 .comment       0x0000002b       0x2c build/sam_9x60_ek_poll/debug/_ext/1360937237/main.o
 .comment       0x0000002b       0x2c build/sam_9x60_ek_poll/debug/_ext/1119546267/initialization.o
 .comment       0x0000002b       0x2c build/sam_9x60_ek_poll/debug/_ext/1119546267/interrupts.o
 .comment       0x0000002b       0x2c build/sam_9x60_ek_poll/debug/_ext/666503263/xc32_monitor.o
 .comment       0x0000002b       0x2c build/sam_9x60_ek_poll/debug/_ext/247653036/plib_mmu.o
 .comment       0x0000002b       0x2c build/sam_9x60_ek_poll/debug/_ext/247643385/plib_clk.o
 .comment       0x0000002b       0x2c build/sam_9x60_ek_poll/debug/_ext/247655789/plib_pio.o
 .comment       0x0000002b       0x2c build/sam_9x60_ek_poll/debug/_ext/247641362/plib_aic.o
 .comment       0x0000002b       0x2c build/sam_9x60_ek_poll/debug/_ext/1119546267/fault_handlers.o
 .comment       0x0000002b       0x2c build/sam_9x60_ek_poll/debug/_ext/1254915000/plib_tc0.o
 .comment       0x0000002b       0x2c build/sam_9x60_ek_poll/debug/_ext/912969483/plib_dbgu.o
 .comment       0x0000002b       0x2c build/sam_9x60_ek_poll/debug/_ext/2069146318/sys_int.o
 .comment       0x0000002b       0x2c build/sam_9x60_ek_poll/debug/_ext/1360937237/app.o
 .comment       0x0000002b       0x2c build/sam_9x60_ek_poll/debug/_ext/1119546267/tasks.o
 .comment       0x0000002b       0x2c build/sam_9x60_ek_poll/debug/_ext/1414961624/sys_time.o
 .comment       0x0000002b       0x2c c:/program files/microchip/xc32/v4.10/bin/bin/../../lib/gcc/pic32c/8.3.1/arm/v5te/nofp\libgcc.a(_udivmoddi4.o)
 .comment       0x0000002b       0x2c c:/program files/microchip/xc32/v4.10/bin/bin/../../lib/gcc/pic32c/8.3.1/../../../../pic32c/lib/arm/v5te/nofp\libg-musl.a(__libc_start_main.o)
 .comment       0x0000002b       0x2c c:/program files/microchip/xc32/v4.10/bin/bin/../../lib/gcc/pic32c/8.3.1/../../../../pic32c/lib/arm/v5te/nofp\libg-musl.a(libc.o)
 .comment       0x0000002b       0x2c c:/program files/microchip/xc32/v4.10/bin/bin/../../lib/gcc/pic32c/8.3.1/../../../../pic32c/lib/arm/v5te/nofp\libg-musl.a(stdin.o)
 .comment       0x0000002b       0x2c c:/program files/microchip/xc32/v4.10/bin/bin/../../lib/gcc/pic32c/8.3.1/../../../../pic32c/lib/arm/v5te/nofp\libg-musl.a(stdout.o)
 .comment       0x0000002b       0x2c c:/program files/microchip/xc32/v4.10/bin/bin/../../lib/gcc/pic32c/8.3.1/../../../../pic32c/lib/arm/v5te/nofp\libg-musl.a(printf.o)
 .comment       0x0000002b       0x2c c:/program files/microchip/xc32/v4.10/bin/bin/../../lib/gcc/pic32c/8.3.1/../../../../pic32c/lib/arm/v5te/nofp\libg-musl.a(puts.o)
 .comment       0x0000002b       0x2c c:/program files/microchip/xc32/v4.10/bin/bin/../../lib/gcc/pic32c/8.3.1/../../../../pic32c/lib/arm/v5te/nofp\libg-musl.a(setbuf.o)
 .comment       0x0000002b       0x2c c:/program files/microchip/xc32/v4.10/bin/bin/../../lib/gcc/pic32c/8.3.1/../../../../pic32c/lib/arm/v5te/nofp\libg-musl.a(memset.o)
 .comment       0x0000002b       0x2c c:/program files/microchip/xc32/v4.10/bin/bin/../../lib/gcc/pic32c/8.3.1/../../../../pic32c/lib/arm/v5te/nofp\libg-musl.a(__environ.o)
 .comment       0x0000002b       0x2c c:/program files/microchip/xc32/v4.10/bin/bin/../../lib/gcc/pic32c/8.3.1/../../../../pic32c/lib/arm/v5te/nofp\libg-musl.a(fputs.o)
 .comment       0x0000002b       0x2c c:/program files/microchip/xc32/v4.10/bin/bin/../../lib/gcc/pic32c/8.3.1/../../../../pic32c/lib/arm/v5te/nofp\libg-musl.a(__stdio_read.o)
 .comment       0x0000002b       0x2c c:/program files/microchip/xc32/v4.10/bin/bin/../../lib/gcc/pic32c/8.3.1/../../../../pic32c/lib/arm/v5te/nofp\libg-musl.a(__towrite_rw.o)
 .comment       0x0000002b       0x2c c:/program files/microchip/xc32/v4.10/bin/bin/../../lib/gcc/pic32c/8.3.1/../../../../pic32c/lib/arm/v5te/nofp\libg-musl.a(fwrite.o)
 .comment       0x0000002b       0x2c c:/program files/microchip/xc32/v4.10/bin/bin/../../lib/gcc/pic32c/8.3.1/../../../../pic32c/lib/arm/v5te/nofp\libg-musl.a(putc.o)
 .comment       0x0000002b       0x2c c:/program files/microchip/xc32/v4.10/bin/bin/../../lib/gcc/pic32c/8.3.1/../../../../pic32c/lib/arm/v5te/nofp\libg-musl.a(setvbuf.o)
 .comment       0x0000002b       0x2c c:/program files/microchip/xc32/v4.10/bin/bin/../../lib/gcc/pic32c/8.3.1/../../../../pic32c/lib/arm/v5te/nofp\libg-musl.a(vfprintf.o)
 .comment       0x0000002b       0x2c c:/program files/microchip/xc32/v4.10/bin/bin/../../lib/gcc/pic32c/8.3.1/../../../../pic32c/lib/arm/v5te/nofp\libg-musl.a(strlen.o)
 .comment       0x0000002b       0x2c c:/program files/microchip/xc32/v4.10/bin/bin/../../lib/gcc/pic32c/8.3.1/../../../../pic32c/lib/arm/v5te/nofp\libg-musl.a(readv.o)
 .comment       0x0000002b       0x2c c:/program files/microchip/xc32/v4.10/bin/bin/../../lib/gcc/pic32c/8.3.1/../../../../pic32c/lib/arm/v5te/nofp\libg-musl.a(malloc.o)
 .comment       0x0000002b       0x2c c:/program files/microchip/xc32/v4.10/bin/bin/../../lib/gcc/pic32c/8.3.1/../../../../pic32c/lib/arm/v5te/nofp\libg-musl.a(expand_heap.o)
 .comment       0x0000002b       0x2c c:/program files/microchip/xc32/v4.10/bin/bin/../../lib/gcc/pic32c/8.3.1/../../../../pic32c/lib/arm/v5te/nofp\libg-musl.a(__init_stdio.o)
 .comment       0x0000002b       0x2c c:/program files/microchip/xc32/v4.10/bin/bin/../../lib/gcc/pic32c/8.3.1/../../../../pic32c/lib/arm/v5te/nofp\libg-musl.a(__out.o)
 .comment       0x0000002b       0x2c c:/program files/microchip/xc32/v4.10/bin/bin/../../lib/gcc/pic32c/8.3.1/../../../../pic32c/lib/arm/v5te/nofp\libg-musl.a(__printf_core.o)
 .comment       0x0000002b       0x2c c:/program files/microchip/xc32/v4.10/bin/bin/../../lib/gcc/pic32c/8.3.1/../../../../pic32c/lib/arm/v5te/nofp\libg-musl.a(__putc.o)
 .comment       0x0000002b       0x2c c:/program files/microchip/xc32/v4.10/bin/bin/../../lib/gcc/pic32c/8.3.1/../../../../pic32c/lib/arm/v5te/nofp\libg-musl.a(__stderr.o)
 .comment       0x0000002b       0x2c c:/program files/microchip/xc32/v4.10/bin/bin/../../lib/gcc/pic32c/8.3.1/../../../../pic32c/lib/arm/v5te/nofp\libg-musl.a(__stdio_close.o)
 .comment       0x0000002b       0x2c c:/program files/microchip/xc32/v4.10/bin/bin/../../lib/gcc/pic32c/8.3.1/../../../../pic32c/lib/arm/v5te/nofp\libg-musl.a(__stdio_write.o)
 .comment       0x0000002b       0x2c c:/program files/microchip/xc32/v4.10/bin/bin/../../lib/gcc/pic32c/8.3.1/../../../../pic32c/lib/arm/v5te/nofp\libg-musl.a(__stdout.o)
 .comment       0x0000002b       0x2c c:/program files/microchip/xc32/v4.10/bin/bin/../../lib/gcc/pic32c/8.3.1/../../../../pic32c/lib/arm/v5te/nofp\libg-musl.a(__towrite.o)
 .comment       0x0000002b       0x2c c:/program files/microchip/xc32/v4.10/bin/bin/../../lib/gcc/pic32c/8.3.1/../../../../pic32c/lib/arm/v5te/nofp\libg-musl.a(atoi.o)
 .comment       0x0000002b       0x2c c:/program files/microchip/xc32/v4.10/bin/bin/../../lib/gcc/pic32c/8.3.1/../../../../pic32c/lib/arm/v5te/nofp\libg-musl.a(memcpy.o)
 .comment       0x0000002b       0x2c c:/program files/microchip/xc32/v4.10/bin/bin/../../lib/gcc/pic32c/8.3.1/../../../../pic32c/lib/arm/v5te/nofp\libg-musl.a(writev.o)
 .comment       0x0000002b       0x2c c:/program files/microchip/xc32/v4.10/bin/bin/../../lib/gcc/pic32c/8.3.1/../../../../pic32c/lib/arm/v5te/nofp\libg-musl.a(tolower.o)
 .comment       0x0000002b       0x2c c:/program files/microchip/xc32/v4.10/bin/bin/../../lib/gcc/pic32c/8.3.1/../../../../pic32c/lib/arm/v5te/nofp\libg-musl.a(__errno_location.o)
 .comment       0x0000002b       0x2c c:/program files/microchip/xc32/v4.10/bin/bin/../../lib/gcc/pic32c/8.3.1/../../../../pic32c/lib/arm/v5te/nofp\libg-musl.a(__overflow.o)
 .comment       0x0000002b       0x2c c:/program files/microchip/xc32/v4.10/bin/bin/../../lib/gcc/pic32c/8.3.1/../../../../pic32c/lib/arm/v5te/nofp\libg-musl.a(__fmt_a.o)
 .comment       0x0000002b       0x2c c:/program files/microchip/xc32/v4.10/bin/bin/../../lib/gcc/pic32c/8.3.1/../../../../pic32c/lib/arm/v5te/nofp\libg-musl.a(__fmt_d.o)
 .comment       0x0000002b       0x2c c:/program files/microchip/xc32/v4.10/bin/bin/../../lib/gcc/pic32c/8.3.1/../../../../pic32c/lib/arm/v5te/nofp\libg-musl.a(__fmt_fp.o)
 .comment       0x0000002b       0x2c c:/program files/microchip/xc32/v4.10/bin/bin/../../lib/gcc/pic32c/8.3.1/../../../../pic32c/lib/arm/v5te/nofp\libg-musl.a(__fmt_o.o)
 .comment       0x0000002b       0x2c c:/program files/microchip/xc32/v4.10/bin/bin/../../lib/gcc/pic32c/8.3.1/../../../../pic32c/lib/arm/v5te/nofp\libg-musl.a(__fmt_s.o)
 .comment       0x0000002b       0x2c c:/program files/microchip/xc32/v4.10/bin/bin/../../lib/gcc/pic32c/8.3.1/../../../../pic32c/lib/arm/v5te/nofp\libg-musl.a(__fmt_u.o)
 .comment       0x0000002b       0x2c c:/program files/microchip/xc32/v4.10/bin/bin/../../lib/gcc/pic32c/8.3.1/../../../../pic32c/lib/arm/v5te/nofp\libg-musl.a(__fmt_x.o)
 .comment       0x0000002b       0x2c c:/program files/microchip/xc32/v4.10/bin/bin/../../lib/gcc/pic32c/8.3.1/../../../../pic32c/lib/arm/v5te/nofp\libg-musl.a(__fwrite.o)
 .comment       0x0000002b       0x2c c:/program files/microchip/xc32/v4.10/bin/bin/../../lib/gcc/pic32c/8.3.1/../../../../pic32c/lib/arm/v5te/nofp\libg-musl.a(__pop_float.o)
 .comment       0x0000002b       0x2c c:/program files/microchip/xc32/v4.10/bin/bin/../../lib/gcc/pic32c/8.3.1/../../../../pic32c/lib/arm/v5te/nofp\libg-musl.a(__pop_int.o)
 .comment       0x0000002b       0x2c c:/program files/microchip/xc32/v4.10/bin/bin/../../lib/gcc/pic32c/8.3.1/../../../../pic32c/lib/arm/v5te/nofp\libg-musl.a(__pop_ptr.o)
 .comment       0x0000002b       0x2c c:/program files/microchip/xc32/v4.10/bin/bin/../../lib/gcc/pic32c/8.3.1/../../../../pic32c/lib/arm/v5te/nofp\libg-musl.a(strcpy.o)
 .comment       0x0000002b       0x2c c:/program files/microchip/xc32/v4.10/bin/bin/../../lib/gcc/pic32c/8.3.1/../../../../pic32c/lib/arm/v5te/nofp\libg-musl.a(toupper.o)
 .comment       0x0000002b       0x2c c:/program files/microchip/xc32/v4.10/bin/bin/../../lib/gcc/pic32c/8.3.1/../../../../pic32c/lib/arm/v5te/nofp\libg-musl.a(stpcpy.o)
 .comment       0x0000002b       0x2c c:/program files/microchip/xc32/v4.10/bin/bin/../../lib/gcc/pic32c/8.3.1/../../../../pic32c/lib/arm/v5te/nofp\libm-musl.a(floor.o)
 .comment       0x0000002b       0x2c c:/program files/microchip/xc32/v4.10/bin/bin/../../lib/gcc/pic32c/8.3.1/../../../../pic32c/lib/arm/v5te/nofp\libm-musl.a(fma.o)
 .comment       0x0000002b       0x2c c:/program files/microchip/xc32/v4.10/bin/bin/../../lib/gcc/pic32c/8.3.1/../../../../pic32c/lib/arm/v5te/nofp\libm-musl.a(scalbn.o)
 .comment       0x0000002b       0x2c c:/program files/microchip/xc32/v4.10/bin/bin/../../lib/gcc/pic32c/8.3.1/../../../../pic32c/lib/arm/v5te/nofp\libpic32c.a(close.o)
 .comment       0x0000002b       0x2c c:/program files/microchip/xc32/v4.10/bin/bin/../../lib/gcc/pic32c/8.3.1/../../../../pic32c/lib/arm/v5te/nofp\libpic32c.a(lseek.o)
 .comment       0x0000002b       0x2c c:/program files/microchip/xc32/v4.10/bin/bin/../../lib/gcc/pic32c/8.3.1/../../../../pic32c/lib/arm/v5te/nofp\libpic32c.a(sbrk.o)

.debug_info     0x00000000    0x1e653
 .debug_info    0x00000000      0x944 build/sam_9x60_ek_poll/debug/_ext/1304349291/bsp.o
 .debug_info    0x00000944      0x892 build/sam_9x60_ek_poll/debug/_ext/812858308/plib_classd.o
 .debug_info    0x000011d6      0x318 build/sam_9x60_ek_poll/debug/_ext/1360937237/main.o
 .debug_info    0x000014ee     0x116e build/sam_9x60_ek_poll/debug/_ext/1119546267/initialization.o
 .debug_info    0x0000265c      0x7dc build/sam_9x60_ek_poll/debug/_ext/1119546267/interrupts.o
 .debug_info    0x00002e38      0x447 build/sam_9x60_ek_poll/debug/_ext/666503263/xc32_monitor.o
 .debug_info    0x0000327f      0xe06 build/sam_9x60_ek_poll/debug/_ext/247653036/plib_mmu.o
 .debug_info    0x00004085      0x88a build/sam_9x60_ek_poll/debug/_ext/247643385/plib_clk.o
 .debug_info    0x0000490f      0xed4 build/sam_9x60_ek_poll/debug/_ext/247655789/plib_pio.o
 .debug_info    0x000057e3      0xa37 build/sam_9x60_ek_poll/debug/_ext/247641362/plib_aic.o
 .debug_info    0x0000621a       0x22 build/sam_9x60_ek_poll/debug/_ext/1119546267/cstartup.o
 .debug_info    0x0000623c      0x2d0 build/sam_9x60_ek_poll/debug/_ext/1119546267/fault_handlers.o
 .debug_info    0x0000650c      0x94f build/sam_9x60_ek_poll/debug/_ext/1254915000/plib_tc0.o
 .debug_info    0x00006e5b      0x9c2 build/sam_9x60_ek_poll/debug/_ext/912969483/plib_dbgu.o
 .debug_info    0x0000781d     0x1129 build/sam_9x60_ek_poll/debug/_ext/2069146318/sys_int.o
 .debug_info    0x00008946      0xe57 build/sam_9x60_ek_poll/debug/_ext/1360937237/app.o
 .debug_info    0x0000979d      0x311 build/sam_9x60_ek_poll/debug/_ext/1119546267/tasks.o
 .debug_info    0x00009aae     0x29d1 build/sam_9x60_ek_poll/debug/_ext/1414961624/sys_time.o
 .debug_info    0x0000c47f       0x26 c:/program files/microchip/xc32/v4.10/bin/bin/../../lib/gcc/pic32c/8.3.1/arm/v5te/nofp\libgcc.a(_udivsi3.o)
 .debug_info    0x0000c4a5       0x26 c:/program files/microchip/xc32/v4.10/bin/bin/../../lib/gcc/pic32c/8.3.1/arm/v5te/nofp\libgcc.a(_divsi3.o)
 .debug_info    0x0000c4cb       0x26 c:/program files/microchip/xc32/v4.10/bin/bin/../../lib/gcc/pic32c/8.3.1/arm/v5te/nofp\libgcc.a(_dvmd_tls.o)
 .debug_info    0x0000c4f1       0x26 c:/program files/microchip/xc32/v4.10/bin/bin/../../lib/gcc/pic32c/8.3.1/arm/v5te/nofp\libgcc.a(_aeabi_uldivmod.o)
 .debug_info    0x0000c517      0x423 c:/program files/microchip/xc32/v4.10/bin/bin/../../lib/gcc/pic32c/8.3.1/arm/v5te/nofp\libgcc.a(_udivmoddi4.o)
 .debug_info    0x0000c93a      0x617 c:/program files/microchip/xc32/v4.10/bin/bin/../../lib/gcc/pic32c/8.3.1/../../../../pic32c/lib/arm/v5te/nofp\libg-musl.a(__libc_start_main.o)
 .debug_info    0x0000cf51      0x529 c:/program files/microchip/xc32/v4.10/bin/bin/../../lib/gcc/pic32c/8.3.1/../../../../pic32c/lib/arm/v5te/nofp\libg-musl.a(libc.o)
 .debug_info    0x0000d47a      0x6bb c:/program files/microchip/xc32/v4.10/bin/bin/../../lib/gcc/pic32c/8.3.1/../../../../pic32c/lib/arm/v5te/nofp\libg-musl.a(stdin.o)
 .debug_info    0x0000db35      0x477 c:/program files/microchip/xc32/v4.10/bin/bin/../../lib/gcc/pic32c/8.3.1/../../../../pic32c/lib/arm/v5te/nofp\libg-musl.a(stdout.o)
 .debug_info    0x0000dfac      0x331 c:/program files/microchip/xc32/v4.10/bin/bin/../../lib/gcc/pic32c/8.3.1/../../../../pic32c/lib/arm/v5te/nofp\libg-musl.a(printf.o)
 .debug_info    0x0000e2dd      0x63c c:/program files/microchip/xc32/v4.10/bin/bin/../../lib/gcc/pic32c/8.3.1/../../../../pic32c/lib/arm/v5te/nofp\libg-musl.a(puts.o)
 .debug_info    0x0000e919      0x2dc c:/program files/microchip/xc32/v4.10/bin/bin/../../lib/gcc/pic32c/8.3.1/../../../../pic32c/lib/arm/v5te/nofp\libg-musl.a(setbuf.o)
 .debug_info    0x0000ebf5      0x2a9 c:/program files/microchip/xc32/v4.10/bin/bin/../../lib/gcc/pic32c/8.3.1/../../../../pic32c/lib/arm/v5te/nofp\libg-musl.a(memset.o)
 .debug_info    0x0000ee9e      0x2a3 c:/program files/microchip/xc32/v4.10/bin/bin/../../lib/gcc/pic32c/8.3.1/../../../../pic32c/lib/arm/v5te/nofp\libg-musl.a(__environ.o)
 .debug_info    0x0000f141      0x64c c:/program files/microchip/xc32/v4.10/bin/bin/../../lib/gcc/pic32c/8.3.1/../../../../pic32c/lib/arm/v5te/nofp\libg-musl.a(fputs.o)
 .debug_info    0x0000f78d      0x69f c:/program files/microchip/xc32/v4.10/bin/bin/../../lib/gcc/pic32c/8.3.1/../../../../pic32c/lib/arm/v5te/nofp\libg-musl.a(__stdio_read.o)
 .debug_info    0x0000fe2c      0x5ce c:/program files/microchip/xc32/v4.10/bin/bin/../../lib/gcc/pic32c/8.3.1/../../../../pic32c/lib/arm/v5te/nofp\libg-musl.a(__towrite_rw.o)
 .debug_info    0x000103fa      0x4c7 c:/program files/microchip/xc32/v4.10/bin/bin/../../lib/gcc/pic32c/8.3.1/../../../../pic32c/lib/arm/v5te/nofp\libg-musl.a(fwrite.o)
 .debug_info    0x000108c1      0x49b c:/program files/microchip/xc32/v4.10/bin/bin/../../lib/gcc/pic32c/8.3.1/../../../../pic32c/lib/arm/v5te/nofp\libg-musl.a(putc.o)
 .debug_info    0x00010d5c      0x542 c:/program files/microchip/xc32/v4.10/bin/bin/../../lib/gcc/pic32c/8.3.1/../../../../pic32c/lib/arm/v5te/nofp\libg-musl.a(setvbuf.o)
 .debug_info    0x0001129e      0x6b7 c:/program files/microchip/xc32/v4.10/bin/bin/../../lib/gcc/pic32c/8.3.1/../../../../pic32c/lib/arm/v5te/nofp\libg-musl.a(vfprintf.o)
 .debug_info    0x00011955      0x29a c:/program files/microchip/xc32/v4.10/bin/bin/../../lib/gcc/pic32c/8.3.1/../../../../pic32c/lib/arm/v5te/nofp\libg-musl.a(strlen.o)
 .debug_info    0x00011bef      0x35a c:/program files/microchip/xc32/v4.10/bin/bin/../../lib/gcc/pic32c/8.3.1/../../../../pic32c/lib/arm/v5te/nofp\libg-musl.a(readv.o)
 .debug_info    0x00011f49     0x1394 c:/program files/microchip/xc32/v4.10/bin/bin/../../lib/gcc/pic32c/8.3.1/../../../../pic32c/lib/arm/v5te/nofp\libg-musl.a(malloc.o)
 .debug_info    0x000132dd      0x370 c:/program files/microchip/xc32/v4.10/bin/bin/../../lib/gcc/pic32c/8.3.1/../../../../pic32c/lib/arm/v5te/nofp\libg-musl.a(expand_heap.o)
 .debug_info    0x0001364d      0x320 c:/program files/microchip/xc32/v4.10/bin/bin/../../lib/gcc/pic32c/8.3.1/../../../../pic32c/lib/arm/v5te/nofp\libg-musl.a(__init_stdio.o)
 .debug_info    0x0001396d      0x524 c:/program files/microchip/xc32/v4.10/bin/bin/../../lib/gcc/pic32c/8.3.1/../../../../pic32c/lib/arm/v5te/nofp\libg-musl.a(__out.o)
 .debug_info    0x00013e91      0xceb c:/program files/microchip/xc32/v4.10/bin/bin/../../lib/gcc/pic32c/8.3.1/../../../../pic32c/lib/arm/v5te/nofp\libg-musl.a(__printf_core.o)
 .debug_info    0x00014b7c      0x4f9 c:/program files/microchip/xc32/v4.10/bin/bin/../../lib/gcc/pic32c/8.3.1/../../../../pic32c/lib/arm/v5te/nofp\libg-musl.a(__putc.o)
 .debug_info    0x00015075      0x65f c:/program files/microchip/xc32/v4.10/bin/bin/../../lib/gcc/pic32c/8.3.1/../../../../pic32c/lib/arm/v5te/nofp\libg-musl.a(__stderr.o)
 .debug_info    0x000156d4      0x6ae c:/program files/microchip/xc32/v4.10/bin/bin/../../lib/gcc/pic32c/8.3.1/../../../../pic32c/lib/arm/v5te/nofp\libg-musl.a(__stdio_close.o)
 .debug_info    0x00015d82      0x6ec c:/program files/microchip/xc32/v4.10/bin/bin/../../lib/gcc/pic32c/8.3.1/../../../../pic32c/lib/arm/v5te/nofp\libg-musl.a(__stdio_write.o)
 .debug_info    0x0001646e      0x65f c:/program files/microchip/xc32/v4.10/bin/bin/../../lib/gcc/pic32c/8.3.1/../../../../pic32c/lib/arm/v5te/nofp\libg-musl.a(__stdout.o)
 .debug_info    0x00016acd      0x4ea c:/program files/microchip/xc32/v4.10/bin/bin/../../lib/gcc/pic32c/8.3.1/../../../../pic32c/lib/arm/v5te/nofp\libg-musl.a(__towrite.o)
 .debug_info    0x00016fb7      0x2ef c:/program files/microchip/xc32/v4.10/bin/bin/../../lib/gcc/pic32c/8.3.1/../../../../pic32c/lib/arm/v5te/nofp\libg-musl.a(atoi.o)
 .debug_info    0x000172a6      0x2ea c:/program files/microchip/xc32/v4.10/bin/bin/../../lib/gcc/pic32c/8.3.1/../../../../pic32c/lib/arm/v5te/nofp\libg-musl.a(memcpy.o)
 .debug_info    0x00017590      0x35e c:/program files/microchip/xc32/v4.10/bin/bin/../../lib/gcc/pic32c/8.3.1/../../../../pic32c/lib/arm/v5te/nofp\libg-musl.a(writev.o)
 .debug_info    0x000178ee      0x347 c:/program files/microchip/xc32/v4.10/bin/bin/../../lib/gcc/pic32c/8.3.1/../../../../pic32c/lib/arm/v5te/nofp\libg-musl.a(tolower.o)
 .debug_info    0x00017c35      0x267 c:/program files/microchip/xc32/v4.10/bin/bin/../../lib/gcc/pic32c/8.3.1/../../../../pic32c/lib/arm/v5te/nofp\libg-musl.a(__errno_location.o)
 .debug_info    0x00017e9c      0x61c c:/program files/microchip/xc32/v4.10/bin/bin/../../lib/gcc/pic32c/8.3.1/../../../../pic32c/lib/arm/v5te/nofp\libg-musl.a(__overflow.o)
 .debug_info    0x000184b8      0x8c6 c:/program files/microchip/xc32/v4.10/bin/bin/../../lib/gcc/pic32c/8.3.1/../../../../pic32c/lib/arm/v5te/nofp\libg-musl.a(__fmt_a.o)
 .debug_info    0x00018d7e      0x5b6 c:/program files/microchip/xc32/v4.10/bin/bin/../../lib/gcc/pic32c/8.3.1/../../../../pic32c/lib/arm/v5te/nofp\libg-musl.a(__fmt_d.o)
 .debug_info    0x00019334      0x9c7 c:/program files/microchip/xc32/v4.10/bin/bin/../../lib/gcc/pic32c/8.3.1/../../../../pic32c/lib/arm/v5te/nofp\libg-musl.a(__fmt_fp.o)
 .debug_info    0x00019cfb      0x587 c:/program files/microchip/xc32/v4.10/bin/bin/../../lib/gcc/pic32c/8.3.1/../../../../pic32c/lib/arm/v5te/nofp\libg-musl.a(__fmt_o.o)
 .debug_info    0x0001a282      0x5c8 c:/program files/microchip/xc32/v4.10/bin/bin/../../lib/gcc/pic32c/8.3.1/../../../../pic32c/lib/arm/v5te/nofp\libg-musl.a(__fmt_s.o)
 .debug_info    0x0001a84a      0x64a c:/program files/microchip/xc32/v4.10/bin/bin/../../lib/gcc/pic32c/8.3.1/../../../../pic32c/lib/arm/v5te/nofp\libg-musl.a(__fmt_u.o)
 .debug_info    0x0001ae94      0x5ed c:/program files/microchip/xc32/v4.10/bin/bin/../../lib/gcc/pic32c/8.3.1/../../../../pic32c/lib/arm/v5te/nofp\libg-musl.a(__fmt_x.o)
 .debug_info    0x0001b481      0x57e c:/program files/microchip/xc32/v4.10/bin/bin/../../lib/gcc/pic32c/8.3.1/../../../../pic32c/lib/arm/v5te/nofp\libg-musl.a(__fwrite.o)
 .debug_info    0x0001b9ff      0x3d1 c:/program files/microchip/xc32/v4.10/bin/bin/../../lib/gcc/pic32c/8.3.1/../../../../pic32c/lib/arm/v5te/nofp\libg-musl.a(__pop_float.o)
 .debug_info    0x0001bdd0      0x3f5 c:/program files/microchip/xc32/v4.10/bin/bin/../../lib/gcc/pic32c/8.3.1/../../../../pic32c/lib/arm/v5te/nofp\libg-musl.a(__pop_int.o)
 .debug_info    0x0001c1c5      0x3fa c:/program files/microchip/xc32/v4.10/bin/bin/../../lib/gcc/pic32c/8.3.1/../../../../pic32c/lib/arm/v5te/nofp\libg-musl.a(__pop_ptr.o)
 .debug_info    0x0001c5bf      0x2a8 c:/program files/microchip/xc32/v4.10/bin/bin/../../lib/gcc/pic32c/8.3.1/../../../../pic32c/lib/arm/v5te/nofp\libg-musl.a(strcpy.o)
 .debug_info    0x0001c867      0x347 c:/program files/microchip/xc32/v4.10/bin/bin/../../lib/gcc/pic32c/8.3.1/../../../../pic32c/lib/arm/v5te/nofp\libg-musl.a(toupper.o)
 .debug_info    0x0001cbae      0x2ac c:/program files/microchip/xc32/v4.10/bin/bin/../../lib/gcc/pic32c/8.3.1/../../../../pic32c/lib/arm/v5te/nofp\libg-musl.a(stpcpy.o)
 .debug_info    0x0001ce5a      0x3d8 c:/program files/microchip/xc32/v4.10/bin/bin/../../lib/gcc/pic32c/8.3.1/../../../../pic32c/lib/arm/v5te/nofp\libm-musl.a(floor.o)
 .debug_info    0x0001d232      0x87b c:/program files/microchip/xc32/v4.10/bin/bin/../../lib/gcc/pic32c/8.3.1/../../../../pic32c/lib/arm/v5te/nofp\libm-musl.a(fma.o)
 .debug_info    0x0001daad      0x363 c:/program files/microchip/xc32/v4.10/bin/bin/../../lib/gcc/pic32c/8.3.1/../../../../pic32c/lib/arm/v5te/nofp\libm-musl.a(scalbn.o)
 .debug_info    0x0001de10      0x282 c:/program files/microchip/xc32/v4.10/bin/bin/../../lib/gcc/pic32c/8.3.1/../../../../pic32c/lib/arm/v5te/nofp\libpic32c.a(close.o)
 .debug_info    0x0001e092      0x282 c:/program files/microchip/xc32/v4.10/bin/bin/../../lib/gcc/pic32c/8.3.1/../../../../pic32c/lib/arm/v5te/nofp\libpic32c.a(lseek.o)
 .debug_info    0x0001e314      0x281 c:/program files/microchip/xc32/v4.10/bin/bin/../../lib/gcc/pic32c/8.3.1/../../../../pic32c/lib/arm/v5te/nofp\libpic32c.a(sbrk.o)
 .debug_info    0x0001e595       0x26 c:/program files/microchip/xc32/v4.10/bin/bin/../../lib/gcc/pic32c/8.3.1/arm/v5te/nofp\libgcc.a(_arm_addsubdf3.o)
 .debug_info    0x0001e5bb       0x26 c:/program files/microchip/xc32/v4.10/bin/bin/../../lib/gcc/pic32c/8.3.1/arm/v5te/nofp\libgcc.a(_arm_muldivdf3.o)
 .debug_info    0x0001e5e1       0x26 c:/program files/microchip/xc32/v4.10/bin/bin/../../lib/gcc/pic32c/8.3.1/arm/v5te/nofp\libgcc.a(_arm_cmpdf2.o)
 .debug_info    0x0001e607       0x26 c:/program files/microchip/xc32/v4.10/bin/bin/../../lib/gcc/pic32c/8.3.1/arm/v5te/nofp\libgcc.a(_arm_fixdfsi.o)
 .debug_info    0x0001e62d       0x26 c:/program files/microchip/xc32/v4.10/bin/bin/../../lib/gcc/pic32c/8.3.1/arm/v5te/nofp\libgcc.a(_arm_truncdfsf2.o)

.debug_abbrev   0x00000000     0x58ca
 .debug_abbrev  0x00000000       0x99 build/sam_9x60_ek_poll/debug/_ext/1304349291/bsp.o
 .debug_abbrev  0x00000099      0x1b3 build/sam_9x60_ek_poll/debug/_ext/812858308/plib_classd.o
 .debug_abbrev  0x0000024c       0x77 build/sam_9x60_ek_poll/debug/_ext/1360937237/main.o
 .debug_abbrev  0x000002c3      0x26c build/sam_9x60_ek_poll/debug/_ext/1119546267/initialization.o
 .debug_abbrev  0x0000052f       0xf9 build/sam_9x60_ek_poll/debug/_ext/1119546267/interrupts.o
 .debug_abbrev  0x00000628       0xb9 build/sam_9x60_ek_poll/debug/_ext/666503263/xc32_monitor.o
 .debug_abbrev  0x000006e1      0x242 build/sam_9x60_ek_poll/debug/_ext/247653036/plib_mmu.o
 .debug_abbrev  0x00000923      0x151 build/sam_9x60_ek_poll/debug/_ext/247643385/plib_clk.o
 .debug_abbrev  0x00000a74      0x255 build/sam_9x60_ek_poll/debug/_ext/247655789/plib_pio.o
 .debug_abbrev  0x00000cc9      0x1f0 build/sam_9x60_ek_poll/debug/_ext/247641362/plib_aic.o
 .debug_abbrev  0x00000eb9       0x12 build/sam_9x60_ek_poll/debug/_ext/1119546267/cstartup.o
 .debug_abbrev  0x00000ecb       0x33 build/sam_9x60_ek_poll/debug/_ext/1119546267/fault_handlers.o
 .debug_abbrev  0x00000efe      0x1bb build/sam_9x60_ek_poll/debug/_ext/1254915000/plib_tc0.o
 .debug_abbrev  0x000010b9      0x22c build/sam_9x60_ek_poll/debug/_ext/912969483/plib_dbgu.o
 .debug_abbrev  0x000012e5      0x290 build/sam_9x60_ek_poll/debug/_ext/2069146318/sys_int.o
 .debug_abbrev  0x00001575      0x249 build/sam_9x60_ek_poll/debug/_ext/1360937237/app.o
 .debug_abbrev  0x000017be       0x5c build/sam_9x60_ek_poll/debug/_ext/1119546267/tasks.o
 .debug_abbrev  0x0000181a      0x58b build/sam_9x60_ek_poll/debug/_ext/1414961624/sys_time.o
 .debug_abbrev  0x00001da5       0x14 c:/program files/microchip/xc32/v4.10/bin/bin/../../lib/gcc/pic32c/8.3.1/arm/v5te/nofp\libgcc.a(_udivsi3.o)
 .debug_abbrev  0x00001db9       0x14 c:/program files/microchip/xc32/v4.10/bin/bin/../../lib/gcc/pic32c/8.3.1/arm/v5te/nofp\libgcc.a(_divsi3.o)
 .debug_abbrev  0x00001dcd       0x14 c:/program files/microchip/xc32/v4.10/bin/bin/../../lib/gcc/pic32c/8.3.1/arm/v5te/nofp\libgcc.a(_dvmd_tls.o)
 .debug_abbrev  0x00001de1       0x14 c:/program files/microchip/xc32/v4.10/bin/bin/../../lib/gcc/pic32c/8.3.1/arm/v5te/nofp\libgcc.a(_aeabi_uldivmod.o)
 .debug_abbrev  0x00001df5       0x8e c:/program files/microchip/xc32/v4.10/bin/bin/../../lib/gcc/pic32c/8.3.1/arm/v5te/nofp\libgcc.a(_udivmoddi4.o)
 .debug_abbrev  0x00001e83      0x117 c:/program files/microchip/xc32/v4.10/bin/bin/../../lib/gcc/pic32c/8.3.1/../../../../pic32c/lib/arm/v5te/nofp\libg-musl.a(__libc_start_main.o)
 .debug_abbrev  0x00001f9a       0xb8 c:/program files/microchip/xc32/v4.10/bin/bin/../../lib/gcc/pic32c/8.3.1/../../../../pic32c/lib/arm/v5te/nofp\libg-musl.a(libc.o)
 .debug_abbrev  0x00002052      0x178 c:/program files/microchip/xc32/v4.10/bin/bin/../../lib/gcc/pic32c/8.3.1/../../../../pic32c/lib/arm/v5te/nofp\libg-musl.a(stdin.o)
 .debug_abbrev  0x000021ca      0x135 c:/program files/microchip/xc32/v4.10/bin/bin/../../lib/gcc/pic32c/8.3.1/../../../../pic32c/lib/arm/v5te/nofp\libg-musl.a(stdout.o)
 .debug_abbrev  0x000022ff      0x112 c:/program files/microchip/xc32/v4.10/bin/bin/../../lib/gcc/pic32c/8.3.1/../../../../pic32c/lib/arm/v5te/nofp\libg-musl.a(printf.o)
 .debug_abbrev  0x00002411      0x151 c:/program files/microchip/xc32/v4.10/bin/bin/../../lib/gcc/pic32c/8.3.1/../../../../pic32c/lib/arm/v5te/nofp\libg-musl.a(puts.o)
 .debug_abbrev  0x00002562       0xa0 c:/program files/microchip/xc32/v4.10/bin/bin/../../lib/gcc/pic32c/8.3.1/../../../../pic32c/lib/arm/v5te/nofp\libg-musl.a(setbuf.o)
 .debug_abbrev  0x00002602       0x97 c:/program files/microchip/xc32/v4.10/bin/bin/../../lib/gcc/pic32c/8.3.1/../../../../pic32c/lib/arm/v5te/nofp\libg-musl.a(memset.o)
 .debug_abbrev  0x00002699       0x57 c:/program files/microchip/xc32/v4.10/bin/bin/../../lib/gcc/pic32c/8.3.1/../../../../pic32c/lib/arm/v5te/nofp\libg-musl.a(__environ.o)
 .debug_abbrev  0x000026f0      0x12a c:/program files/microchip/xc32/v4.10/bin/bin/../../lib/gcc/pic32c/8.3.1/../../../../pic32c/lib/arm/v5te/nofp\libg-musl.a(fputs.o)
 .debug_abbrev  0x0000281a      0x150 c:/program files/microchip/xc32/v4.10/bin/bin/../../lib/gcc/pic32c/8.3.1/../../../../pic32c/lib/arm/v5te/nofp\libg-musl.a(__stdio_read.o)
 .debug_abbrev  0x0000296a       0xdc c:/program files/microchip/xc32/v4.10/bin/bin/../../lib/gcc/pic32c/8.3.1/../../../../pic32c/lib/arm/v5te/nofp\libg-musl.a(__towrite_rw.o)
 .debug_abbrev  0x00002a46      0x10f c:/program files/microchip/xc32/v4.10/bin/bin/../../lib/gcc/pic32c/8.3.1/../../../../pic32c/lib/arm/v5te/nofp\libg-musl.a(fwrite.o)
 .debug_abbrev  0x00002b55      0x109 c:/program files/microchip/xc32/v4.10/bin/bin/../../lib/gcc/pic32c/8.3.1/../../../../pic32c/lib/arm/v5te/nofp\libg-musl.a(putc.o)
 .debug_abbrev  0x00002c5e      0x11c c:/program files/microchip/xc32/v4.10/bin/bin/../../lib/gcc/pic32c/8.3.1/../../../../pic32c/lib/arm/v5te/nofp\libg-musl.a(setvbuf.o)
 .debug_abbrev  0x00002d7a      0x16d c:/program files/microchip/xc32/v4.10/bin/bin/../../lib/gcc/pic32c/8.3.1/../../../../pic32c/lib/arm/v5te/nofp\libg-musl.a(vfprintf.o)
 .debug_abbrev  0x00002ee7       0x86 c:/program files/microchip/xc32/v4.10/bin/bin/../../lib/gcc/pic32c/8.3.1/../../../../pic32c/lib/arm/v5te/nofp\libg-musl.a(strlen.o)
 .debug_abbrev  0x00002f6d       0xd8 c:/program files/microchip/xc32/v4.10/bin/bin/../../lib/gcc/pic32c/8.3.1/../../../../pic32c/lib/arm/v5te/nofp\libg-musl.a(readv.o)
 .debug_abbrev  0x00003045      0x413 c:/program files/microchip/xc32/v4.10/bin/bin/../../lib/gcc/pic32c/8.3.1/../../../../pic32c/lib/arm/v5te/nofp\libg-musl.a(malloc.o)
 .debug_abbrev  0x00003458       0xa5 c:/program files/microchip/xc32/v4.10/bin/bin/../../lib/gcc/pic32c/8.3.1/../../../../pic32c/lib/arm/v5te/nofp\libg-musl.a(expand_heap.o)
 .debug_abbrev  0x000034fd       0x5a c:/program files/microchip/xc32/v4.10/bin/bin/../../lib/gcc/pic32c/8.3.1/../../../../pic32c/lib/arm/v5te/nofp\libg-musl.a(__init_stdio.o)