Archive member included to satisfy reference by file (symbol)

c:/program files/microchip/xc32/v4.10/bin/bin/../../lib/gcc/pic32c/8.3.1/arm/v5te/nofp\libgcc.a(_udivsi3.o)
                              build/sam_9x60_ek_dma/debug/_ext/603586082/plib_dbgu.o (__aeabi_uidiv)
c:/program files/microchip/xc32/v4.10/bin/bin/../../lib/gcc/pic32c/8.3.1/arm/v5te/nofp\libgcc.a(_divsi3.o)
                              build/sam_9x60_ek_dma/debug/_ext/1363450107/sys_time.o (__aeabi_idiv)
c:/program files/microchip/xc32/v4.10/bin/bin/../../lib/gcc/pic32c/8.3.1/arm/v5te/nofp\libgcc.a(_dvmd_tls.o)
                              c:/program files/microchip/xc32/v4.10/bin/bin/../../lib/gcc/pic32c/8.3.1/arm/v5te/nofp\libgcc.a(_udivsi3.o) (__aeabi_idiv0)
c:/program files/microchip/xc32/v4.10/bin/bin/../../lib/gcc/pic32c/8.3.1/arm/v5te/nofp\libgcc.a(_aeabi_uldivmod.o)
                              build/sam_9x60_ek_dma/debug/_ext/1363450107/sys_time.o (__aeabi_uldivmod)
c:/program files/microchip/xc32/v4.10/bin/bin/../../lib/gcc/pic32c/8.3.1/arm/v5te/nofp\libgcc.a(_udivmoddi4.o)
                              c:/program files/microchip/xc32/v4.10/bin/bin/../../lib/gcc/pic32c/8.3.1/arm/v5te/nofp\libgcc.a(_aeabi_uldivmod.o) (__udivmoddi4)
c:/program files/microchip/xc32/v4.10/bin/bin/../../lib/gcc/pic32c/8.3.1/../../../../pic32c/lib/arm/v5te/nofp\libg-musl.a(__libc_start_main.o)
                              build/sam_9x60_ek_dma/debug/_ext/1975788654/cstartup.o (__libc_init_array)
c:/program files/microchip/xc32/v4.10/bin/bin/../../lib/gcc/pic32c/8.3.1/../../../../pic32c/lib/arm/v5te/nofp\libg-musl.a(libc.o)
                              c:/program files/microchip/xc32/v4.10/bin/bin/../../lib/gcc/pic32c/8.3.1/../../../../pic32c/lib/arm/v5te/nofp\libg-musl.a(__libc_start_main.o) (__progname_full)
c:/program files/microchip/xc32/v4.10/bin/bin/../../lib/gcc/pic32c/8.3.1/../../../../pic32c/lib/arm/v5te/nofp\libg-musl.a(stdin.o)
                              build/sam_9x60_ek_dma/debug/_ext/1975788654/initialization.o (_stdin)
c:/program files/microchip/xc32/v4.10/bin/bin/../../lib/gcc/pic32c/8.3.1/../../../../pic32c/lib/arm/v5te/nofp\libg-musl.a(stdout.o)
                              build/sam_9x60_ek_dma/debug/_ext/1975788654/initialization.o (_stdout)
c:/program files/microchip/xc32/v4.10/bin/bin/../../lib/gcc/pic32c/8.3.1/../../../../pic32c/lib/arm/v5te/nofp\libg-musl.a(printf.o)
                              build/sam_9x60_ek_dma/debug/_ext/1360937237/app.o (printf)
c:/program files/microchip/xc32/v4.10/bin/bin/../../lib/gcc/pic32c/8.3.1/../../../../pic32c/lib/arm/v5te/nofp\libg-musl.a(puts.o)
                              build/sam_9x60_ek_dma/debug/_ext/1360937237/app.o (puts)
c:/program files/microchip/xc32/v4.10/bin/bin/../../lib/gcc/pic32c/8.3.1/../../../../pic32c/lib/arm/v5te/nofp\libg-musl.a(setbuf.o)
                              build/sam_9x60_ek_dma/debug/_ext/1975788654/initialization.o (setbuf)
c:/program files/microchip/xc32/v4.10/bin/bin/../../lib/gcc/pic32c/8.3.1/../../../../pic32c/lib/arm/v5te/nofp\libg-musl.a(memset.o)
                              build/sam_9x60_ek_dma/debug/_ext/1363450107/sys_time.o (memset)
c:/program files/microchip/xc32/v4.10/bin/bin/../../lib/gcc/pic32c/8.3.1/../../../../pic32c/lib/arm/v5te/nofp\libg-musl.a(__environ.o)
                              c:/program files/microchip/xc32/v4.10/bin/bin/../../lib/gcc/pic32c/8.3.1/../../../../pic32c/lib/arm/v5te/nofp\libg-musl.a(__libc_start_main.o) (__environ)
c:/program files/microchip/xc32/v4.10/bin/bin/../../lib/gcc/pic32c/8.3.1/../../../../pic32c/lib/arm/v5te/nofp\libg-musl.a(fputs.o)
                              c:/program files/microchip/xc32/v4.10/bin/bin/../../lib/gcc/pic32c/8.3.1/../../../../pic32c/lib/arm/v5te/nofp\libg-musl.a(puts.o) (fputs)
c:/program files/microchip/xc32/v4.10/bin/bin/../../lib/gcc/pic32c/8.3.1/../../../../pic32c/lib/arm/v5te/nofp\libg-musl.a(__io_init_needed.o)
                              c:/program files/microchip/xc32/v4.10/bin/bin/../../lib/gcc/pic32c/8.3.1/../../../../pic32c/lib/arm/v5te/nofp\libg-musl.a(stdout.o) (__io_init_needed)
c:/program files/microchip/xc32/v4.10/bin/bin/../../lib/gcc/pic32c/8.3.1/../../../../pic32c/lib/arm/v5te/nofp\libg-musl.a(__io_rw_needed.o)
                              c:/program files/microchip/xc32/v4.10/bin/bin/../../lib/gcc/pic32c/8.3.1/../../../../pic32c/lib/arm/v5te/nofp\libg-musl.a(stdin.o) (__io_rw_needed)
c:/program files/microchip/xc32/v4.10/bin/bin/../../lib/gcc/pic32c/8.3.1/../../../../pic32c/lib/arm/v5te/nofp\libg-musl.a(__stdio_read.o)
                              c:/program files/microchip/xc32/v4.10/bin/bin/../../lib/gcc/pic32c/8.3.1/../../../../pic32c/lib/arm/v5te/nofp\libg-musl.a(stdin.o) (__stdio_read)
c:/program files/microchip/xc32/v4.10/bin/bin/../../lib/gcc/pic32c/8.3.1/../../../../pic32c/lib/arm/v5te/nofp\libg-musl.a(__towrite_rw.o)
[...]
Memory Configuration

Name             Origin             Length             Attributes
sram             0x00300000         0x00010000         xw
ram              0x21000000         0x0f000000         xwl !r
ram_nocache      0x20000000         0x01000000         !xrw
rom              0x00000000         0x00000000         xrl
*default*        0x00000000         0xffffffff

Linker script and memory map

LOAD c:/program files/microchip/xc32/v4.10/bin/bin/../../lib/gcc/pic32c/8.3.1/arm/v5te/nofp/crti.o
LOAD c:/program files/microchip/xc32/v4.10/bin/bin/../../lib/gcc/pic32c/8.3.1/arm/v5te/nofp/crtbegin.o
LOAD build/sam_9x60_ek_dma/debug/_ext/1658590313/plib_classd.o
LOAD build/sam_9x60_ek_dma/debug/_ext/183934530/bsp.o
LOAD build/sam_9x60_ek_dma/debug/_ext/19467845/plib_aic.o
LOAD build/sam_9x60_ek_dma/debug/_ext/19469868/plib_clk.o
LOAD build/sam_9x60_ek_dma/debug/_ext/603586082/plib_dbgu.o
LOAD build/sam_9x60_ek_dma/debug/_ext/19479519/plib_mmu.o
LOAD build/sam_9x60_ek_dma/debug/_ext/19482272/plib_pio.o
LOAD build/sam_9x60_ek_dma/debug/_ext/1939034075/plib_tc0.o
LOAD build/sam_9x60_ek_dma/debug/_ext/1549834605/plib_xdmac.o
LOAD build/sam_9x60_ek_dma/debug/_ext/683145676/xc32_monitor.o
LOAD build/sam_9x60_ek_dma/debug/_ext/474184447/sys_cache.o
LOAD build/sam_9x60_ek_dma/debug/_ext/1840972801/sys_int.o
LOAD build/sam_9x60_ek_dma/debug/_ext/1363450107/sys_time.o
LOAD build/sam_9x60_ek_dma/debug/_ext/1975788654/initialization.o
LOAD build/sam_9x60_ek_dma/debug/_ext/1975788654/interrupts.o
LOAD build/sam_9x60_ek_dma/debug/_ext/1975788654/cstartup.o
LOAD build/sam_9x60_ek_dma/debug/_ext/1975788654/fault_handlers.o
LOAD build/sam_9x60_ek_dma/debug/_ext/1975788654/tasks.o
LOAD build/sam_9x60_ek_dma/debug/_ext/1360937237/main.o
LOAD build/sam_9x60_ek_dma/debug/_ext/1360937237/app.o
                0x00000001                __MPLAB_BUILD = 0x1
                0x00001000                C_STACK_SIZE = 0x1000
                0x00000060                IRQ_STACK_SIZE = 0x60
                0x00000060                FIQ_STACK_SIZE = 0x60
                0x00001000                SVC_STACK_SIZE = 0x1000
                0x00000040                ABT_STACK_SIZE = 0x40
                0x00000040                UND_STACK_SIZE = 0x40

.text           0x23f00000     0x605c
                0x23f00000                . = ALIGN (0x4)
                [!provide]                PROVIDE (_sfixed = .)
 *(.textEntry)
 .textEntry     0x23f00000      0x10c build/sam_9x60_ek_dma/debug/_ext/1975788654/cstartup.o
                0x23f00000                entry
 *(.text .text.* .gnu.linkonce.t.*)
 .text          0x23f0010c       0x70 c:/program files/microchip/xc32/v4.10/bin/bin/../../lib/gcc/pic32c/8.3.1/arm/v5te/nofp/crtbegin.o
 .text.classD_dma_complete
                0x23f0017c       0x24 build/sam_9x60_ek_dma/debug/_ext/1658590313/plib_classd.o
                0x23f0017c                classD_dma_complete
 .text.CLASSD_Transfer
                0x23f001a0       0x20 build/sam_9x60_ek_dma/debug/_ext/1658590313/plib_classd.o
                0x23f001a0                CLASSD_Transfer
 .text.CLASSD_AttenuationSet
                0x23f001c0       0x40 build/sam_9x60_ek_dma/debug/_ext/1658590313/plib_classd.o
                0x23f001c0                CLASSD_AttenuationSet
 .text.CLASSD_CallbackRegister
                0x23f00200       0x14 build/sam_9x60_ek_dma/debug/_ext/1658590313/plib_classd.o
                0x23f00200                CLASSD_CallbackRegister
 .text.CLASSD_Initialize
                0x23f00214       0xa4 build/sam_9x60_ek_dma/debug/_ext/1658590313/plib_classd.o
                0x23f00214                CLASSD_Initialize
 .text.BSP_Initialize
                0x23f002b8       0x20 build/sam_9x60_ek_dma/debug/_ext/183934530/bsp.o
                0x23f002b8                BSP_Initialize
 .text.AIC_INT_Initialize
                0x23f002d8      0x118 build/sam_9x60_ek_dma/debug/_ext/19467845/plib_aic.o
                0x23f002d8                AIC_INT_Initialize
 .text.AIC_INT_IrqDisable
                0x23f003f0       0x30 build/sam_9x60_ek_dma/debug/_ext/19467845/plib_aic.o
                0x23f003f0                AIC_INT_IrqDisable
 .text.AIC_INT_IrqRestore
                0x23f00420       0x28 build/sam_9x60_ek_dma/debug/_ext/19467845/plib_aic.o
                0x23f00420                AIC_INT_IrqRestore
 .text.CLK_Initialize
                0x23f00448       0xb8 build/sam_9x60_ek_dma/debug/_ext/19469868/plib_clk.o
                0x23f00448                CLK_Initialize
 .text.DBGU_Initialize
                0x23f00500       0x28 build/sam_9x60_ek_dma/debug/_ext/603586082/plib_dbgu.o
                0x23f00500                DBGU_Initialize
 .text.DBGU_ErrorGet
                0x23f00528       0x3c build/sam_9x60_ek_dma/debug/_ext/603586082/plib_dbgu.o
                0x23f00528                DBGU_ErrorGet
 .text.DBGU_Read
                0x23f00564       0x8c build/sam_9x60_ek_dma/debug/_ext/603586082/plib_dbgu.o
                0x23f00564                DBGU_Read
 .text.DBGU_Write
                0x23f005f0       0x60 build/sam_9x60_ek_dma/debug/_ext/603586082/plib_dbgu.o
                0x23f005f0                DBGU_Write
 .text.icache_InvalidateAll
                0x23f00650        0xc build/sam_9x60_ek_dma/debug/_ext/19479519/plib_mmu.o
                0x23f00650                icache_InvalidateAll
 .text.icache_Enable
                0x23f0065c       0x20 build/sam_9x60_ek_dma/debug/_ext/19479519/plib_mmu.o
                0x23f0065c                icache_Enable
 .text.dcache_InvalidateAll
                0x23f0067c       0x38 build/sam_9x60_ek_dma/debug/_ext/19479519/plib_mmu.o
                0x23f0067c                dcache_InvalidateAll
 .text.dcache_Enable
                0x23f006b4       0x20 build/sam_9x60_ek_dma/debug/_ext/19479519/plib_mmu.o
                0x23f006b4                dcache_Enable
 .text.MMU_Initialize
                0x23f006d4      0x244 build/sam_9x60_ek_dma/debug/_ext/19479519/plib_mmu.o
                0x23f006d4                MMU_Initialize
 .text.PIO_Initialize
                0x23f00918      0x104 build/sam_9x60_ek_dma/debug/_ext/19482272/plib_pio.o
                0x23f00918                PIO_Initialize
 .text.PIO_PortInterruptEnable
                0x23f00a1c        0x8 build/sam_9x60_ek_dma/debug/_ext/19482272/plib_pio.o
                0x23f00a1c                PIO_PortInterruptEnable
 .text.PIO_PinInterruptCallbackRegister
                0x23f00a24       0xa4 build/sam_9x60_ek_dma/debug/_ext/19482272/plib_pio.o
                0x23f00a24                PIO_PinInterruptCallbackRegister
 .text.PIO_Interrupt_Handler
                0x23f00ac8       0x7c build/sam_9x60_ek_dma/debug/_ext/19482272/plib_pio.o
                0x23f00ac8                PIO_Interrupt_Handler
 .text.PIOD_InterruptHandler
                0x23f00b44       0x14 build/sam_9x60_ek_dma/debug/_ext/19482272/plib_pio.o
                0x23f00b44                PIOD_InterruptHandler
 .text.TC0_CH0_TimerInitialize
                0x23f00b58       0x38 build/sam_9x60_ek_dma/debug/_ext/1939034075/plib_tc0.o
                0x23f00b58                TC0_CH0_TimerInitialize
 .text.TC0_CH0_TimerStart
                0x23f00b90       0x14 build/sam_9x60_ek_dma/debug/_ext/1939034075/plib_tc0.o
                0x23f00b90                TC0_CH0_TimerStart
 .text.TC0_CH0_TimerStop
                0x23f00ba4       0x14 build/sam_9x60_ek_dma/debug/_ext/1939034075/plib_tc0.o
                0x23f00ba4                TC0_CH0_TimerStop
 .text.TC0_CH0_TimerFrequencyGet
                0x23f00bb8        0xc build/sam_9x60_ek_dma/debug/_ext/1939034075/plib_tc0.o
                0x23f00bb8                TC0_CH0_TimerFrequencyGet
 .text.TC0_CH0_TimerPeriodSet
                0x23f00bc4       0x10 build/sam_9x60_ek_dma/debug/_ext/1939034075/plib_tc0.o
                0x23f00bc4                TC0_CH0_TimerPeriodSet
 .text.TC0_CH0_TimerCompareSet
                0x23f00bd4       0x10 build/sam_9x60_ek_dma/debug/_ext/1939034075/plib_tc0.o
                0x23f00bd4                TC0_CH0_TimerCompareSet
 .text.TC0_CH0_TimerCounterGet
                0x23f00be4       0x10 build/sam_9x60_ek_dma/debug/_ext/1939034075/plib_tc0.o
                0x23f00be4                TC0_CH0_TimerCounterGet
 .text.TC0_CH0_TimerCallbackRegister
                0x23f00bf4       0x14 build/sam_9x60_ek_dma/debug/_ext/1939034075/plib_tc0.o
                0x23f00bf4                TC0_CH0_TimerCallbackRegister
 .text.TC0_CH0_InterruptHandler
                0x23f00c08       0x3c build/sam_9x60_ek_dma/debug/_ext/1939034075/plib_tc0.o
                0x23f00c08                TC0_CH0_InterruptHandler
 .text.TC0_InterruptHandler
                0x23f00c44        0xc build/sam_9x60_ek_dma/debug/_ext/1939034075/plib_tc0.o
                0x23f00c44                TC0_InterruptHandler
 .text.XDMAC_InterruptHandler
                0x23f00c50       0xbc build/sam_9x60_ek_dma/debug/_ext/1549834605/plib_xdmac.o
                0x23f00c50                XDMAC_InterruptHandler
 .text.XDMAC_Initialize
                0x23f00d0c       0x44 build/sam_9x60_ek_dma/debug/_ext/1549834605/plib_xdmac.o
                0x23f00d0c                XDMAC_Initialize
 .text.XDMAC_ChannelCallbackRegister
                0x23f00d50       0x18 build/sam_9x60_ek_dma/debug/_ext/1549834605/plib_xdmac.o
                0x23f00d50                XDMAC_ChannelCallbackRegister
 .text.XDMAC_ChannelTransfer
                0x23f00d68       0x8c build/sam_9x60_ek_dma/debug/_ext/1549834605/plib_xdmac.o
                0x23f00d68                XDMAC_ChannelTransfer
 .text.XDMAC_ChannelSettingsGet
                0x23f00df4       0x14 build/sam_9x60_ek_dma/debug/_ext/1549834605/plib_xdmac.o
                0x23f00df4                XDMAC_ChannelSettingsGet
 .text.XDMAC_ChannelSettingsSet
                0x23f00e08       0x24 build/sam_9x60_ek_dma/debug/_ext/1549834605/plib_xdmac.o
                0x23f00e08                XDMAC_ChannelSettingsSet
 .text.read     0x23f00e2c       0x48 build/sam_9x60_ek_dma/debug/_ext/683145676/xc32_monitor.o
                0x23f00e2c                read
 .text.write    0x23f00e74       0x34 build/sam_9x60_ek_dma/debug/_ext/683145676/xc32_monitor.o
                0x23f00e74                write
 .text.SYS_INT_Disable
                0x23f00ea8        0xc build/sam_9x60_ek_dma/debug/_ext/1840972801/sys_int.o
                0x23f00ea8                SYS_INT_Disable
 .text.SYS_INT_Restore
                0x23f00eb4        0xc build/sam_9x60_ek_dma/debug/_ext/1840972801/sys_int.o
                0x23f00eb4                SYS_INT_Restore
 .text.SYS_INT_SourceIsEnabled
                0x23f00ec0       0x28 build/sam_9x60_ek_dma/debug/_ext/1840972801/sys_int.o
                0x23f00ec0                SYS_INT_SourceIsEnabled
 .text.SYS_INT_SourceEnable
                0x23f00ee8       0x28 build/sam_9x60_ek_dma/debug/_ext/1840972801/sys_int.o
                0x23f00ee8                SYS_INT_SourceEnable
 .text.SYS_INT_SourceDisable
                0x23f00f10       0x3c build/sam_9x60_ek_dma/debug/_ext/1840972801/sys_int.o
                0x23f00f10                SYS_INT_SourceDisable
 .text.SYS_TIME_GetTimerObject
                0x23f00f4c       0x70 build/sam_9x60_ek_dma/debug/_ext/1363450107/sys_time.o
 .text.SYS_TIME_HwTimerCompareUpdate
                0x23f00fbc       0xfc build/sam_9x60_ek_dma/debug/_ext/1363450107/sys_time.o
 .text.SYS_TIME_RemoveFromList
                0x23f010b8       0x94 build/sam_9x60_ek_dma/debug/_ext/1363450107/sys_time.o
 .text.SYS_TIME_AddToList
                0x23f0114c       0xe0 build/sam_9x60_ek_dma/debug/_ext/1363450107/sys_time.o
 .text.SYS_TIME_UpdateTimerList
                0x23f0122c       0x74 build/sam_9x60_ek_dma/debug/_ext/1363450107/sys_time.o
 .text.SYS_TIME_ResourceLock
                0x23f012a0       0x54 build/sam_9x60_ek_dma/debug/_ext/1363450107/sys_time.o
 .text.SYS_TIME_ResourceUnlock
                0x23f012f4       0x28 build/sam_9x60_ek_dma/debug/_ext/1363450107/sys_time.o
 .text.SYS_TIME_Initialize
                0x23f0131c      0x11c build/sam_9x60_ek_dma/debug/_ext/1363450107/sys_time.o
                0x23f0131c                SYS_TIME_Initialize
 .text.SYS_TIME_Counter64Get
                0x23f01438       0x48 build/sam_9x60_ek_dma/debug/_ext/1363450107/sys_time.o
                0x23f01438                SYS_TIME_Counter64Get
 .text.SYS_TIME_CounterGet
                0x23f01480        0xc build/sam_9x60_ek_dma/debug/_ext/1363450107/sys_time.o
                0x23f01480                SYS_TIME_CounterGet
 .text.SYS_TIME_CountToMS
                0x23f0148c       0x5c build/sam_9x60_ek_dma/debug/_ext/1363450107/sys_time.o
                0x23f0148c                SYS_TIME_CountToMS
 .text.SYS_TIME_TimerDestroy
                0x23f014e8       0x6c build/sam_9x60_ek_dma/debug/_ext/1363450107/sys_time.o
                0x23f014e8                SYS_TIME_TimerDestroy
 .text.SYS_TIME_PLIBCallback
                0x23f01554      0x174 build/sam_9x60_ek_dma/debug/_ext/1363450107/sys_time.o
 .text.SYS_Initialize
                0x23f016c8       0xf0 build/sam_9x60_ek_dma/debug/_ext/1975788654/initialization.o
                0x23f016c8                SYS_Initialize
 .text.SYSC_SharedHandler
                0x23f017b8        0x4 build/sam_9x60_ek_dma/debug/_ext/1975788654/interrupts.o
                0x23f017b8                SYSC_SharedHandler
 .text.DefaultInterruptHandlerForSpurious
                0x23f017bc       0x18 build/sam_9x60_ek_dma/debug/_ext/1975788654/interrupts.o
                0x23f017bc                DefaultInterruptHandlerForSpurious
 *fill*         0x23f017d4        0xc 
 .text          0x23f017e0       0xa0 build/sam_9x60_ek_dma/debug/_ext/1975788654/cstartup.o
 .text.undefined_instruction_irq_handler
                0x23f01880        0x4 build/sam_9x60_ek_dma/debug/_ext/1975788654/fault_handlers.o
                0x23f01880                undefined_instruction_irq_handler
 .text.software_interrupt_irq_handler
                0x23f01884        0x4 build/sam_9x60_ek_dma/debug/_ext/1975788654/fault_handlers.o
                0x23f01884                software_interrupt_irq_handler
 .text.data_abort_irq_handler
                0x23f01888        0x4 build/sam_9x60_ek_dma/debug/_ext/1975788654/fault_handlers.o
                0x23f01888                data_abort_irq_handler
 .text.prefetch_abort_irq_handler
                0x23f0188c        0x4 build/sam_9x60_ek_dma/debug/_ext/1975788654/fault_handlers.o
                0x23f0188c                prefetch_abort_irq_handler
 .text.SYS_Tasks
                0x23f01890        0xc build/sam_9x60_ek_dma/debug/_ext/1975788654/tasks.o
                0x23f01890                SYS_Tasks
 .text.main     0x23f0189c       0x14 build/sam_9x60_ek_dma/debug/_ext/1360937237/main.o
                0x23f0189c                main
 .text.app_transferComplete
                0x23f018b0       0x10 build/sam_9x60_ek_dma/debug/_ext/1360937237/app.o
                0x23f018b0                app_transferComplete
 .text.playMusic
                0x23f018c0       0xd4 build/sam_9x60_ek_dma/debug/_ext/1360937237/app.o
                0x23f018c0                playMusic
 .text._volume_change
                0x23f01994       0xa8 build/sam_9x60_ek_dma/debug/_ext/1360937237/app.o
                0x23f01994                _volume_change
 .text._music_playback
                0x23f01a3c       0x1c build/sam_9x60_ek_dma/debug/_ext/1360937237/app.o
                0x23f01a3c                _music_playback
 .text.APP_Initialize
                0x23f01a58       0x14 build/sam_9x60_ek_dma/debug/_ext/1360937237/app.o
                0x23f01a58                APP_Initialize
 .text.APP_Tasks
                0x23f01a6c       0xf4 build/sam_9x60_ek_dma/debug/_ext/1360937237/app.o
                0x23f01a6c                APP_Tasks
 .text          0x23f01b60       0xc8 c:/program files/microchip/xc32/v4.10/bin/bin/../../lib/gcc/pic32c/8.3.1/arm/v5te/nofp\libgcc.a(_udivsi3.o)
                0x23f01b60                __aeabi_uidiv
                0x23f01b60                __udivsi3
                0x23f01c08                __aeabi_uidivmod
 .text          0x23f01c28       0xfc c:/program files/microchip/xc32/v4.10/bin/bin/../../lib/gcc/pic32c/8.3.1/arm/v5te/nofp\libgcc.a(_divsi3.o)
                0x23f01c28                __divsi3
                0x23f01c28                __aeabi_idiv
                0x23f01d04                __aeabi_idivmod
 .text          0x23f01d24        0x4 c:/program files/microchip/xc32/v4.10/bin/bin/../../lib/gcc/pic32c/8.3.1/arm/v5te/nofp\libgcc.a(_dvmd_tls.o)
                0x23f01d24                __aeabi_idiv0
                0x23f01d24                __aeabi_ldiv0
 .text          0x23f01d28       0x3c c:/program files/microchip/xc32/v4.10/bin/bin/../../lib/gcc/pic32c/8.3.1/arm/v5te/nofp\libgcc.a(_aeabi_uldivmod.o)
                0x23f01d28                __aeabi_uldivmod
 .text          0x23f01d64      0x12c c:/program files/microchip/xc32/v4.10/bin/bin/../../lib/gcc/pic32c/8.3.1/arm/v5te/nofp\libgcc.a(_udivmoddi4.o)
                0x23f01d64                __udivmoddi4
 .text.__dummy  0x23f01e90        0x4 c:/program files/microchip/xc32/v4.10/bin/bin/../../lib/gcc/pic32c/8.3.1/../../../../pic32c/lib/arm/v5te/nofp\libg-musl.a(__libc_start_main.o)
                0x23f01e90                __init_host
 .text.__libc_start_init
                0x23f01e94       0x88 c:/program files/microchip/xc32/v4.10/bin/bin/../../lib/gcc/pic32c/8.3.1/../../../../pic32c/lib/arm/v5te/nofp\libg-musl.a(__libc_start_main.o)
                0x23f01e94                __libc_init_array
 .text.__dummy  0x23f01f1c        0xc c:/program files/microchip/xc32/v4.10/bin/bin/../../lib/gcc/pic32c/8.3.1/../../../../pic32c/lib/arm/v5te/nofp\libg-musl.a(stdin.o)
                0x23f01f1c                __stdio_seek_rw
 .text.__init_stdout
                0x23f01f28       0x1c c:/program files/microchip/xc32/v4.10/bin/bin/../../lib/gcc/pic32c/8.3.1/../../../../pic32c/lib/arm/v5te/nofp\libg-musl.a(stdout.o)
                0x23f01f28                __init_stdout
 .text.printf   0x23f01f44       0x38 c:/program files/microchip/xc32/v4.10/bin/bin/../../lib/gcc/pic32c/8.3.1/../../../../pic32c/lib/arm/v5te/nofp\libg-musl.a(printf.o)
                0x23f01f44                __printf_u
                0x23f01f44                printf
 .text.puts     0x23f01f7c       0x40 c:/program files/microchip/xc32/v4.10/bin/bin/../../lib/gcc/pic32c/8.3.1/../../../../pic32c/lib/arm/v5te/nofp\libg-musl.a(puts.o)
                0x23f01f7c                puts
 .text.setbuf   0x23f01fbc       0x14 c:/program files/microchip/xc32/v4.10/bin/bin/../../lib/gcc/pic32c/8.3.1/../../../../pic32c/lib/arm/v5te/nofp\libg-musl.a(setbuf.o)
                0x23f01fbc                setbuf
 .text.memset   0x23f01fd0       0x18 c:/program files/microchip/xc32/v4.10/bin/bin/../../lib/gcc/pic32c/8.3.1/../../../../pic32c/lib/arm/v5te/nofp\libg-musl.a(memset.o)
                0x23f01fd0                memset
 .text.fputs    0x23f01fe8       0x34 c:/program files/microchip/xc32/v4.10/bin/bin/../../lib/gcc/pic32c/8.3.1/../../../../pic32c/lib/arm/v5te/nofp\libg-musl.a(fputs.o)
                0x23f01fe8                fputs
                0x23f01fe8                fputs_unlocked
 .text.__stdio_read
                0x23f0201c       0xac c:/program files/microchip/xc32/v4.10/bin/bin/../../lib/gcc/pic32c/8.3.1/../../../../pic32c/lib/arm/v5te/nofp\libg-musl.a(__stdio_read.o)
                0x23f0201c                __stdio_read
 .text.__towrite_rw
                0x23f020c8       0x34 c:/program files/microchip/xc32/v4.10/bin/bin/../../lib/gcc/pic32c/8.3.1/../../../../pic32c/lib/arm/v5te/nofp\libg-musl.a(__towrite_rw.o)
                0x23f020c8                __towrite_rw
                0x23f020c8                __towrite_rw_needed
 .text.fwrite   0x23f020fc       0x48 c:/program files/microchip/xc32/v4.10/bin/bin/../../lib/gcc/pic32c/8.3.1/../../../../pic32c/lib/arm/v5te/nofp\libg-musl.a(fwrite.o)
                0x23f020fc                fwrite
                0x23f020fc                fwrite_unlocked
 .text.__putc_unbuffered
                0x23f02144       0x50 c:/program files/microchip/xc32/v4.10/bin/bin/../../lib/gcc/pic32c/8.3.1/../../../../pic32c/lib/arm/v5te/nofp\libg-musl.a(putc.o)
                0x23f02144                __putc_unbuffered
 .text.putc     0x23f02194        0xc c:/program files/microchip/xc32/v4.10/bin/bin/../../lib/gcc/pic32c/8.3.1/../../../../pic32c/lib/arm/v5te/nofp\libg-musl.a(putc.o)
                0x23f02194                putc
                0x23f02194                fputc
                0x23f02194                _IO_putc
                0x23f02194                putc_unlocked
 .text.setvbuf  0x23f021a0       0x80 c:/program files/microchip/xc32/v4.10/bin/bin/../../lib/gcc/pic32c/8.3.1/../../../../pic32c/lib/arm/v5te/nofp\libg-musl.a(setvbuf.o)
                0x23f021a0                setvbuf
 .text.vfprintf
                0x23f02220       0x28 c:/program files/microchip/xc32/v4.10/bin/bin/../../lib/gcc/pic32c/8.3.1/../../../../pic32c/lib/arm/v5te/nofp\libg-musl.a(vfprintf.o)
                0x23f02220                vfprintf
 .text.strlen   0x23f02248       0x20 c:/program files/microchip/xc32/v4.10/bin/bin/../../lib/gcc/pic32c/8.3.1/../../../../pic32c/lib/arm/v5te/nofp\libg-musl.a(strlen.o)
                0x23f02248                strlen
 .text.__readv  0x23f02268       0x44 c:/program files/microchip/xc32/v4.10/bin/bin/../../lib/gcc/pic32c/8.3.1/../../../../pic32c/lib/arm/v5te/nofp\libg-musl.a(readv.o)
                0x23f02268                readv
 .text.bin_index
                0x23f022ac       0x48 c:/program files/microchip/xc32/v4.10/bin/bin/../../lib/gcc/pic32c/8.3.1/../../../../pic32c/lib/arm/v5te/nofp\libg-musl.a(malloc.o)
 .text.adjust_size
                0x23f022f4       0x60 c:/program files/microchip/xc32/v4.10/bin/bin/../../lib/gcc/pic32c/8.3.1/../../../../pic32c/lib/arm/v5te/nofp\libg-musl.a(malloc.o)
 .text.lock_bin
                0x23f02354       0x34 c:/program files/microchip/xc32/v4.10/bin/bin/../../lib/gcc/pic32c/8.3.1/../../../../pic32c/lib/arm/v5te/nofp\libg-musl.a(malloc.o)
 .text.unbin    0x23f02388       0x84 c:/program files/microchip/xc32/v4.10/bin/bin/../../lib/gcc/pic32c/8.3.1/../../../../pic32c/lib/arm/v5te/nofp\libg-musl.a(malloc.o)
 .text.alloc_fwd
                0x23f0240c       0x4c c:/program files/microchip/xc32/v4.10/bin/bin/../../lib/gcc/pic32c/8.3.1/../../../../pic32c/lib/arm/v5te/nofp\libg-musl.a(malloc.o)
 .text.alloc_rev
                0x23f02458       0x50 c:/program files/microchip/xc32/v4.10/bin/bin/../../lib/gcc/pic32c/8.3.1/../../../../pic32c/lib/arm/v5te/nofp\libg-musl.a(malloc.o)
 .text.free     0x23f024a8      0x150 c:/program files/microchip/xc32/v4.10/bin/bin/../../lib/gcc/pic32c/8.3.1/../../../../pic32c/lib/arm/v5te/nofp\libg-musl.a(malloc.o)
                0x23f024a8                free
 .text.trim     0x23f025f8       0x40 c:/program files/microchip/xc32/v4.10/bin/bin/../../lib/gcc/pic32c/8.3.1/../../../../pic32c/lib/arm/v5te/nofp\libg-musl.a(malloc.o)
 .text.malloc   0x23f02638      0x278 c:/program files/microchip/xc32/v4.10/bin/bin/../../lib/gcc/pic32c/8.3.1/../../../../pic32c/lib/arm/v5te/nofp\libg-musl.a(malloc.o)
                0x23f02638                malloc
 .text.__expand_heap
                0x23f028b0       0x2c c:/program files/microchip/xc32/v4.10/bin/bin/../../lib/gcc/pic32c/8.3.1/../../../../pic32c/lib/arm/v5te/nofp\libg-musl.a(expand_heap.o)
                0x23f028b0                __expand_heap
 .text.__dummy  0x23f028dc        0x4 c:/program files/microchip/xc32/v4.10/bin/bin/../../lib/gcc/pic32c/8.3.1/../../../../pic32c/lib/arm/v5te/nofp\libg-musl.a(__init_stdio.o)
                0x23f028dc                __init_stdin
                0x23f028dc                __init_stderr
 .text.__init_stdio
                0x23f028e0       0x14 c:/program files/microchip/xc32/v4.10/bin/bin/../../lib/gcc/pic32c/8.3.1/../../../../pic32c/lib/arm/v5te/nofp\libg-musl.a(__init_stdio.o)
                0x23f028e0                __init_stdio_needed
                0x23f028e0                __init_stdio
 .text.__fwrite_min
                0x23f028f4        0x8 c:/program files/microchip/xc32/v4.10/bin/bin/../../lib/gcc/pic32c/8.3.1/../../../../pic32c/lib/arm/v5te/nofp\libg-musl.a(__out.o)
                0x23f028f4                __stdio_write_unbuffered
                0x23f028f4                __stdio_write
 .text.__out    0x23f028fc       0x68 c:/program files/microchip/xc32/v4.10/bin/bin/../../lib/gcc/pic32c/8.3.1/../../../../pic32c/lib/arm/v5te/nofp\libg-musl.a(__out.o)
                0x23f028fc                __out
                0x23f028fc                __out_needed
 .text.__pad    0x23f02964       0xc0 c:/program files/microchip/xc32/v4.10/bin/bin/../../lib/gcc/pic32c/8.3.1/../../../../pic32c/lib/arm/v5te/nofp\libg-musl.a(__printf_core.o)
                0x23f02964                __pad
 .text.__fmt_state
                0x23f02a24       0x74 c:/program files/microchip/xc32/v4.10/bin/bin/../../lib/gcc/pic32c/8.3.1/../../../../pic32c/lib/arm/v5te/nofp\libg-musl.a(__printf_core.o)
                0x23f02a24                __fmt_state
 .text.__printf_core
                0x23f02a98      0x520 c:/program files/microchip/xc32/v4.10/bin/bin/../../lib/gcc/pic32c/8.3.1/../../../../pic32c/lib/arm/v5te/nofp\libg-musl.a(__printf_core.o)
                0x23f02a98                __printf_core
 .text.__putc   0x23f02fb8       0x54 c:/program files/microchip/xc32/v4.10/bin/bin/../../lib/gcc/pic32c/8.3.1/../../../../pic32c/lib/arm/v5te/nofp\libg-musl.a(__putc.o)
                0x23f02fb8                __putc_needed
                0x23f02fb8                __putc
 .text.__dummy  0x23f0300c        0x4 c:/program files/microchip/xc32/v4.10/bin/bin/../../lib/gcc/pic32c/8.3.1/../../../../pic32c/lib/arm/v5te/nofp\libg-musl.a(__stderr.o)
                0x23f0300c                __stdio_seek
 .text.__stdio_close_rw
                0x23f03010       0xb8 c:/program files/microchip/xc32/v4.10/bin/bin/../../lib/gcc/pic32c/8.3.1/../../../../pic32c/lib/arm/v5te/nofp\libg-musl.a(__stdio_close.o)
                0x23f03010                __stdio_close_rw
 .text.__write_buffered
                0x23f030c8       0xdc c:/program files/microchip/xc32/v4.10/bin/bin/../../lib/gcc/pic32c/8.3.1/../../../../pic32c/lib/arm/v5te/nofp\libg-musl.a(__stdio_write.o)
                0x23f030c8                __do_write
 .text.__stdio_write_buffered
                0x23f031a4       0xe0 c:/program files/microchip/xc32/v4.10/bin/bin/../../lib/gcc/pic32c/8.3.1/../../../../pic32c/lib/arm/v5te/nofp\libg-musl.a(__stdio_write.o)
                0x23f031a4                __stdio_write_buffered
 .text.__get_stdout
                0x23f03284        0xc c:/program files/microchip/xc32/v4.10/bin/bin/../../lib/gcc/pic32c/8.3.1/../../../../pic32c/lib/arm/v5te/nofp\libg-musl.a(__stdout.o)
                0x23f03284                __get_stdout
                0x23f03284                __init_stdout_needed
 .text.__towrite
                0x23f03290       0x30 c:/program files/microchip/xc32/v4.10/bin/bin/../../lib/gcc/pic32c/8.3.1/../../../../pic32c/lib/arm/v5te/nofp\libg-musl.a(__towrite.o)
                0x23f03290                __towrite
 .text.atoi     0x23f032c0       0x7c c:/program files/microchip/xc32/v4.10/bin/bin/../../lib/gcc/pic32c/8.3.1/../../../../pic32c/lib/arm/v5te/nofp\libg-musl.a(atoi.o)
                0x23f032c0                atoi
 .text.memcpy   0x23f0333c       0x1c c:/program files/microchip/xc32/v4.10/bin/bin/../../lib/gcc/pic32c/8.3.1/../../../../pic32c/lib/arm/v5te/nofp\libg-musl.a(memcpy.o)
                0x23f0333c                memcpy
 .text.__writev
                0x23f03358       0x44 c:/program files/microchip/xc32/v4.10/bin/bin/../../lib/gcc/pic32c/8.3.1/../../../../pic32c/lib/arm/v5te/nofp\libg-musl.a(writev.o)
                0x23f03358                writev
 .text.tolower  0x23f0339c       0x10 c:/program files/microchip/xc32/v4.10/bin/bin/../../lib/gcc/pic32c/8.3.1/../../../../pic32c/lib/arm/v5te/nofp\libg-musl.a(tolower.o)
                0x23f0339c                tolower
 .text.__overflow
                0x23f033ac       0x84 c:/program files/microchip/xc32/v4.10/bin/bin/../../lib/gcc/pic32c/8.3.1/../../../../pic32c/lib/arm/v5te/nofp\libg-musl.a(__overflow.o)
                0x23f033ac                __overflow
 .text.__fmt_a  0x23f03430      0x710 c:/program files/microchip/xc32/v4.10/bin/bin/../../lib/gcc/pic32c/8.3.1/../../../../pic32c/lib/arm/v5te/nofp\libg-musl.a(__fmt_a.o)
                0x23f03430                __fmt_a_needed
                0x23f03430                __fmt_a
 .text.__fmt_d  0x23f03b40      0x118 c:/program files/microchip/xc32/v4.10/bin/bin/../../lib/gcc/pic32c/8.3.1/../../../../pic32c/lib/arm/v5te/nofp\libg-musl.a(__fmt_d.o)
                0x23f03b40                __fmt_d
                0x23f03b40                __fmt_d_needed
 .text.__fmt_fp
                0x23f03c58      0x6e8 c:/program files/microchip/xc32/v4.10/bin/bin/../../lib/gcc/pic32c/8.3.1/../../../../pic32c/lib/arm/v5te/nofp\libg-musl.a(__fmt_fp.o)
                0x23f03c58                __fmt_f_needed
                0x23f03c58                __fmt_fp
 .text.__fmt_o  0x23f04340       0xbc c:/program files/microchip/xc32/v4.10/bin/bin/../../lib/gcc/pic32c/8.3.1/../../../../pic32c/lib/arm/v5te/nofp\libg-musl.a(__fmt_o.o)
                0x23f04340                __fmt_o
                0x23f04340                __fmt_o_needed
 .text.__fmt_s  0x23f043fc       0x88 c:/program files/microchip/xc32/v4.10/bin/bin/../../lib/gcc/pic32c/8.3.1/../../../../pic32c/lib/arm/v5te/nofp\libg-musl.a(__fmt_s.o)
                0x23f043fc                __fmt_s
                0x23f043fc                __fmt_0_needed
                0x23f043fc                __fmt_s_needed
 .text.__cvt_u  0x23f04484       0xb8 c:/program files/microchip/xc32/v4.10/bin/bin/../../lib/gcc/pic32c/8.3.1/../../../../pic32c/lib/arm/v5te/nofp\libg-musl.a(__fmt_u.o)
                0x23f04484                __cvt_u
 .text.__fmt_u  0x23f0453c       0x94 c:/program files/microchip/xc32/v4.10/bin/bin/../../lib/gcc/pic32c/8.3.1/../../../../pic32c/lib/arm/v5te/nofp\libg-musl.a(__fmt_u.o)
                0x23f0453c                __fmt_u_needed
                0x23f0453c                __fmt_u
 .text.__fmt_x  0x23f045d0      0x1a0 c:/program files/microchip/xc32/v4.10/bin/bin/../../lib/gcc/pic32c/8.3.1/../../../../pic32c/lib/arm/v5te/nofp\libg-musl.a(__fmt_x.o)
                0x23f045d0                __fmt_x_needed
                0x23f045d0                __fmt_x
 .text.__fwrite
                0x23f04770       0x28 c:/program files/microchip/xc32/v4.10/bin/bin/../../lib/gcc/pic32c/8.3.1/../../../../pic32c/lib/arm/v5te/nofp\libg-musl.a(__fwrite.o)
                0x23f04770                __fwrite
                0x23f04770                __fwrite_needed
 .text.__pop_float
                0x23f04798       0x44 c:/program files/microchip/xc32/v4.10/bin/bin/../../lib/gcc/pic32c/8.3.1/../../../../pic32c/lib/arm/v5te/nofp\libg-musl.a(__pop_float.o)
                0x23f04798                __pop_float_needed
                0x23f04798                __pop_float
 .text.__pop_int
                0x23f047dc      0x160 c:/program files/microchip/xc32/v4.10/bin/bin/../../lib/gcc/pic32c/8.3.1/../../../../pic32c/lib/arm/v5te/nofp\libg-musl.a(__pop_int.o)
                0x23f047dc                __pop_int_needed
                0x23f047dc                __pop_int
 .text.__pop_ptr
                0x23f0493c       0xec c:/program files/microchip/xc32/v4.10/bin/bin/../../lib/gcc/pic32c/8.3.1/../../../../pic32c/lib/arm/v5te/nofp\libg-musl.a(__pop_ptr.o)
                0x23f0493c                __pop_ptr
                0x23f0493c                __pop_ptr_needed
 .text.strcpy   0x23f04a28       0x14 c:/program files/microchip/xc32/v4.10/bin/bin/../../lib/gcc/pic32c/8.3.1/../../../../pic32c/lib/arm/v5te/nofp\libg-musl.a(strcpy.o)
                0x23f04a28                strcpy
 .text.toupper  0x23f04a3c       0x10 c:/program files/microchip/xc32/v4.10/bin/bin/../../lib/gcc/pic32c/8.3.1/../../../../pic32c/lib/arm/v5te/nofp\libg-musl.a(toupper.o)
                0x23f04a3c                toupper
 .text.stpcpy   0x23f04a4c       0x1c c:/program files/microchip/xc32/v4.10/bin/bin/../../lib/gcc/pic32c/8.3.1/../../../../pic32c/lib/arm/v5te/nofp\libg-musl.a(stpcpy.o)
                0x23f04a4c                __stpcpy
                0x23f04a4c                stpcpy
 .text.floor    0x23f04a68      0x144 c:/program files/microchip/xc32/v4.10/bin/bin/../../lib/gcc/pic32c/8.3.1/../../../../pic32c/lib/arm/v5te/nofp\libm-musl.a(floor.o)
                0x23f04a68                floor
 .text.normalize
                0x23f04bac       0x80 c:/program files/microchip/xc32/v4.10/bin/bin/../../lib/gcc/pic32c/8.3.1/../../../../pic32c/lib/arm/v5te/nofp\libm-musl.a(fma.o)
 .text.fma      0x23f04c2c      0x678 c:/program files/microchip/xc32/v4.10/bin/bin/../../lib/gcc/pic32c/8.3.1/../../../../pic32c/lib/arm/v5te/nofp\libm-musl.a(fma.o)
                0x23f04c2c                fma
 .text.scalbn   0x23f052a4       0xf4 c:/program files/microchip/xc32/v4.10/bin/bin/../../lib/gcc/pic32c/8.3.1/../../../../pic32c/lib/arm/v5te/nofp\libm-musl.a(scalbn.o)
                0x23f052a4                scalbn
 .text.close    0x23f05398        0x8 c:/program files/microchip/xc32/v4.10/bin/bin/../../lib/gcc/pic32c/8.3.1/../../../../pic32c/lib/arm/v5te/nofp\libpic32c.a(close.o)
                0x23f05398                close
 .text.lseek    0x23f053a0        0x8 c:/program files/microchip/xc32/v4.10/bin/bin/../../lib/gcc/pic32c/8.3.1/../../../../pic32c/lib/arm/v5te/nofp\libpic32c.a(lseek.o)
                0x23f053a0                lseek
 .text._sbrk    0x23f053a8       0x3c c:/program files/microchip/xc32/v4.10/bin/bin/../../lib/gcc/pic32c/8.3.1/../../../../pic32c/lib/arm/v5te/nofp\libpic32c.a(sbrk.o)
                0x23f053a8                _sbrk
 .text          0x23f053e4      0x3c0 c:/program files/microchip/xc32/v4.10/bin/bin/../../lib/gcc/pic32c/8.3.1/arm/v5te/nofp\libgcc.a(_arm_addsubdf3.o)
                0x23f053e4                __aeabi_drsub
                0x23f053ec                __aeabi_dsub
                0x23f053ec                __subdf3
                0x23f053f0                __aeabi_dadd
                0x23f053f0                __adddf3
                0x23f0569c                __floatunsidf
                0x23f0569c                __aeabi_ui2d
                0x23f056c0                __floatsidf
                0x23f056c0                __aeabi_i2d
                0x23f056e8                __aeabi_f2d
                0x23f056e8                __extendsfdf2
                0x23f05730                __floatundidf
                0x23f05730                __aeabi_ul2d
                0x23f05744                __floatdidf
                0x23f05744                __aeabi_l2d
 .text          0x23f057a4      0x470 c:/program files/microchip/xc32/v4.10/bin/bin/../../lib/gcc/pic32c/8.3.1/arm/v5te/nofp\libgcc.a(_arm_muldivdf3.o)
                0x23f057a4                __aeabi_dmul
                0x23f057a4                __muldf3
                0x23f05a10                __divdf3
                0x23f05a10                __aeabi_ddiv
 .text          0x23f05c14      0x12c c:/program files/microchip/xc32/v4.10/bin/bin/../../lib/gcc/pic32c/8.3.1/arm/v5te/nofp\libgcc.a(_arm_cmpdf2.o)
                0x23f05c14                __gtdf2
                0x23f05c14                __gedf2
                0x23f05c1c                __ltdf2
                0x23f05c1c                __ledf2
                0x23f05c24                __nedf2
                0x23f05c24                __eqdf2
                0x23f05c24                __cmpdf2
                0x23f05cac                __aeabi_cdrcmple
                0x23f05cc8                __aeabi_cdcmpeq
                0x23f05cc8                __aeabi_cdcmple
                0x23f05cdc                __aeabi_dcmpeq
                0x23f05cf0                __aeabi_dcmplt
                0x23f05d04                __aeabi_dcmple
                0x23f05d18                __aeabi_dcmpge
                0x23f05d2c                __aeabi_dcmpgt
 .text          0x23f05d40       0x5c c:/program files/microchip/xc32/v4.10/bin/bin/../../lib/gcc/pic32c/8.3.1/arm/v5te/nofp\libgcc.a(_arm_fixdfsi.o)
                0x23f05d40                __aeabi_d2iz
                0x23f05d40                __fixdfsi
 .text          0x23f05d9c       0xa0 c:/program files/microchip/xc32/v4.10/bin/bin/../../lib/gcc/pic32c/8.3.1/arm/v5te/nofp\libgcc.a(_arm_truncdfsf2.o)
                0x23f05d9c                __truncdfsf2
                0x23f05d9c                __aeabi_d2f
 *(.rodata .rodata* .gnu.linkonce.r.*)
 .rodata        0x23f05e3c       0x30 build/sam_9x60_ek_dma/debug/_ext/19469868/plib_clk.o
 .rodata.portNumCb
                0x23f05e6c        0x8 build/sam_9x60_ek_dma/debug/_ext/19482272/plib_pio.o
 .rodata.sysTimeInitData
                0x23f05e74        0x8 build/sam_9x60_ek_dma/debug/_ext/1975788654/initialization.o
                0x23f05e74                sysTimeInitData
 .rodata.sysTimePlibAPI
                0x23f05e7c       0x1c build/sam_9x60_ek_dma/debug/_ext/1975788654/initialization.o
                0x23f05e7c                sysTimePlibAPI
 .rodata        0x23f05e98       0xec build/sam_9x60_ek_dma/debug/_ext/1360937237/app.o
 .rodata        0x23f05f84       0x5c c:/program files/microchip/xc32/v4.10/bin/bin/../../lib/gcc/pic32c/8.3.1/../../../../pic32c/lib/arm/v5te/nofp\libg-musl.a(malloc.o)
 .rodata        0x23f05fe0       0x1c c:/program files/microchip/xc32/v4.10/bin/bin/../../lib/gcc/pic32c/8.3.1/../../../../pic32c/lib/arm/v5te/nofp\libg-musl.a(__printf_core.o)
 .rodata        0x23f05ffc       0x10 c:/program files/microchip/xc32/v4.10/bin/bin/../../lib/gcc/pic32c/8.3.1/../../../../pic32c/lib/arm/v5te/nofp\libg-musl.a(__fmt_a.o)
 .rodata        0x23f0600c       0x10 c:/program files/microchip/xc32/v4.10/bin/bin/../../lib/gcc/pic32c/8.3.1/../../../../pic32c/lib/arm/v5te/nofp\libg-musl.a(__fmt_fp.o)
 .rodata        0x23f0601c        0x7 c:/program files/microchip/xc32/v4.10/bin/bin/../../lib/gcc/pic32c/8.3.1/../../../../pic32c/lib/arm/v5te/nofp\libg-musl.a(__fmt_s.o)
 *(.ARM.extab* .gnu.linkonce.armextab.*)
                0x23f06024                . = ALIGN (0x4)
 *fill*         0x23f06023        0x1 
 *(.init)
 .init          0x23f06024        0xc c:/program files/microchip/xc32/v4.10/bin/bin/../../lib/gcc/pic32c/8.3.1/arm/v5te/nofp/crti.o
                0x23f06024                _init
 .init          0x23f06030        0xc c:/program files/microchip/xc32/v4.10/bin/bin/../../lib/gcc/pic32c/8.3.1/arm/v5te/nofp/crtn.o
                0x23f0603c                . = ALIGN (0x4)
                [!provide]                PROVIDE (__preinit_array_start = .)
 *(.preinit_array)
                [!provide]                PROVIDE (__preinit_array_end = .)
                0x23f0603c                . = ALIGN (0x4)
                0x23f0603c                PROVIDE (__init_array_start = .)
 *(SORT_BY_NAME(.init_array.*))
 *(.init_array)
 .init_array    0x23f0603c        0x4 c:/program files/microchip/xc32/v4.10/bin/bin/../../lib/gcc/pic32c/8.3.1/arm/v5te/nofp/crtbegin.o
                0x23f06040                PROVIDE (__init_array_end = .)
                0x23f06040                . = ALIGN (0x4)
 *crtbegin.o(.ctors)
 *(EXCLUDE_FILE(*crtend.o) .ctors)
 *(SORT_BY_NAME(.ctors.*))
 *crtend.o(.ctors)
                0x23f06040                . = ALIGN (0x4)
 *(.fini)
 .fini          0x23f06040        0xc c:/program files/microchip/xc32/v4.10/bin/bin/../../lib/gcc/pic32c/8.3.1/arm/v5te/nofp/crti.o
                0x23f06040                _fini
 .fini          0x23f0604c        0xc c:/program files/microchip/xc32/v4.10/bin/bin/../../lib/gcc/pic32c/8.3.1/arm/v5te/nofp/crtn.o
                0x23f06058                . = ALIGN (0x4)
                [!provide]                PROVIDE (__fini_array_start = .)
 *(.fini_array)
 .fini_array    0x23f06058        0x4 c:/program files/microchip/xc32/v4.10/bin/bin/../../lib/gcc/pic32c/8.3.1/arm/v5te/nofp/crtbegin.o
 *(SORT_BY_NAME(.fini_array.*))
                [!provide]                PROVIDE (__fini_array_end = .)
 *crtbegin.o(.dtors)
 *(EXCLUDE_FILE(*crtend.o) .dtors)
 *(SORT_BY_NAME(.dtors.*))
 *crtend.o(.dtors)
 *(.dinit*)
                0x23f0605c                . = ALIGN (0x4)

.data           0x23f06060    0x44488
 *(.data .data.*)
 .data.irqData  0x23f06060       0x50 build/sam_9x60_ek_dma/debug/_ext/1975788654/interrupts.o
                0x23f06060                irqData
 .data.irqDataEntryCount
                0x23f060b0        0x4 build/sam_9x60_ek_dma/debug/_ext/1975788654/interrupts.o
                0x23f060b0                irqDataEntryCount
 .data.increasingVolume.6929
                0x23f060b4        0x1 build/sam_9x60_ek_dma/debug/_ext/1360937237/app.o
 *fill*         0x23f060b5        0xb 
 .data.music_data
                0x23f060c0    0x44328 build/sam_9x60_ek_dma/debug/_ext/1360937237/app.o
                0x23f060c0                music_data
 .data          0x23f4a3e8       0x78 c:/program files/microchip/xc32/v4.10/bin/bin/../../lib/gcc/pic32c/8.3.1/../../../../pic32c/lib/arm/v5te/nofp\libg-musl.a(stdin.o)
                0x23f4a3e8                __stdin_used
                0x23f4a3ec                _stdin
 .data          0x23f4a460       0x20 c:/program files/microchip/xc32/v4.10/bin/bin/../../lib/gcc/pic32c/8.3.1/../../../../pic32c/lib/arm/v5te/nofp\libg-musl.a(stdout.o)
                0x23f4a47c                _stdout
 .data          0x23f4a480       0x68 c:/program files/microchip/xc32/v4.10/bin/bin/../../lib/gcc/pic32c/8.3.1/../../../../pic32c/lib/arm/v5te/nofp\libg-musl.a(__stdout.o)
                0x23f4a4e8                . = ALIGN (0x4)
                [!provide]                PROVIDE (_efixed = .)
                [!provide]                PROVIDE (__exidx_start = .)

.ARM.exidx      0x23f4a4e8        0x8
 *(.ARM.exidx* .gnu.linkonce.armexidx.*)
 .ARM.exidx     0x23f4a4e8        0x8 c:/program files/microchip/xc32/v4.10/bin/bin/../../lib/gcc/pic32c/8.3.1/arm/v5te/nofp\libgcc.a(_udivmoddi4.o)
                [!provide]                PROVIDE (__exidx_end = .)
                0x23f4a4f0                . = ALIGN (0x4)
                0x23f4a4f0                PROVIDE (_etext = .)

.relocate       0x00300000       0x3c load address 0x23f4a4f0
                0x00300000                . = ALIGN (0x4)
                0x00300000                PROVIDE (_srelocate = .)
 *(.vectors .vectors.*)
 .vectors       0x00300000       0x3c build/sam_9x60_ek_dma/debug/_ext/1975788654/cstartup.o
 *(.ramfunc)
                0x0030003c                . = ALIGN (0x4)
                0x0030003c                PROVIDE (_erelocate = .)

.region_cache_aligned_const
                0x23f4a4f0       0x10
                0x23f4a500                . = ALIGN (0x20)
 *fill*         0x23f4a4f0       0x10 
 *(.region_cache_aligned_const .region_cache_aligned_const.*)
                0x23f4a500                . = ALIGN (0x20)

.region_sram    0x0030003c        0x0
                0x0030003c                . = ALIGN (0x4)
 *(.region_sram .region_sram.*)

.region_ram     0x23f4a500        0x0
                0x23f4a500                . = ALIGN (0x4)
 *(.region_ram .region_ram.*)

.region_nocache
                0x20000000        0x0
                0x20000000                . = ALIGN (0x4)
 *(.region_nocache .region_nocache.*)

.bss            0x23f4c000     0x879c
                0x23f4c000                . = ALIGN (0x4)
                0x23f4c000                PROVIDE (_szero = .)
 *(.bss .bss.*)
 .bss           0x23f4c000       0x1c c:/program files/microchip/xc32/v4.10/bin/bin/../../lib/gcc/pic32c/8.3.1/arm/v5te/nofp/crtbegin.o
 .bss.classDdmaObj
                0x23f4c01c        0x8 build/sam_9x60_ek_dma/debug/_ext/1658590313/plib_classd.o
                0x23f4c01c                classDdmaObj
 *fill*         0x23f4c024     0x3fdc 
 .bss.trns_tbl  0x23f50000     0x4000 build/sam_9x60_ek_dma/debug/_ext/19479519/plib_mmu.o
 .bss.portPinCbObj
                0x23f54000        0xc build/sam_9x60_ek_dma/debug/_ext/19482272/plib_pio.o
 .bss.TC0_CH0_CallbackObj
                0x23f5400c        0x8 build/sam_9x60_ek_dma/debug/_ext/1939034075/plib_tc0.o
                0x23f5400c                TC0_CH0_CallbackObj
 .bss.xdmacChannelObj
                0x23f54014       0x10 build/sam_9x60_ek_dma/debug/_ext/1549834605/plib_xdmac.o
                0x23f54014                xdmacChannelObj
 *fill*         0x23f54024        0x4 
 .bss.gSystemCounterObj
                0x23f54028       0x40 build/sam_9x60_ek_dma/debug/_ext/1363450107/sys_time.o
 .bss.timers    0x23f54068       0xa0 build/sam_9x60_ek_dma/debug/_ext/1363450107/sys_time.o
 .bss.sysObj    0x23f54108        0x4 build/sam_9x60_ek_dma/debug/_ext/1975788654/initialization.o
                0x23f54108                sysObj
 .bss.spuriousEventCount
                0x23f5410c        0x4 build/sam_9x60_ek_dma/debug/_ext/1975788654/interrupts.o
                0x23f5410c                spuriousEventCount
 .bss.appData   0x23f54110        0x1 build/sam_9x60_ek_dma/debug/_ext/1360937237/app.o
                0x23f54110                appData
 .bss.attn      0x23f54111        0x1 build/sam_9x60_ek_dma/debug/_ext/1360937237/app.o
                0x23f54111                attn
 .bss.changeVolume
                0x23f54112        0x1 build/sam_9x60_ek_dma/debug/_ext/1360937237/app.o
                0x23f54112                changeVolume
 .bss.inProgress
                0x23f54113        0x1 build/sam_9x60_ek_dma/debug/_ext/1360937237/app.o
                0x23f54113                inProgress
 .bss.playTune  0x23f54114        0x1 build/sam_9x60_ek_dma/debug/_ext/1360937237/app.o
                0x23f54114                playTune
 *fill*         0x23f54115        0x3 
 .bss.t1        0x23f54118        0x4 build/sam_9x60_ek_dma/debug/_ext/1360937237/app.o
                0x23f54118                t1
 .bss.t2        0x23f5411c        0x4 build/sam_9x60_ek_dma/debug/_ext/1360937237/app.o
                0x23f5411c                t2
 .bss           0x23f54120       0x50 c:/program files/microchip/xc32/v4.10/bin/bin/../../lib/gcc/pic32c/8.3.1/../../../../pic32c/lib/arm/v5te/nofp\libg-musl.a(libc.o)
                0x23f54120                __progname_full
                0x23f54120                program_invocation_name
                0x23f54124                program_invocation_short_name
                0x23f54124                __progname
                0x23f54128                __sysinfo
                0x23f5412c                __hwcap
                0x23f54130                __libc
 .bss           0x23f54170      0x408 c:/program files/microchip/xc32/v4.10/bin/bin/../../lib/gcc/pic32c/8.3.1/../../../../pic32c/lib/arm/v5te/nofp\libg-musl.a(stdin.o)
 .bss           0x23f54578        0x8 c:/program files/microchip/xc32/v4.10/bin/bin/../../lib/gcc/pic32c/8.3.1/../../../../pic32c/lib/arm/v5te/nofp\libg-musl.a(stdout.o)
                0x23f5457c                __stdout_used
 .bss           0x23f54580        0x4 c:/program files/microchip/xc32/v4.10/bin/bin/../../lib/gcc/pic32c/8.3.1/../../../../pic32c/lib/arm/v5te/nofp\libg-musl.a(__environ.o)
                0x23f54580                __environ
                0x23f54580                environ
                0x23f54580                ___environ
                0x23f54580                _environ
 *fill*         0x23f54584        0x4 
 .bss           0x23f54588      0x20c c:/program files/microchip/xc32/v4.10/bin/bin/../../lib/gcc/pic32c/8.3.1/../../../../pic32c/lib/arm/v5te/nofp\libg-musl.a(malloc.o)
 .bss           0x23f54794        0x4 c:/program files/microchip/xc32/v4.10/bin/bin/../../lib/gcc/pic32c/8.3.1/../../../../pic32c/lib/arm/v5te/nofp\libg-musl.a(__errno_location.o)
                0x23f54794                __errno_val
 .bss           0x23f54798        0x4 c:/program files/microchip/xc32/v4.10/bin/bin/../../lib/gcc/pic32c/8.3.1/../../../../pic32c/lib/arm/v5te/nofp\libpic32c.a(sbrk.o)
 *(COMMON)
                0x23f5479c                . = ALIGN (0x4)
                0x23f5479c                PROVIDE (_ezero = .)

.region_cache_aligned
                0x23f5479c        0x4
                0x23f547a0                . = ALIGN (0x20)
 *fill*         0x23f5479c        0x4 
 *(.region_cache_aligned .region_cache_aligned.*)
                0x23f547a0                . = ALIGN (0x20)

.stacks         0x23f547a0     0x2140
                0x23f54800                . = (. + IRQ_STACK_SIZE)
 *fill*         0x23f547a0       0x60 
                0x23f54800                . = ALIGN (0x8)
                0x23f54800                _irqstack = .
                0x23f54860                . = (. + FIQ_STACK_SIZE)
 *fill*         0x23f54800       0x60 
                0x23f54860                . = ALIGN (0x8)
                0x23f54860                _fiqstack = .
                0x23f548a0                . = (. + ABT_STACK_SIZE)
 *fill*         0x23f54860       0x40 
                0x23f548a0                . = ALIGN (0x8)
                0x23f548a0                _abtstack = .
                0x23f548e0                . = (. + UND_STACK_SIZE)
 *fill*         0x23f548a0       0x40 
                0x23f548e0                . = ALIGN (0x8)
                0x23f548e0                _undstack = .
                0x23f558e0                . = (. + SVC_STACK_SIZE)
 *fill*         0x23f548e0     0x1000 
                0x23f558e0                . = ALIGN (0x8)
                0x23f558e0                _svcstack = .
                0x23f568e0                . = (. + C_STACK_SIZE)
 *fill*         0x23f558e0     0x1000 
                0x23f568e0                . = ALIGN (0x8)
                0x23f568e0                _cstack = .
                0x23f568e0                _end = .
                0x23f568e0                _ramcode_lma = _end

.ramcode        0x0030003c        0x0 load address 0x23f568e0
                0x0030003c                _sramcode = .
 *(.ramcode_section .ramcode_section.*)
                0x0030003c                _eramcode = .
                0x23f568e0                _ramdata_lma = ((_end + _eramcode) - _sramcode)

.ramdata        0x0030003c        0x0 load address 0x23f568e0
                0x0030003c                _sramdata = .
 *(.ramdata_section .ramdata_section.*)
                0x0030003c                _eramdata = .
                0x00000001                __ICD2RAM = 0x1
                0x00000001                __MPLAB_DEBUG = 0x1
                0x00000001                __DEBUG = 0x1
                0x00000200                _min_heap_size = 0x200
START GROUP
LOAD c:/program files/microchip/xc32/v4.10/bin/bin/../../lib/gcc/pic32c/8.3.1/../../../../pic32c/lib/arm/v5te/nofp\libpic32c.a
LOAD c:/program files/microchip/xc32/v4.10/bin/bin/../../lib/gcc/pic32c/8.3.1/arm/v5te/nofp\libgcc.a
LOAD c:/program files/microchip/xc32/v4.10/bin/bin/../../lib/gcc/pic32c/8.3.1/../../../../pic32c/lib/arm/v5te/nofp\libm-musl.a
LOAD c:/program files/microchip/xc32/v4.10/bin/bin/../../lib/gcc/pic32c/8.3.1/../../../../pic32c/lib/arm/v5te/nofp\libg-musl.a
LOAD c:/program files/microchip/xc32/v4.10/bin/bin/../../lib/gcc/pic32c/8.3.1/../../../../pic32c/lib/arm/v5te/nofp\libc-musl.a
LOAD c:/program files/microchip/xc32/v4.10/bin/bin/../../lib/gcc/pic32c/8.3.1/../../../../pic32c/lib/arm/v5te/nofp\libm-musl.a
END GROUP
LOAD c:/program files/microchip/xc32/v4.10/bin/bin/../../lib/gcc/pic32c/8.3.1/arm/v5te/nofp/crtend.o
LOAD c:/program files/microchip/xc32/v4.10/bin/bin/../../lib/gcc/pic32c/8.3.1/arm/v5te/nofp/crtn.o
OUTPUT(dist/sam_9x60_ek_dma/debug/audio_sam_9x60_ek_classd.X.debug.elf elf32-littlearm)
LOAD stack

.ARM.attributes
                0x00000000       0x2a
 .ARM.attributes
                0x00000000       0x1d c:/program files/microchip/xc32/v4.10/bin/bin/../../lib/gcc/pic32c/8.3.1/arm/v5te/nofp/crti.o
 .ARM.attributes
                0x0000001d       0x2b c:/program files/microchip/xc32/v4.10/bin/bin/../../lib/gcc/pic32c/8.3.1/arm/v5te/nofp/crtbegin.o
 .ARM.attributes
                0x00000048       0x2c build/sam_9x60_ek_dma/debug/_ext/1658590313/plib_classd.o
 .ARM.attributes
                0x00000074       0x2c build/sam_9x60_ek_dma/debug/_ext/183934530/bsp.o
 .ARM.attributes
                0x000000a0       0x2c build/sam_9x60_ek_dma/debug/_ext/19467845/plib_aic.o
 .ARM.attributes
                0x000000cc       0x2c build/sam_9x60_ek_dma/debug/_ext/19469868/plib_clk.o
 .ARM.attributes
                0x000000f8       0x2c build/sam_9x60_ek_dma/debug/_ext/603586082/plib_dbgu.o
 .ARM.attributes
                0x00000124       0x2c build/sam_9x60_ek_dma/debug/_ext/19479519/plib_mmu.o
 .ARM.attributes
                0x00000150       0x2c build/sam_9x60_ek_dma/debug/_ext/19482272/plib_pio.o
 .ARM.attributes
                0x0000017c       0x2c build/sam_9x60_ek_dma/debug/_ext/1939034075/plib_tc0.o
 .ARM.attributes
                0x000001a8       0x2c build/sam_9x60_ek_dma/debug/_ext/1549834605/plib_xdmac.o
 .ARM.attributes
                0x000001d4       0x2c build/sam_9x60_ek_dma/debug/_ext/683145676/xc32_monitor.o
 .ARM.attributes
                0x00000200       0x2c build/sam_9x60_ek_dma/debug/_ext/1840972801/sys_int.o
 .ARM.attributes
                0x0000022c       0x2c build/sam_9x60_ek_dma/debug/_ext/1363450107/sys_time.o
 .ARM.attributes
                0x00000258       0x2c build/sam_9x60_ek_dma/debug/_ext/1975788654/initialization.o
 .ARM.attributes
                0x00000284       0x2c build/sam_9x60_ek_dma/debug/_ext/1975788654/interrupts.o
 .ARM.attributes
                0x000002b0       0x1c build/sam_9x60_ek_dma/debug/_ext/1975788654/cstartup.o
 .ARM.attributes
                0x000002cc       0x2c build/sam_9x60_ek_dma/debug/_ext/1975788654/fault_handlers.o
 .ARM.attributes
                0x000002f8       0x2c build/sam_9x60_ek_dma/debug/_ext/1975788654/tasks.o
 .ARM.attributes
                0x00000324       0x2c build/sam_9x60_ek_dma/debug/_ext/1360937237/main.o
 .ARM.attributes
                0x00000350       0x2c build/sam_9x60_ek_dma/debug/_ext/1360937237/app.o
 .ARM.attributes
                0x0000037c       0x1d c:/program files/microchip/xc32/v4.10/bin/bin/../../lib/gcc/pic32c/8.3.1/arm/v5te/nofp\libgcc.a(_udivsi3.o)
 .ARM.attributes
                0x00000399       0x1d c:/program files/microchip/xc32/v4.10/bin/bin/../../lib/gcc/pic32c/8.3.1/arm/v5te/nofp\libgcc.a(_divsi3.o)
 .ARM.attributes
                0x000003b6       0x1d c:/program files/microchip/xc32/v4.10/bin/bin/../../lib/gcc/pic32c/8.3.1/arm/v5te/nofp\libgcc.a(_dvmd_tls.o)
 .ARM.attributes
                0x000003d3       0x1d c:/program files/microchip/xc32/v4.10/bin/bin/../../lib/gcc/pic32c/8.3.1/arm/v5te/nofp\libgcc.a(_aeabi_uldivmod.o)
 .ARM.attributes
                0x000003f0       0x2b c:/program files/microchip/xc32/v4.10/bin/bin/../../lib/gcc/pic32c/8.3.1/arm/v5te/nofp\libgcc.a(_udivmoddi4.o)
 .ARM.attributes
                0x0000041b       0x2d c:/program files/microchip/xc32/v4.10/bin/bin/../../lib/gcc/pic32c/8.3.1/../../../../pic32c/lib/arm/v5te/nofp\libg-musl.a(__libc_start_main.o)
 .ARM.attributes
                0x00000448       0x2d c:/program files/microchip/xc32/v4.10/bin/bin/../../lib/gcc/pic32c/8.3.1/../../../../pic32c/lib/arm/v5te/nofp\libg-musl.a(libc.o)
 .ARM.attributes
                0x00000475       0x2d c:/program files/microchip/xc32/v4.10/bin/bin/../../lib/gcc/pic32c/8.3.1/../../../../pic32c/lib/arm/v5te/nofp\libg-musl.a(stdin.o)
 .ARM.attributes
                0x000004a2       0x2d c:/program files/microchip/xc32/v4.10/bin/bin/../../lib/gcc/pic32c/8.3.1/../../../../pic32c/lib/arm/v5te/nofp\libg-musl.a(stdout.o)
 .ARM.attributes
                0x000004cf       0x2d c:/program files/microchip/xc32/v4.10/bin/bin/../../lib/gcc/pic32c/8.3.1/../../../../pic32c/lib/arm/v5te/nofp\libg-musl.a(printf.o)
 .ARM.attributes
                0x000004fc       0x2d c:/program files/microchip/xc32/v4.10/bin/bin/../../lib/gcc/pic32c/8.3.1/../../../../pic32c/lib/arm/v5te/nofp\libg-musl.a(puts.o)
 .ARM.attributes
                0x00000529       0x2d c:/program files/microchip/xc32/v4.10/bin/bin/../../lib/gcc/pic32c/8.3.1/../../../../pic32c/lib/arm/v5te/nofp\libg-musl.a(setbuf.o)
 .ARM.attributes
                0x00000556       0x2d c:/program files/microchip/xc32/v4.10/bin/bin/../../lib/gcc/pic32c/8.3.1/../../../../pic32c/lib/arm/v5te/nofp\libg-musl.a(memset.o)
 .ARM.attributes
                0x00000583       0x2d c:/program files/microchip/xc32/v4.10/bin/bin/../../lib/gcc/pic32c/8.3.1/../../../../pic32c/lib/arm/v5te/nofp\libg-musl.a(__environ.o)
 .ARM.attributes
                0x000005b0       0x2d c:/program files/microchip/xc32/v4.10/bin/bin/../../lib/gcc/pic32c/8.3.1/../../../../pic32c/lib/arm/v5te/nofp\libg-musl.a(fputs.o)
 .ARM.attributes
                0x000005dd       0x2d c:/program files/microchip/xc32/v4.10/bin/bin/../../lib/gcc/pic32c/8.3.1/../../../../pic32c/lib/arm/v5te/nofp\libg-musl.a(__stdio_read.o)
 .ARM.attributes
                0x0000060a       0x2d c:/program files/microchip/xc32/v4.10/bin/bin/../../lib/gcc/pic32c/8.3.1/../../../../pic32c/lib/arm/v5te/nofp\libg-musl.a(__towrite_rw.o)
 .ARM.attributes
                0x00000637       0x2d c:/program files/microchip/xc32/v4.10/bin/bin/../../lib/gcc/pic32c/8.3.1/../../../../pic32c/lib/arm/v5te/nofp\libg-musl.a(fwrite.o)
 .ARM.attributes
                0x00000664       0x2d c:/program files/microchip/xc32/v4.10/bin/bin/../../lib/gcc/pic32c/8.3.1/../../../../pic32c/lib/arm/v5te/nofp\libg-musl.a(putc.o)
 .ARM.attributes
                0x00000691       0x2d c:/program files/microchip/xc32/v4.10/bin/bin/../../lib/gcc/pic32c/8.3.1/../../../../pic32c/lib/arm/v5te/nofp\libg-musl.a(setvbuf.o)
 .ARM.attributes
                0x000006be       0x2d c:/program files/microchip/xc32/v4.10/bin/bin/../../lib/gcc/pic32c/8.3.1/../../../../pic32c/lib/arm/v5te/nofp\libg-musl.a(vfprintf.o)
 .ARM.attributes
                0x000006eb       0x2d c:/program files/microchip/xc32/v4.10/bin/bin/../../lib/gcc/pic32c/8.3.1/../../../../pic32c/lib/arm/v5te/nofp\libg-musl.a(strlen.o)
 .ARM.attributes
                0x00000718       0x2d c:/program files/microchip/xc32/v4.10/bin/bin/../../lib/gcc/pic32c/8.3.1/../../../../pic32c/lib/arm/v5te/nofp\libg-musl.a(readv.o)
 .ARM.attributes
                0x00000745       0x2d c:/program files/microchip/xc32/v4.10/bin/bin/../../lib/gcc/pic32c/8.3.1/../../../../pic32c/lib/arm/v5te/nofp\libg-musl.a(malloc.o)
 .ARM.attributes
                0x00000772       0x2d c:/program files/microchip/xc32/v4.10/bin/bin/../../lib/gcc/pic32c/8.3.1/../../../../pic32c/lib/arm/v5te/nofp\libg-musl.a(expand_heap.o)
 .ARM.attributes
                0x0000079f       0x2d c:/program files/microchip/xc32/v4.10/bin/bin/../../lib/gcc/pic32c/8.3.1/../../../../pic32c/lib/arm/v5te/nofp\libg-musl.a(__init_stdio.o)
 .ARM.attributes
                0x000007cc       0x2d c:/program files/microchip/xc32/v4.10/bin/bin/../../lib/gcc/pic32c/8.3.1/../../../../pic32c/lib/arm/v5te/nofp\libg-musl.a(__out.o)
 .ARM.attributes
                0x000007f9       0x2d c:/program files/microchip/xc32/v4.10/bin/bin/../../lib/gcc/pic32c/8.3.1/../../../../pic32c/lib/arm/v5te/nofp\libg-musl.a(__printf_core.o)
 .ARM.attributes
                0x00000826       0x2d c:/program files/microchip/xc32/v4.10/bin/bin/../../lib/gcc/pic32c/8.3.1/../../../../pic32c/lib/arm/v5te/nofp\libg-musl.a(__putc.o)
 .ARM.attributes
                0x00000853       0x2d c:/program files/microchip/xc32/v4.10/bin/bin/../../lib/gcc/pic32c/8.3.1/../../../../pic32c/lib/arm/v5te/nofp\libg-musl.a(__stderr.o)
 .ARM.attributes
                0x00000880       0x2d c:/program files/microchip/xc32/v4.10/bin/bin/../../lib/gcc/pic32c/8.3.1/../../../../pic32c/lib/arm/v5te/nofp\libg-musl.a(__stdio_close.o)
 .ARM.attributes
                0x000008ad       0x2d c:/program files/microchip/xc32/v4.10/bin/bin/../../lib/gcc/pic32c/8.3.1/../../../../pic32c/lib/arm/v5te/nofp\libg-musl.a(__stdio_write.o)
 .ARM.attributes
                0x000008da       0x2d c:/program files/microchip/xc32/v4.10/bin/bin/../../lib/gcc/pic32c/8.3.1/../../../../pic32c/lib/arm/v5te/nofp\libg-musl.a(__stdout.o)
 .ARM.attributes
                0x00000907       0x2d c:/program files/microchip/xc32/v4.10/bin/bin/../../lib/gcc/pic32c/8.3.1/../../../../pic32c/lib/arm/v5te/nofp\libg-musl.a(__towrite.o)
 .ARM.attributes
                0x00000934       0x2d c:/program files/microchip/xc32/v4.10/bin/bin/../../lib/gcc/pic32c/8.3.1/../../../../pic32c/lib/arm/v5te/nofp\libg-musl.a(atoi.o)
 .ARM.attributes
                0x00000961       0x2d c:/program files/microchip/xc32/v4.10/bin/bin/../../lib/gcc/pic32c/8.3.1/../../../../pic32c/lib/arm/v5te/nofp\libg-musl.a(memcpy.o)
 .ARM.attributes
                0x0000098e       0x2d c:/program files/microchip/xc32/v4.10/bin/bin/../../lib/gcc/pic32c/8.3.1/../../../../pic32c/lib/arm/v5te/nofp\libg-musl.a(writev.o)
 .ARM.attributes
                0x000009bb       0x2d c:/program files/microchip/xc32/v4.10/bin/bin/../../lib/gcc/pic32c/8.3.1/../../../../pic32c/lib/arm/v5te/nofp\libg-musl.a(tolower.o)
 .ARM.attributes
                0x000009e8       0x2d c:/program files/microchip/xc32/v4.10/bin/bin/../../lib/gcc/pic32c/8.3.1/../../../../pic32c/lib/arm/v5te/nofp\libg-musl.a(__errno_location.o)
 .ARM.attributes
                0x00000a15       0x2d c:/program files/microchip/xc32/v4.10/bin/bin/../../lib/gcc/pic32c/8.3.1/../../../../pic32c/lib/arm/v5te/nofp\libg-musl.a(__overflow.o)
 .ARM.attributes
                0x00000a42       0x2d c:/program files/microchip/xc32/v4.10/bin/bin/../../lib/gcc/pic32c/8.3.1/../../../../pic32c/lib/arm/v5te/nofp\libg-musl.a(__fmt_a.o)
 .ARM.attributes
                0x00000a6f       0x2d c:/program files/microchip/xc32/v4.10/bin/bin/../../lib/gcc/pic32c/8.3.1/../../../../pic32c/lib/arm/v5te/nofp\libg-musl.a(__fmt_d.o)
 .ARM.attributes
                0x00000a9c       0x2d c:/program files/microchip/xc32/v4.10/bin/bin/../../lib/gcc/pic32c/8.3.1/../../../../pic32c/lib/arm/v5te/nofp\libg-musl.a(__fmt_fp.o)
 .ARM.attributes
                0x00000ac9       0x2d c:/program files/microchip/xc32/v4.10/bin/bin/../../lib/gcc/pic32c/8.3.1/../../../../pic32c/lib/arm/v5te/nofp\libg-musl.a(__fmt_o.o)
 .ARM.attributes
                0x00000af6       0x2d c:/program files/microchip/xc32/v4.10/bin/bin/../../lib/gcc/pic32c/8.3.1/../../../../pic32c/lib/arm/v5te/nofp\libg-musl.a(__fmt_s.o)
 .ARM.attributes
                0x00000b23       0x2d c:/program files/microchip/xc32/v4.10/bin/bin/../../lib/gcc/pic32c/8.3.1/../../../../pic32c/lib/arm/v5te/nofp\libg-musl.a(__fmt_u.o)
 .ARM.attributes
                0x00000b50       0x2d c:/program files/microchip/xc32/v4.10/bin/bin/../../lib/gcc/pic32c/8.3.1/../../../../pic32c/lib/arm/v5te/nofp\libg-musl.a(__fmt_x.o)
 .ARM.attributes
                0x00000b7d       0x2d c:/program files/microchip/xc32/v4.10/bin/bin/../../lib/gcc/pic32c/8.3.1/../../../../pic32c/lib/arm/v5te/nofp\libg-musl.a(__fwrite.o)
 .ARM.attributes
                0x00000baa       0x2d c:/program files/microchip/xc32/v4.10/bin/bin/../../lib/gcc/pic32c/8.3.1/../../../../pic32c/lib/arm/v5te/nofp\libg-musl.a(__pop_float.o)
 .ARM.attributes
                0x00000bd7       0x2d c:/program files/microchip/xc32/v4.10/bin/bin/../../lib/gcc/pic32c/8.3.1/../../../../pic32c/lib/arm/v5te/nofp\libg-musl.a(__pop_int.o)
 .ARM.attributes
                0x00000c04       0x2d c:/program files/microchip/xc32/v4.10/bin/bin/../../lib/gcc/pic32c/8.3.1/../../../../pic32c/lib/arm/v5te/nofp\libg-musl.a(__pop_ptr.o)
 .ARM.attributes
                0x00000c31       0x2d c:/program files/microchip/xc32/v4.10/bin/bin/../../lib/gcc/pic32c/8.3.1/../../../../pic32c/lib/arm/v5te/nofp\libg-musl.a(strcpy.o)
 .ARM.attributes
                0x00000c5e       0x2d c:/program files/microchip/xc32/v4.10/bin/bin/../../lib/gcc/pic32c/8.3.1/../../../../pic32c/lib/arm/v5te/nofp\libg-musl.a(toupper.o)
 .ARM.attributes
                0x00000c8b       0x2d c:/program files/microchip/xc32/v4.10/bin/bin/../../lib/gcc/pic32c/8.3.1/../../../../pic32c/lib/arm/v5te/nofp\libg-musl.a(stpcpy.o)
 .ARM.attributes
                0x00000cb8       0x2d c:/program files/microchip/xc32/v4.10/bin/bin/../../lib/gcc/pic32c/8.3.1/../../../../pic32c/lib/arm/v5te/nofp\libm-musl.a(floor.o)
 .ARM.attributes
                0x00000ce5       0x2d c:/program files/microchip/xc32/v4.10/bin/bin/../../lib/gcc/pic32c/8.3.1/../../../../pic32c/lib/arm/v5te/nofp\libm-musl.a(fma.o)
 .ARM.attributes
                0x00000d12       0x2d c:/program files/microchip/xc32/v4.10/bin/bin/../../lib/gcc/pic32c/8.3.1/../../../../pic32c/lib/arm/v5te/nofp\libm-musl.a(scalbn.o)
 .ARM.attributes
                0x00000d3f       0x2b c:/program files/microchip/xc32/v4.10/bin/bin/../../lib/gcc/pic32c/8.3.1/../../../../pic32c/lib/arm/v5te/nofp\libpic32c.a(close.o)
 .ARM.attributes
                0x00000d6a       0x2b c:/program files/microchip/xc32/v4.10/bin/bin/../../lib/gcc/pic32c/8.3.1/../../../../pic32c/lib/arm/v5te/nofp\libpic32c.a(lseek.o)
 .ARM.attributes
                0x00000d95       0x2b c:/program files/microchip/xc32/v4.10/bin/bin/../../lib/gcc/pic32c/8.3.1/../../../../pic32c/lib/arm/v5te/nofp\libpic32c.a(sbrk.o)
 .ARM.attributes
                0x00000dc0       0x1d c:/program files/microchip/xc32/v4.10/bin/bin/../../lib/gcc/pic32c/8.3.1/arm/v5te/nofp\libgcc.a(_arm_addsubdf3.o)
 .ARM.attributes
                0x00000ddd       0x1d c:/program files/microchip/xc32/v4.10/bin/bin/../../lib/gcc/pic32c/8.3.1/arm/v5te/nofp\libgcc.a(_arm_muldivdf3.o)
 .ARM.attributes
                0x00000dfa       0x1d c:/program files/microchip/xc32/v4.10/bin/bin/../../lib/gcc/pic32c/8.3.1/arm/v5te/nofp\libgcc.a(_arm_cmpdf2.o)
 .ARM.attributes
                0x00000e17       0x1d c:/program files/microchip/xc32/v4.10/bin/bin/../../lib/gcc/pic32c/8.3.1/arm/v5te/nofp\libgcc.a(_arm_fixdfsi.o)
 .ARM.attributes
                0x00000e34       0x1d c:/program files/microchip/xc32/v4.10/bin/bin/../../lib/gcc/pic32c/8.3.1/arm/v5te/nofp\libgcc.a(_arm_truncdfsf2.o)
 .ARM.attributes
                0x00000e51       0x1d c:/program files/microchip/xc32/v4.10/bin/bin/../../lib/gcc/pic32c/8.3.1/arm/v5te/nofp/crtn.o

.comment        0x00000000       0x2b
 .comment       0x00000000       0x2b c:/program files/microchip/xc32/v4.10/bin/bin/../../lib/gcc/pic32c/8.3.1/arm/v5te/nofp/crtbegin.o
                                 0x2c (size before relaxing)
 .comment       0x0000002b       0x2c build/sam_9x60_ek_dma/debug/_ext/1658590313/plib_classd.o
 .comment       0x0000002b       0x2c build/sam_9x60_ek_dma/debug/_ext/183934530/bsp.o
 .comment       0x0000002b       0x2c build/sam_9x60_ek_dma/debug/_ext/19467845/plib_aic.o
 .comment       0x0000002b       0x2c build/sam_9x60_ek_dma/debug/_ext/19469868/plib_clk.o
 .comment       0x0000002b       0x2c build/sam_9x60_ek_dma/debug/_ext/603586082/plib_dbgu.o
 .comment       0x0000002b       0x2c build/sam_9x60_ek_dma/debug/_ext/19479519/plib_mmu.o
 .comment       0x0000002b       0x2c build/sam_9x60_ek_dma/debug/_ext/19482272/plib_pio.o
 .comment       0x0000002b       0x2c build/sam_9x60_ek_dma/debug/_ext/1939034075/plib_tc0.o
 .comment       0x0000002b       0x2c build/sam_9x60_ek_dma/debug/_ext/1549834605/plib_xdmac.o
 .comment       0x0000002b       0x2c build/sam_9x60_ek_dma/debug/_ext/683145676/xc32_monitor.o
 .comment       0x0000002b       0x2c build/sam_9x60_ek_dma/debug/_ext/1840972801/sys_int.o
 .comment       0x0000002b       0x2c build/sam_9x60_ek_dma/debug/_ext/1363450107/sys_time.o
 .comment       0x0000002b       0x2c build/sam_9x60_ek_dma/debug/_ext/1975788654/initialization.o
 .comment       0x0000002b       0x2c build/sam_9x60_ek_dma/debug/_ext/1975788654/interrupts.o
 .comment       0x0000002b       0x2c build/sam_9x60_ek_dma/debug/_ext/1975788654/fault_handlers.o
 .comment       0x0000002b       0x2c build/sam_9x60_ek_dma/debug/_ext/1975788654/tasks.o
 .comment       0x0000002b       0x2c build/sam_9x60_ek_dma/debug/_ext/1360937237/main.o
 .comment       0x0000002b       0x2c build/sam_9x60_ek_dma/debug/_ext/1360937237/app.o
 .comment       0x0000002b       0x2c c:/program files/microchip/xc32/v4.10/bin/bin/../../lib/gcc/pic32c/8.3.1/arm/v5te/nofp\libgcc.a(_udivmoddi4.o)
 .comment       0x0000002b       0x2c c:/program files/microchip/xc32/v4.10/bin/bin/../../lib/gcc/pic32c/8.3.1/../../../../pic32c/lib/arm/v5te/nofp\libg-musl.a(__libc_start_main.o)
 .comment       0x0000002b       0x2c c:/program files/microchip/xc32/v4.10/bin/bin/../../lib/gcc/pic32c/8.3.1/../../../../pic32c/lib/arm/v5te/nofp\libg-musl.a(libc.o)
 .comment       0x0000002b       0x2c c:/program files/microchip/xc32/v4.10/bin/bin/../../lib/gcc/pic32c/8.3.1/../../../../pic32c/lib/arm/v5te/nofp\libg-musl.a(stdin.o)
 .comment       0x0000002b       0x2c c:/program files/microchip/xc32/v4.10/bin/bin/../../lib/gcc/pic32c/8.3.1/../../../../pic32c/lib/arm/v5te/nofp\libg-musl.a(stdout.o)
 .comment       0x0000002b       0x2c c:/program files/microchip/xc32/v4.10/bin/bin/../../lib/gcc/pic32c/8.3.1/../../../../pic32c/lib/arm/v5te/nofp\libg-musl.a(printf.o)
 .comment       0x0000002b       0x2c c:/program files/microchip/xc32/v4.10/bin/bin/../../lib/gcc/pic32c/8.3.1/../../../../pic32c/lib/arm/v5te/nofp\libg-musl.a(puts.o)
 .comment       0x0000002b       0x2c c:/program files/microchip/xc32/v4.10/bin/bin/../../lib/gcc/pic32c/8.3.1/../../../../pic32c/lib/arm/v5te/nofp\libg-musl.a(setbuf.o)
 .comment       0x0000002b       0x2c c:/program files/microchip/xc32/v4.10/bin/bin/../../lib/gcc/pic32c/8.3.1/../../../../pic32c/lib/arm/v5te/nofp\libg-musl.a(memset.o)
 .comment       0x0000002b       0x2c c:/program files/microchip/xc32/v4.10/bin/bin/../../lib/gcc/pic32c/8.3.1/../../../../pic32c/lib/arm/v5te/nofp\libg-musl.a(__environ.o)
 .comment       0x0000002b       0x2c c:/program files/microchip/xc32/v4.10/bin/bin/../../lib/gcc/pic32c/8.3.1/../../../../pic32c/lib/arm/v5te/nofp\libg-musl.a(fputs.o)
 .comment       0x0000002b       0x2c c:/program files/microchip/xc32/v4.10/bin/bin/../../lib/gcc/pic32c/8.3.1/../../../../pic32c/lib/arm/v5te/nofp\libg-musl.a(__stdio_read.o)
 .comment       0x0000002b       0x2c c:/program files/microchip/xc32/v4.10/bin/bin/../../lib/gcc/pic32c/8.3.1/../../../../pic32c/lib/arm/v5te/nofp\libg-musl.a(__towrite_rw.o)
 .comment       0x0000002b       0x2c c:/program files/microchip/xc32/v4.10/bin/bin/../../lib/gcc/pic32c/8.3.1/../../../../pic32c/lib/arm/v5te/nofp\libg-musl.a(fwrite.o)
 .comment       0x0000002b       0x2c c:/program files/microchip/xc32/v4.10/bin/bin/../../lib/gcc/pic32c/8.3.1/../../../../pic32c/lib/arm/v5te/nofp\libg-musl.a(putc.o)
 .comment       0x0000002b       0x2c c:/program files/microchip/xc32/v4.10/bin/bin/../../lib/gcc/pic32c/8.3.1/../../../../pic32c/lib/arm/v5te/nofp\libg-musl.a(setvbuf.o)
 .comment       0x0000002b       0x2c c:/program files/microchip/xc32/v4.10/bin/bin/../../lib/gcc/pic32c/8.3.1/../../../../pic32c/lib/arm/v5te/nofp\libg-musl.a(vfprintf.o)
 .comment       0x0000002b       0x2c c:/program files/microchip/xc32/v4.10/bin/bin/../../lib/gcc/pic32c/8.3.1/../../../../pic32c/lib/arm/v5te/nofp\libg-musl.a(strlen.o)
 .comment       0x0000002b       0x2c c:/program files/microchip/xc32/v4.10/bin/bin/../../lib/gcc/pic32c/8.3.1/../../../../pic32c/lib/arm/v5te/nofp\libg-musl.a(readv.o)
 .comment       0x0000002b       0x2c c:/program files/microchip/xc32/v4.10/bin/bin/../../lib/gcc/pic32c/8.3.1/../../../../pic32c/lib/arm/v5te/nofp\libg-musl.a(malloc.o)
 .comment       0x0000002b       0x2c c:/program files/microchip/xc32/v4.10/bin/bin/../../lib/gcc/pic32c/8.3.1/../../../../pic32c/lib/arm/v5te/nofp\libg-musl.a(expand_heap.o)
 .comment       0x0000002b       0x2c c:/program files/microchip/xc32/v4.10/bin/bin/../../lib/gcc/pic32c/8.3.1/../../../../pic32c/lib/arm/v5te/nofp\libg-musl.a(__init_stdio.o)
 .comment       0x0000002b       0x2c c:/program files/microchip/xc32/v4.10/bin/bin/../../lib/gcc/pic32c/8.3.1/../../../../pic32c/lib/arm/v5te/nofp\libg-musl.a(__out.o)
 .comment       0x0000002b       0x2c c:/program files/microchip/xc32/v4.10/bin/bin/../../lib/gcc/pic32c/8.3.1/../../../../pic32c/lib/arm/v5te/nofp\libg-musl.a(__printf_core.o)
 .comment       0x0000002b       0x2c c:/program files/microchip/xc32/v4.10/bin/bin/../../lib/gcc/pic32c/8.3.1/../../../../pic32c/lib/arm/v5te/nofp\libg-musl.a(__putc.o)
 .comment       0x0000002b       0x2c c:/program files/microchip/xc32/v4.10/bin/bin/../../lib/gcc/pic32c/8.3.1/../../../../pic32c/lib/arm/v5te/nofp\libg-musl.a(__stderr.o)
 .comment       0x0000002b       0x2c c:/program files/microchip/xc32/v4.10/bin/bin/../../lib/gcc/pic32c/8.3.1/../../../../pic32c/lib/arm/v5te/nofp\libg-musl.a(__stdio_close.o)
 .comment       0x0000002b       0x2c c:/program files/microchip/xc32/v4.10/bin/bin/../../lib/gcc/pic32c/8.3.1/../../../../pic32c/lib/arm/v5te/nofp\libg-musl.a(__stdio_write.o)
 .comment       0x0000002b       0x2c c:/program files/microchip/xc32/v4.10/bin/bin/../../lib/gcc/pic32c/8.3.1/../../../../pic32c/lib/arm/v5te/nofp\libg-musl.a(__stdout.o)
 .comment       0x0000002b       0x2c c:/program files/microchip/xc32/v4.10/bin/bin/../../lib/gcc/pic32c/8.3.1/../../../../pic32c/lib/arm/v5te/nofp\libg-musl.a(__towrite.o)
 .comment       0x0000002b       0x2c c:/program files/microchip/xc32/v4.10/bin/bin/../../lib/gcc/pic32c/8.3.1/../../../../pic32c/lib/arm/v5te/nofp\libg-musl.a(atoi.o)
 .comment       0x0000002b       0x2c c:/program files/microchip/xc32/v4.10/bin/bin/../../lib/gcc/pic32c/8.3.1/../../../../pic32c/lib/arm/v5te/nofp\libg-musl.a(memcpy.o)
 .comment       0x0000002b       0x2c c:/program files/microchip/xc32/v4.10/bin/bin/../../lib/gcc/pic32c/8.3.1/../../../../pic32c/lib/arm/v5te/nofp\libg-musl.a(writev.o)
 .comment       0x0000002b       0x2c c:/program files/microchip/xc32/v4.10/bin/bin/../../lib/gcc/pic32c/8.3.1/../../../../pic32c/lib/arm/v5te/nofp\libg-musl.a(tolower.o)
 .comment       0x0000002b       0x2c c:/program files/microchip/xc32/v4.10/bin/bin/../../lib/gcc/pic32c/8.3.1/../../../../pic32c/lib/arm/v5te/nofp\libg-musl.a(__errno_location.o)
 .comment       0x0000002b       0x2c c:/program files/microchip/xc32/v4.10/bin/bin/../../lib/gcc/pic32c/8.3.1/../../../../pic32c/lib/arm/v5te/nofp\libg-musl.a(__overflow.o)
 .comment       0x0000002b       0x2c c:/program files/microchip/xc32/v4.10/bin/bin/../../lib/gcc/pic32c/8.3.1/../../../../pic32c/lib/arm/v5te/nofp\libg-musl.a(__fmt_a.o)
 .comment       0x0000002b       0x2c c:/program files/microchip/xc32/v4.10/bin/bin/../../lib/gcc/pic32c/8.3.1/../../../../pic32c/lib/arm/v5te/nofp\libg-musl.a(__fmt_d.o)
 .comment       0x0000002b       0x2c c:/program files/microchip/xc32/v4.10/bin/bin/../../lib/gcc/pic32c/8.3.1/../../../../pic32c/lib/arm/v5te/nofp\libg-musl.a(__fmt_fp.o)
 .comment       0x0000002b       0x2c c:/program files/microchip/xc32/v4.10/bin/bin/../../lib/gcc/pic32c/8.3.1/../../../../pic32c/lib/arm/v5te/nofp\libg-musl.a(__fmt_o.o)
 .comment       0x0000002b       0x2c c:/program files/microchip/xc32/v4.10/bin/bin/../../lib/gcc/pic32c/8.3.1/../../../../pic32c/lib/arm/v5te/nofp\libg-musl.a(__fmt_s.o)
 .comment       0x0000002b       0x2c c:/program files/microchip/xc32/v4.10/bin/bin/../../lib/gcc/pic32c/8.3.1/../../../../pic32c/lib/arm/v5te/nofp\libg-musl.a(__fmt_u.o)
 .comment       0x0000002b       0x2c c:/program files/microchip/xc32/v4.10/bin/bin/../../lib/gcc/pic32c/8.3.1/../../../../pic32c/lib/arm/v5te/nofp\libg-musl.a(__fmt_x.o)
 .comment       0x0000002b       0x2c c:/program files/microchip/xc32/v4.10/bin/bin/../../lib/gcc/pic32c/8.3.1/../../../../pic32c/lib/arm/v5te/nofp\libg-musl.a(__fwrite.o)
 .comment       0x0000002b       0x2c c:/program files/microchip/xc32/v4.10/bin/bin/../../lib/gcc/pic32c/8.3.1/../../../../pic32c/lib/arm/v5te/nofp\libg-musl.a(__pop_float.o)
 .comment       0x0000002b       0x2c c:/program files/microchip/xc32/v4.10/bin/bin/../../lib/gcc/pic32c/8.3.1/../../../../pic32c/lib/arm/v5te/nofp\libg-musl.a(__pop_int.o)
 .comment       0x0000002b       0x2c c:/program files/microchip/xc32/v4.10/bin/bin/../../lib/gcc/pic32c/8.3.1/../../../../pic32c/lib/arm/v5te/nofp\libg-musl.a(__pop_ptr.o)
 .comment       0x0000002b       0x2c c:/program files/microchip/xc32/v4.10/bin/bin/../../lib/gcc/pic32c/8.3.1/../../../../pic32c/lib/arm/v5te/nofp\libg-musl.a(strcpy.o)
 .comment       0x0000002b       0x2c c:/program files/microchip/xc32/v4.10/bin/bin/../../lib/gcc/pic32c/8.3.1/../../../../pic32c/lib/arm/v5te/nofp\libg-musl.a(toupper.o)
 .comment       0x0000002b       0x2c c:/program files/microchip/xc32/v4.10/bin/bin/../../lib/gcc/pic32c/8.3.1/../../../../pic32c/lib/arm/v5te/nofp\libg-musl.a(stpcpy.o)
 .comment       0x0000002b       0x2c c:/program files/microchip/xc32/v4.10/bin/bin/../../lib/gcc/pic32c/8.3.1/../../../../pic32c/lib/arm/v5te/nofp\libm-musl.a(floor.o)
 .comment       0x0000002b       0x2c c:/program files/microchip/xc32/v4.10/bin/bin/../../lib/gcc/pic32c/8.3.1/../../../../pic32c/lib/arm/v5te/nofp\libm-musl.a(fma.o)
 .comment       0x0000002b       0x2c c:/program files/microchip/xc32/v4.10/bin/bin/../../lib/gcc/pic32c/8.3.1/../../../../pic32c/lib/arm/v5te/nofp\libm-musl.a(scalbn.o)
 .comment       0x0000002b       0x2c c:/program files/microchip/xc32/v4.10/bin/bin/../../lib/gcc/pic32c/8.3.1/../../../../pic32c/lib/arm/v5te/nofp\libpic32c.a(close.o)
 .comment       0x0000002b       0x2c c:/program files/microchip/xc32/v4.10/bin/bin/../../lib/gcc/pic32c/8.3.1/../../../../pic32c/lib/arm/v5te/nofp\libpic32c.a(lseek.o)
 .comment       0x0000002b       0x2c c:/program files/microchip/xc32/v4.10/bin/bin/../../lib/gcc/pic32c/8.3.1/../../../../pic32c/lib/arm/v5te/nofp\libpic32c.a(sbrk.o)

.debug_info     0x00000000    0x1f782
 .debug_info    0x00000000      0xb9f build/sam_9x60_ek_dma/debug/_ext/1658590313/plib_classd.o
 .debug_info    0x00000b9f      0x942 build/sam_9x60_ek_dma/debug/_ext/183934530/bsp.o
 .debug_info    0x000014e1      0xa35 build/sam_9x60_ek_dma/debug/_ext/19467845/plib_aic.o
 .debug_info    0x00001f16      0x888 build/sam_9x60_ek_dma/debug/_ext/19469868/plib_clk.o
 .debug_info    0x0000279e      0x9c0 build/sam_9x60_ek_dma/debug/_ext/603586082/plib_dbgu.o
 .debug_info    0x0000315e      0xe04 build/sam_9x60_ek_dma/debug/_ext/19479519/plib_mmu.o
 .debug_info    0x00003f62      0xed2 build/sam_9x60_ek_dma/debug/_ext/19482272/plib_pio.o
 .debug_info    0x00004e34      0x94d build/sam_9x60_ek_dma/debug/_ext/1939034075/plib_tc0.o
 .debug_info    0x00005781      0xd28 build/sam_9x60_ek_dma/debug/_ext/1549834605/plib_xdmac.o
 .debug_info    0x000064a9      0x445 build/sam_9x60_ek_dma/debug/_ext/683145676/xc32_monitor.o
 .debug_info    0x000068ee     0x1127 build/sam_9x60_ek_dma/debug/_ext/1840972801/sys_int.o
 .debug_info    0x00007a15     0x29cf build/sam_9x60_ek_dma/debug/_ext/1363450107/sys_time.o
 .debug_info    0x0000a3e4     0x1183 build/sam_9x60_ek_dma/debug/_ext/1975788654/initialization.o
 .debug_info    0x0000b567      0x7da build/sam_9x60_ek_dma/debug/_ext/1975788654/interrupts.o
 .debug_info    0x0000bd41       0x22 build/sam_9x60_ek_dma/debug/_ext/1975788654/cstartup.o
 .debug_info    0x0000bd63      0x2ce build/sam_9x60_ek_dma/debug/_ext/1975788654/fault_handlers.o
 .debug_info    0x0000c031      0x30f build/sam_9x60_ek_dma/debug/_ext/1975788654/tasks.o
 .debug_info    0x0000c340      0x317 build/sam_9x60_ek_dma/debug/_ext/1360937237/main.o
 .debug_info    0x0000c657      0xf57 build/sam_9x60_ek_dma/debug/_ext/1360937237/app.o
 .debug_info    0x0000d5ae       0x26 c:/program files/microchip/xc32/v4.10/bin/bin/../../lib/gcc/pic32c/8.3.1/arm/v5te/nofp\libgcc.a(_udivsi3.o)
 .debug_info    0x0000d5d4       0x26 c:/program files/microchip/xc32/v4.10/bin/bin/../../lib/gcc/pic32c/8.3.1/arm/v5te/nofp\libgcc.a(_divsi3.o)
 .debug_info    0x0000d5fa       0x26 c:/program files/microchip/xc32/v4.10/bin/bin/../../lib/gcc/pic32c/8.3.1/arm/v5te/nofp\libgcc.a(_dvmd_tls.o)
 .debug_info    0x0000d620       0x26 c:/program files/microchip/xc32/v4.10/bin/bin/../../lib/gcc/pic32c/8.3.1/arm/v5te/nofp\libgcc.a(_aeabi_uldivmod.o)
 .debug_info    0x0000d646      0x423 c:/program files/microchip/xc32/v4.10/bin/bin/../../lib/gcc/pic32c/8.3.1/arm/v5te/nofp\libgcc.a(_udivmoddi4.o)
 .debug_info    0x0000da69      0x617 c:/program files/microchip/xc32/v4.10/bin/bin/../../lib/gcc/pic32c/8.3.1/../../../../pic32c/lib/arm/v5te/nofp\libg-musl.a(__libc_start_main.o)
 .debug_info    0x0000e080      0x529 c:/program files/microchip/xc32/v4.10/bin/bin/../../lib/gcc/pic32c/8.3.1/../../../../pic32c/lib/arm/v5te/nofp\libg-musl.a(libc.o)
 .debug_info    0x0000e5a9      0x6bb c:/program files/microchip/xc32/v4.10/bin/bin/../../lib/gcc/pic32c/8.3.1/../../../../pic32c/lib/arm/v5te/nofp\libg-musl.a(stdin.o)
 .debug_info    0x0000ec64      0x477 c:/program files/microchip/xc32/v4.10/bin/bin/../../lib/gcc/pic32c/8.3.1/../../../../pic32c/lib/arm/v5te/nofp\libg-musl.a(stdout.o)
 .debug_info    0x0000f0db      0x331 c:/program files/microchip/xc32/v4.10/bin/bin/../../lib/gcc/pic32c/8.3.1/../../../../pic32c/lib/arm/v5te/nofp\libg-musl.a(printf.o)
 .debug_info    0x0000f40c      0x63c c:/program files/microchip/xc32/v4.10/bin/bin/../../lib/gcc/pic32c/8.3.1/../../../../pic32c/lib/arm/v5te/nofp\libg-musl.a(puts.o)
 .debug_info    0x0000fa48      0x2dc c:/program files/microchip/xc32/v4.10/bin/bin/../../lib/gcc/pic32c/8.3.1/../../../../pic32c/lib/arm/v5te/nofp\libg-musl.a(setbuf.o)
 .debug_info    0x0000fd24      0x2a9 c:/program files/microchip/xc32/v4.10/bin/bin/../../lib/gcc/pic32c/8.3.1/../../../../pic32c/lib/arm/v5te/nofp\libg-musl.a(memset.o)
 .debug_info    0x0000ffcd      0x2a3 c:/program files/microchip/xc32/v4.10/bin/bin/../../lib/gcc/pic32c/8.3.1/../../../../pic32c/lib/arm/v5te/nofp\libg-musl.a(__environ.o)
 .debug_info    0x00010270      0x64c c:/program files/microchip/xc32/v4.10/bin/bin/../../lib/gcc/pic32c/8.3.1/../../../../pic32c/lib/arm/v5te/nofp\libg-musl.a(fputs.o)
 .debug_info    0x000108bc      0x69f c:/program files/microchip/xc32/v4.10/bin/bin/../../lib/gcc/pic32c/8.3.1/../../../../pic32c/lib/arm/v5te/nofp\libg-musl.a(__stdio_read.o)
 .debug_info    0x00010f5b      0x5ce c:/program files/microchip/xc32/v4.10/bin/bin/../../lib/gcc/pic32c/8.3.1/../../../../pic32c/lib/arm/v5te/nofp\libg-musl.a(__towrite_rw.o)
 .debug_info    0x00011529      0x4c7 c:/program files/microchip/xc32/v4.10/bin/bin/../../lib/gcc/pic32c/8.3.1/../../../../pic32c/lib/arm/v5te/nofp\libg-musl.a(fwrite.o)
 .debug_info    0x000119f0      0x49b c:/program files/microchip/xc32/v4.10/bin/bin/../../lib/gcc/pic32c/8.3.1/../../../../pic32c/lib/arm/v5te/nofp\libg-musl.a(putc.o)
 .debug_info    0x00011e8b      0x542 c:/program files/microchip/xc32/v4.10/bin/bin/../../lib/gcc/pic32c/8.3.1/../../../../pic32c/lib/arm/v5te/nofp\libg-musl.a(setvbuf.o)
 .debug_info    0x000123cd      0x6b7 c:/program files/microchip/xc32/v4.10/bin/bin/../../lib/gcc/pic32c/8.3.1/../../../../pic32c/lib/arm/v5te/nofp\libg-musl.a(vfprintf.o)
 .debug_info    0x00012a84      0x29a c:/program files/microchip/xc32/v4.10/bin/bin/../../lib/gcc/pic32c/8.3.1/../../../../pic32c/lib/arm/v5te/nofp\libg-musl.a(strlen.o)
 .debug_info    0x00012d1e      0x35a c:/program files/microchip/xc32/v4.10/bin/bin/../../lib/gcc/pic32c/8.3.1/../../../../pic32c/lib/arm/v5te/nofp\libg-musl.a(readv.o)
 .debug_info    0x00013078     0x1394 c:/program files/microchip/xc32/v4.10/bin/bin/../../lib/gcc/pic32c/8.3.1/../../../../pic32c/lib/arm/v5te/nofp\libg-musl.a(malloc.o)
 .debug_info    0x0001440c      0x370 c:/program files/microchip/xc32/v4.10/bin/bin/../../lib/gcc/pic32c/8.3.1/../../../../pic32c/lib/arm/v5te/nofp\libg-musl.a(expand_heap.o)
 .debug_info    0x0001477c      0x320 c:/program files/microchip/xc32/v4.10/bin/bin/../../lib/gcc/pic32c/8.3.1/../../../../pic32c/lib/arm/v5te/nofp\libg-musl.a(__init_stdio.o)
 .debug_info    0x00014a9c      0x524 c:/program files/microchip/xc32/v4.10/bin/bin/../../lib/gcc/pic32c/8.3.1/../../../../pic32c/lib/arm/v5te/nofp\libg-musl.a(__out.o)
 .debug_info    0x00014fc0      0xceb c:/program files/microchip/xc32/v4.10/bin/bin/../../lib/gcc/pic32c/8.3.1/../../../../pic32c/lib/arm/v5te/nofp\libg-musl.a(__printf_core.o)
 .debug_info    0x00015cab      0x4f9 c:/program files/microchip/xc32/v4.10/bin/bin/../../lib/gcc/pic32c/8.3.1/../../../../pic32c/lib/arm/v5te/nofp\libg-musl.a(__putc.o)
 .debug_info    0x000161a4      0x65f c:/program files/microchip/xc32/v4.10/bin/bin/../../lib/gcc/pic32c/8.3.1/../../../../pic32c/lib/arm/v5te/nofp\libg-musl.a(__stderr.o)
 .debug_info    0x00016803      0x6ae c:/program files/microchip/xc32/v4.10/bin/bin/../../lib/gcc/pic32c/8.3.1/../../../../pic32c/lib/arm/v5te/nofp\libg-musl.a(__stdio_close.o)
 .debug_info    0x00016eb1      0x6ec c:/program files/microchip/xc32/v4.10/bin/bin/../../lib/gcc/pic32c/8.3.1/../../../../pic32c/lib/arm/v5te/nofp\libg-musl.a(__stdio_write.o)
 .debug_info    0x0001759d      0x65f c:/program files/microchip/xc32/v4.10/bin/bin/../../lib/gcc/pic32c/8.3.1/../../../../pic32c/lib/arm/v5te/nofp\libg-musl.a(__stdout.o)
 .debug_info    0x00017bfc      0x4ea c:/program files/microchip/xc32/v4.10/bin/bin/../../lib/gcc/pic32c/8.3.1/../../../../pic32c/lib/arm/v5te/nofp\libg-musl.a(__towrite.o)
 .debug_info    0x000180e6      0x2ef c:/program files/microchip/xc32/v4.10/bin/bin/../../lib/gcc/pic32c/8.3.1/../../../../pic32c/lib/arm/v5te/nofp\libg-musl.a(atoi.o)
 .debug_info    0x000183d5      0x2ea c:/program files/microchip/xc32/v4.10/bin/bin/../../lib/gcc/pic32c/8.3.1/../../../../pic32c/lib/arm/v5te/nofp\libg-musl.a(memcpy.o)
 .debug_info    0x000186bf      0x35e c:/program files/microchip/xc32/v4.10/bin/bin/../../lib/gcc/pic32c/8.3.1/../../../../pic32c/lib/arm/v5te/nofp\libg-musl.a(writev.o)
 .debug_info    0x00018a1d      0x347 c:/program files/microchip/xc32/v4.10/bin/bin/../../lib/gcc/pic32c/8.3.1/../../../../pic32c/lib/arm/v5te/nofp\libg-musl.a(tolower.o)
 .debug_info    0x00018d64      0x267 c:/program files/microchip/xc32/v4.10/bin/bin/../../lib/gcc/pic32c/8.3.1/../../../../pic32c/lib/arm/v5te/nofp\libg-musl.a(__errno_location.o)
 .debug_info    0x00018fcb      0x61c c:/program files/microchip/xc32/v4.10/bin/bin/../../lib/gcc/pic32c/8.3.1/../../../../pic32c/lib/arm/v5te/nofp\libg-musl.a(__overflow.o)
 .debug_info    0x000195e7      0x8c6 c:/program files/microchip/xc32/v4.10/bin/bin/../../lib/gcc/pic32c/8.3.1/../../../../pic32c/lib/arm/v5te/nofp\libg-musl.a(__fmt_a.o)
 .debug_info    0x00019ead      0x5b6 c:/program files/microchip/xc32/v4.10/bin/bin/../../lib/gcc/pic32c/8.3.1/../../../../pic32c/lib/arm/v5te/nofp\libg-musl.a(__fmt_d.o)
 .debug_info    0x0001a463      0x9c7 c:/program files/microchip/xc32/v4.10/bin/bin/../../lib/gcc/pic32c/8.3.1/../../../../pic32c/lib/arm/v5te/nofp\libg-musl.a(__fmt_fp.o)
 .debug_info    0x0001ae2a      0x587 c:/program files/microchip/xc32/v4.10/bin/bin/../../lib/gcc/pic32c/8.3.1/../../../../pic32c/lib/arm/v5te/nofp\libg-musl.a(__fmt_o.o)
 .debug_info    0x0001b3b1      0x5c8 c:/program files/microchip/xc32/v4.10/bin/bin/../../lib/gcc/pic32c/8.3.1/../../../../pic32c/lib/arm/v5te/nofp\libg-musl.a(__fmt_s.o)
 .debug_info    0x0001b979      0x64a c:/program files/microchip/xc32/v4.10/bin/bin/../../lib/gcc/pic32c/8.3.1/../../../../pic32c/lib/arm/v5te/nofp\libg-musl.a(__fmt_u.o)
 .debug_info    0x0001bfc3      0x5ed c:/program files/microchip/xc32/v4.10/bin/bin/../../lib/gcc/pic32c/8.3.1/../../../../pic32c/lib/arm/v5te/nofp\libg-musl.a(__fmt_x.o)
 .debug_info    0x0001c5b0      0x57e c:/program files/microchip/xc32/v4.10/bin/bin/../../lib/gcc/pic32c/8.3.1/../../../../pic32c/lib/arm/v5te/nofp\libg-musl.a(__fwrite.o)
 .debug_info    0x0001cb2e      0x3d1 c:/program files/microchip/xc32/v4.10/bin/bin/../../lib/gcc/pic32c/8.3.1/../../../../pic32c/lib/arm/v5te/nofp\libg-musl.a(__pop_float.o)
 .debug_info    0x0001ceff      0x3f5 c:/program files/microchip/xc32/v4.10/bin/bin/../../lib/gcc/pic32c/8.3.1/../../../../pic32c/lib/arm/v5te/nofp\libg-musl.a(__pop_int.o)
 .debug_info    0x0001d2f4      0x3fa c:/program files/microchip/xc32/v4.10/bin/bin/../../lib/gcc/pic32c/8.3.1/../../../../pic32c/lib/arm/v5te/nofp\libg-musl.a(__pop_ptr.o)
 .debug_info    0x0001d6ee      0x2a8 c:/program files/microchip/xc32/v4.10/bin/bin/../../lib/gcc/pic32c/8.3.1/../../../../pic32c/lib/arm/v5te/nofp\libg-musl.a(strcpy.o)
 .debug_info    0x0001d996      0x347 c:/program files/microchip/xc32/v4.10/bin/bin/../../lib/gcc/pic32c/8.3.1/../../../../pic32c/lib/arm/v5te/nofp\libg-musl.a(toupper.o)
 .debug_info    0x0001dcdd      0x2ac c:/program files/microchip/xc32/v4.10/bin/bin/../../lib/gcc/pic32c/8.3.1/../../../../pic32c/lib/arm/v5te/nofp\libg-musl.a(stpcpy.o)
 .debug_info    0x0001df89      0x3d8 c:/program files/microchip/xc32/v4.10/bin/bin/../../lib/gcc/pic32c/8.3.1/../../../../pic32c/lib/arm/v5te/nofp\libm-musl.a(floor.o)
 .debug_info    0x0001e361      0x87b c:/program files/microchip/xc32/v4.10/bin/bin/../../lib/gcc/pic32c/8.3.1/../../../../pic32c/lib/arm/v5te/nofp\libm-musl.a(fma.o)
 .debug_info    0x0001ebdc      0x363 c:/program files/microchip/xc32/v4.10/bin/bin/../../lib/gcc/pic32c/8.3.1/../../../../pic32c/lib/arm/v5te/nofp\libm-musl.a(scalbn.o)
 .debug_info    0x0001ef3f      0x282 c:/program files/microchip/xc32/v4.10/bin/bin/../../lib/gcc/pic32c/8.3.1/../../../../pic32c/lib/arm/v5te/nofp\libpic32c.a(close.o)
 .debug_info    0x0001f1c1      0x282 c:/program files/microchip/xc32/v4.10/bin/bin/../../lib/gcc/pic32c/8.3.1/../../../../pic32c/lib/arm/v5te/nofp\libpic32c.a(lseek.o)
 .debug_info    0x0001f443      0x281 c:/program files/microchip/xc32/v4.10/bin/bin/../../lib/gcc/pic32c/8.3.1/../../../../pic32c/lib/arm/v5te/nofp\libpic32c.a(sbrk.o)
 .debug_info    0x0001f6c4       0x26 c:/program files/microchip/xc32/v4.10/bin/bin/../../lib/gcc/pic32c/8.3.1/arm/v5te/nofp\libgcc.a(_arm_addsubdf3.o)
 .debug_info    0x0001f6ea       0x26 c:/program files/microchip/xc32/v4.10/bin/bin/../../lib/gcc/pic32c/8.3.1/arm/v5te/nofp\libgcc.a(_arm_muldivdf3.o)
 .debug_info    0x0001f710       0x26 c:/program files/microchip/xc32/v4.10/bin/bin/../../lib/gcc/pic32c/8.3.1/arm/v5te/nofp\libgcc.a(_arm_cmpdf2.o)
 .debug_info    0x0001f736       0x26 c:/program files/microchip/xc32/v4.10/bin/bin/../../lib/gcc/pic32c/8.3.1/arm/v5te/nofp\libgcc.a(_arm_fixdfsi.o)
 .debug_info    0x0001f75c       0x26 c:/program files/microchip/xc32/v4.10/bin/bin/../../lib/gcc/pic32c/8.3.1/arm/v5te/nofp\libgcc.a(_arm_truncdfsf2.o)

.debug_abbrev   0x00000000     0x5bd0
 .debug_abbrev  0x00000000      0x231 build/sam_9x60_ek_dma/debug/_ext/1658590313/plib_classd.o
 .debug_abbrev  0x00000231       0x99 build/sam_9x60_ek_dma/debug/_ext/183934530/bsp.o
 .debug_abbrev  0x000002ca      0x1f0 build/sam_9x60_ek_dma/debug/_ext/19467845/plib_aic.o
 .debug_abbrev  0x000004ba      0x151 build/sam_9x60_ek_dma/debug/_ext/19469868/plib_clk.o
 .debug_abbrev  0x0000060b      0x22c build/sam_9x60_ek_dma/debug/_ext/603586082/plib_dbgu.o
 .debug_abbrev  0x00000837      0x242 build/sam_9x60_ek_dma/debug/_ext/19479519/plib_mmu.o
 .debug_abbrev  0x00000a79      0x255 build/sam_9x60_ek_dma/debug/_ext/19482272/plib_pio.o
 .debug_abbrev  0x00000cce      0x1bb build/sam_9x60_ek_dma/debug/_ext/1939034075/plib_tc0.o
 .debug_abbrev  0x00000e89      0x25b build/sam_9x60_ek_dma/debug/_ext/1549834605/plib_xdmac.o
 .debug_abbrev  0x000010e4       0xb9 build/sam_9x60_ek_dma/debug/_ext/683145676/xc32_monitor.o
 .debug_abbrev  0x0000119d      0x290 build/sam_9x60_ek_dma/debug/_ext/1840972801/sys_int.o
 .debug_abbrev  0x0000142d      0x58b build/sam_9x60_ek_dma/debug/_ext/1363450107/sys_time.o
 .debug_abbrev  0x000019b8      0x26c build/sam_9x60_ek_dma/debug/_ext/1975788654/initialization.o
 .debug_abbrev  0x00001c24       0xf9 build/sam_9x60_ek_dma/debug/_ext/1975788654/interrupts.o
 .debug_abbrev  0x00001d1d       0x12 build/sam_9x60_ek_dma/debug/_ext/1975788654/cstartup.o
 .debug_abbrev  0x00001d2f       0x33 build/sam_9x60_ek_dma/debug/_ext/1975788654/fault_handlers.o
 .debug_abbrev  0x00001d62       0x5c build/sam_9x60_ek_dma/debug/_ext/1975788654/tasks.o
 .debug_abbrev  0x00001dbe       0x77 build/sam_9x60_ek_dma/debug/_ext/1360937237/main.o
 .debug_abbrev  0x00001e35      0x276 build/sam_9x60_ek_dma/debug/_ext/1360937237/app.o
 .debug_abbrev  0x000020ab       0x14 c:/program files/microchip/xc32/v4.10/bin/bin/../../lib/gcc/pic32c/8.3.1/arm/v5te/nofp\libgcc.a(_udivsi3.o)
 .debug_abbrev  0x000020bf       0x14 c:/program files/microchip/xc32/v4.10/bin/bin/../../lib/gcc/pic32c/8.3.1/arm/v5te/nofp\libgcc.a(_divsi3.o)
 .debug_abbrev  0x000020d3       0x14 c:/program files/microchip/xc32/v4.10/bin/bin/../../lib/gcc/pic32c/8.3.1/arm/v5te/nofp\libgcc.a(_dvmd_tls.o)
 .debug_abbrev  0x000020e7       0x14 c:/program files/microchip/xc32/v4.10/bin/bin/../../lib/gcc/pic32c/8.3.1/arm/v5te/nofp\libgcc.a(_aeabi_uldivmod.o)
 .debug_abbrev  0x000020fb       0x8e c:/program files/microchip/xc32/v4.10/bin/bin/../../lib/gcc/pic32c/8.3.1/arm/v5te/nofp\libgcc.a(_udivmoddi4.o)
 .debug_abbrev  0x00002189      0x117 c:/program files/microchip/xc32/v4.10/bin/bin/../../lib/gcc/pic32c/8.3.1/../../../../pic32c/lib/arm/v5te/nofp\libg-musl.a(__libc_start_main.o)
 .debug_abbrev  0x000022a0       0xb8 c:/program files/microchip/xc32/v4.10/bin/bin/../../lib/gcc/pic32c/8.3.1/../../../../pic32c/lib/arm/v5te/nofp\libg-musl.a(libc.o)
 .debug_abbrev  0x00002358      0x178 c:/program files/microchip/xc32/v4.10/bin/bin/../../lib/gcc/pic32c/8.3.1/../../../../pic32c/lib/arm/v5te/nofp\libg-musl.a(stdin.o)
 .debug_abbrev  0x000024d0      0x135 c:/program files/microchip/xc32/v4.10/bin/bin/../../lib/gcc/pic32c/8.3.1/../../../../pic32c/lib/arm/v5te/nofp\libg-musl.a(stdout.o)
 .debug_abbrev  0x00002605      0x112 c:/program files/microchip/xc32/v4.10/bin/bin/../../lib/gcc/pic32c/8.3.1/../../../../pic32c/lib/arm/v5te/nofp\libg-musl.a(printf.o)
 .debug_abbrev  0x00002717      0x151 c:/program files/microchip/xc32/v4.10/bin/bin/../../lib/gcc/pic32c/8.3.1/../../../../pic32c/lib/arm/v5te/nofp\libg-musl.a(puts.o)
 .debug_abbrev  0x00002868       0xa0 c:/program files/microchip/xc32/v4.10/bin/bin/../../lib/gcc/pic32c/8.3.1/../../../../pic32c/lib/arm/v5te/nofp\libg-musl.a(setbuf.o)